SELECT asEWKT(fromMFJSON(asMFJSON(tgeompoint 'Point(1 2)@2000-01-01')));
              asewkt               
-----------------------------------
 POINT(1 2)@2000-01-01 00:00:00+00
(1 row)

SELECT asEWKT(fromMFJSON(asMFJSON(tgeompoint '{Point(1 2)@2000-01-01, Point(3 4)@2000-01-02}')));
                                 asewkt                                 
------------------------------------------------------------------------
 {POINT(1 2)@2000-01-01 00:00:00+00, POINT(3 4)@2000-01-02 00:00:00+00}
(1 row)

SELECT asEWKT(fromMFJSON(asMFJSON(tgeompoint '[Point(1 2)@2000-01-01, Point(3 4)@2000-01-02]')));
                                 asewkt                                 
------------------------------------------------------------------------
 [POINT(1 2)@2000-01-01 00:00:00+00, POINT(3 4)@2000-01-02 00:00:00+00]
(1 row)

SELECT asEWKT(fromMFJSON(asMFJSON(tgeompoint '[Point(1 2)@2000-01-01, Point(3 4)@2000-01-02)')));
                                 asewkt                                 
------------------------------------------------------------------------
 [POINT(1 2)@2000-01-01 00:00:00+00, POINT(3 4)@2000-01-02 00:00:00+00)
(1 row)

SELECT asEWKT(fromMFJSON(asMFJSON(tgeompoint '(Point(1 2)@2000-01-01, Point(3 4)@2000-01-02]')));
                                 asewkt                                 
------------------------------------------------------------------------
 (POINT(1 2)@2000-01-01 00:00:00+00, POINT(3 4)@2000-01-02 00:00:00+00]
(1 row)

SELECT asEWKT(fromMFJSON(asMFJSON(tgeompoint '(Point(1 2)@2000-01-01, Point(3 4)@2000-01-02)')));
                                 asewkt                                 
------------------------------------------------------------------------
 (POINT(1 2)@2000-01-01 00:00:00+00, POINT(3 4)@2000-01-02 00:00:00+00)
(1 row)

SELECT asEWKT(fromMFJSON(asMFJSON(tgeompoint '{[Point(1 2)@2000-01-01, Point(3 4)@2000-01-02],[Point(1 2)@2000-01-03, Point(3 4)@2000-01-04]}')));
                                                                      asewkt                                                                      
--------------------------------------------------------------------------------------------------------------------------------------------------
 {[POINT(1 2)@2000-01-01 00:00:00+00, POINT(3 4)@2000-01-02 00:00:00+00], [POINT(1 2)@2000-01-03 00:00:00+00, POINT(3 4)@2000-01-04 00:00:00+00]}
(1 row)

SELECT asEWKT(fromMFJSON(asMFJSON(tgeompoint 'SRID=4326;Point(1 2 3)@2000-01-01',1,2)));
                      asewkt                      
--------------------------------------------------
 SRID=4326;POINT Z (1 2 3)@2000-01-01 00:00:00+00
(1 row)

SELECT asEWKT(fromMFJSON(asMFJSON(tgeompoint 'SRID=4326;{Point(1 2 3)@2000-01-01, Point(4 5 6)@2000-01-02}',1,2)));
                                           asewkt                                           
--------------------------------------------------------------------------------------------
 SRID=4326;{POINT Z (1 2 3)@2000-01-01 00:00:00+00, POINT Z (4 5 6)@2000-01-02 00:00:00+00}
(1 row)

SELECT asEWKT(fromMFJSON(asMFJSON(tgeompoint 'SRID=4326;[Point(1 2 3)@2000-01-01, Point(4 5 6)@2000-01-02]',1,2)));
                                           asewkt                                           
--------------------------------------------------------------------------------------------
 SRID=4326;[POINT Z (1 2 3)@2000-01-01 00:00:00+00, POINT Z (4 5 6)@2000-01-02 00:00:00+00]
(1 row)

SELECT asEWKT(fromMFJSON(asMFJSON(tgeompoint 'SRID=4326;{[Point(1 2 3)@2000-01-01, Point(4 5 6)@2000-01-02],[Point(1 2 3)@2000-01-03, Point(4 5 6)@2000-01-04]}',1,2)));
                                                                                     asewkt                                                                                     
--------------------------------------------------------------------------------------------------------------------------------------------------------------------------------
 SRID=4326;{[POINT Z (1 2 3)@2000-01-01 00:00:00+00, POINT Z (4 5 6)@2000-01-02 00:00:00+00], [POINT Z (1 2 3)@2000-01-03 00:00:00+00, POINT Z (4 5 6)@2000-01-04 00:00:00+00]}
(1 row)

SELECT asEWKT(fromEWKB(asEWKB(tgeompoint 'Point(1 2)@2000-01-01')));
              asewkt               
-----------------------------------
 POINT(1 2)@2000-01-01 00:00:00+00
(1 row)

SELECT asEWKT(fromEWKB(asEWKB(tgeompoint '{Point(1 2)@2000-01-01, Point(3 4)@2000-01-02}')));
                                 asewkt                                 
------------------------------------------------------------------------
 {POINT(1 2)@2000-01-01 00:00:00+00, POINT(3 4)@2000-01-02 00:00:00+00}
(1 row)

SELECT asEWKT(fromEWKB(asEWKB(tgeompoint '[Point(1 2)@2000-01-01, Point(3 4)@2000-01-02]')));
                                 asewkt                                 
------------------------------------------------------------------------
 [POINT(1 2)@2000-01-01 00:00:00+00, POINT(3 4)@2000-01-02 00:00:00+00]
(1 row)

SELECT asEWKT(fromEWKB(asEWKB(tgeompoint '[Point(1 2)@2000-01-01, Point(3 4)@2000-01-02)')));
                                 asewkt                                 
------------------------------------------------------------------------
 [POINT(1 2)@2000-01-01 00:00:00+00, POINT(3 4)@2000-01-02 00:00:00+00)
(1 row)

SELECT asEWKT(fromEWKB(asEWKB(tgeompoint '(Point(1 2)@2000-01-01, Point(3 4)@2000-01-02]')));
                                 asewkt                                 
------------------------------------------------------------------------
 (POINT(1 2)@2000-01-01 00:00:00+00, POINT(3 4)@2000-01-02 00:00:00+00]
(1 row)

SELECT asEWKT(fromEWKB(asEWKB(tgeompoint '(Point(1 2)@2000-01-01, Point(3 4)@2000-01-02)')));
                                 asewkt                                 
------------------------------------------------------------------------
 (POINT(1 2)@2000-01-01 00:00:00+00, POINT(3 4)@2000-01-02 00:00:00+00)
(1 row)

SELECT asEWKT(fromEWKB(asEWKB(tgeompoint '{[Point(1 2)@2000-01-01, Point(3 4)@2000-01-02],[Point(1 2)@2000-01-03, Point(3 4)@2000-01-04]}')));
                                                                      asewkt                                                                      
--------------------------------------------------------------------------------------------------------------------------------------------------
 {[POINT(1 2)@2000-01-01 00:00:00+00, POINT(3 4)@2000-01-02 00:00:00+00], [POINT(1 2)@2000-01-03 00:00:00+00, POINT(3 4)@2000-01-04 00:00:00+00]}
(1 row)

SELECT asEWKT(fromEWKB(asEWKB(tgeompoint 'SRID=4326;Point(1 2 3)@2000-01-01')));
                      asewkt                      
--------------------------------------------------
 SRID=4326;POINT Z (1 2 3)@2000-01-01 00:00:00+00
(1 row)

SELECT asEWKT(fromEWKB(asEWKB(tgeompoint 'SRID=4326;{Point(1 2 3)@2000-01-01, Point(4 5 6)@2000-01-02}')));
                                           asewkt                                           
--------------------------------------------------------------------------------------------
 SRID=4326;{POINT Z (1 2 3)@2000-01-01 00:00:00+00, POINT Z (4 5 6)@2000-01-02 00:00:00+00}
(1 row)

SELECT asEWKT(fromEWKB(asEWKB(tgeompoint 'SRID=4326;[Point(1 2 3)@2000-01-01, Point(4 5 6)@2000-01-02]')));
                                           asewkt                                           
--------------------------------------------------------------------------------------------
 SRID=4326;[POINT Z (1 2 3)@2000-01-01 00:00:00+00, POINT Z (4 5 6)@2000-01-02 00:00:00+00]
(1 row)

SELECT asEWKT(fromEWKB(asEWKB(tgeompoint 'SRID=4326;{[Point(1 2 3)@2000-01-01, Point(4 5 6)@2000-01-02],[Point(1 2 3)@2000-01-03, Point(4 5 6)@2000-01-04]}')));
                                                                                     asewkt                                                                                     
--------------------------------------------------------------------------------------------------------------------------------------------------------------------------------
 SRID=4326;{[POINT Z (1 2 3)@2000-01-01 00:00:00+00, POINT Z (4 5 6)@2000-01-02 00:00:00+00], [POINT Z (1 2 3)@2000-01-03 00:00:00+00, POINT Z (4 5 6)@2000-01-04 00:00:00+00]}
(1 row)

