SELECT astext(tgeompoint 'Point(1 1)@2000-01-01');
              astext               
-----------------------------------
 POINT(1 1)@2000-01-01 00:00:00+00
(1 row)

SELECT astext(tgeompoint '{Point(1 1)@2000-01-01, Point(2 2)@2000-01-02, Point(1 1)@2000-01-03}');
                                                  astext                                                   
-----------------------------------------------------------------------------------------------------------
 {POINT(1 1)@2000-01-01 00:00:00+00, POINT(2 2)@2000-01-02 00:00:00+00, POINT(1 1)@2000-01-03 00:00:00+00}
(1 row)

SELECT astext(tgeompoint '[Point(1 1)@2000-01-01, Point(2 2)@2000-01-02, Point(1 1)@2000-01-03]');
                                                  astext                                                   
-----------------------------------------------------------------------------------------------------------
 [POINT(1 1)@2000-01-01 00:00:00+00, POINT(2 2)@2000-01-02 00:00:00+00, POINT(1 1)@2000-01-03 00:00:00+00]
(1 row)

SELECT astext(tgeompoint '{[Point(1 1)@2000-01-01, Point(2 2)@2000-01-02, Point(1 1)@2000-01-03],[Point(3 3)@2000-01-04, Point(3 3)@2000-01-05]}');
                                                                                       astext                                                                                        
-------------------------------------------------------------------------------------------------------------------------------------------------------------------------------------
 {[POINT(1 1)@2000-01-01 00:00:00+00, POINT(2 2)@2000-01-02 00:00:00+00, POINT(1 1)@2000-01-03 00:00:00+00], [POINT(3 3)@2000-01-04 00:00:00+00, POINT(3 3)@2000-01-05 00:00:00+00]}
(1 row)

SELECT astext(tgeogpoint 'Point(1.5 1.5)@2000-01-01');
                astext                 
---------------------------------------
 POINT(1.5 1.5)@2000-01-01 00:00:00+00
(1 row)

SELECT astext(tgeogpoint '{Point(1.5 1.5)@2000-01-01, Point(2.5 2.5)@2000-01-02, Point(1.5 1.5)@2000-01-03}');
                                                        astext                                                         
-----------------------------------------------------------------------------------------------------------------------
 {POINT(1.5 1.5)@2000-01-01 00:00:00+00, POINT(2.5 2.5)@2000-01-02 00:00:00+00, POINT(1.5 1.5)@2000-01-03 00:00:00+00}
(1 row)

SELECT astext(tgeogpoint '[Point(1.5 1.5)@2000-01-01, Point(2.5 2.5)@2000-01-02, Point(1.5 1.5)@2000-01-03]');
                                                        astext                                                         
-----------------------------------------------------------------------------------------------------------------------
 [POINT(1.5 1.5)@2000-01-01 00:00:00+00, POINT(2.5 2.5)@2000-01-02 00:00:00+00, POINT(1.5 1.5)@2000-01-03 00:00:00+00]
(1 row)

SELECT astext(tgeogpoint '{[Point(1.5 1.5)@2000-01-01, Point(2.5 2.5)@2000-01-02, Point(1.5 1.5)@2000-01-03],[Point(3.5 3.5)@2000-01-04, Point(3.5 3.5)@2000-01-05]}');
                                                                                                 astext                                                                                                  
---------------------------------------------------------------------------------------------------------------------------------------------------------------------------------------------------------
 {[POINT(1.5 1.5)@2000-01-01 00:00:00+00, POINT(2.5 2.5)@2000-01-02 00:00:00+00, POINT(1.5 1.5)@2000-01-03 00:00:00+00], [POINT(3.5 3.5)@2000-01-04 00:00:00+00, POINT(3.5 3.5)@2000-01-05 00:00:00+00]}
(1 row)

SELECT astext(tgeompoint 'Point(1 1 1)@2000-01-01');
                 astext                 
----------------------------------------
 POINT Z (1 1 1)@2000-01-01 00:00:00+00
(1 row)

SELECT astext(tgeompoint '{Point(1 1 1)@2000-01-01, Point(2 2 2)@2000-01-02, Point(1 1 1)@2000-01-03}');
                                                          astext                                                          
--------------------------------------------------------------------------------------------------------------------------
 {POINT Z (1 1 1)@2000-01-01 00:00:00+00, POINT Z (2 2 2)@2000-01-02 00:00:00+00, POINT Z (1 1 1)@2000-01-03 00:00:00+00}
(1 row)

SELECT astext(tgeompoint '[Point(1 1 1)@2000-01-01, Point(2 2 2)@2000-01-02, Point(1 1 1)@2000-01-03]');
                                                          astext                                                          
--------------------------------------------------------------------------------------------------------------------------
 [POINT Z (1 1 1)@2000-01-01 00:00:00+00, POINT Z (2 2 2)@2000-01-02 00:00:00+00, POINT Z (1 1 1)@2000-01-03 00:00:00+00]
(1 row)

SELECT astext(tgeompoint '{[Point(1 1 1)@2000-01-01, Point(2 2 2)@2000-01-02, Point(1 1 1)@2000-01-03],[Point(3 3 3)@2000-01-04, Point(3 3 3)@2000-01-05]}');
                                                                                                    astext                                                                                                    
--------------------------------------------------------------------------------------------------------------------------------------------------------------------------------------------------------------
 {[POINT Z (1 1 1)@2000-01-01 00:00:00+00, POINT Z (2 2 2)@2000-01-02 00:00:00+00, POINT Z (1 1 1)@2000-01-03 00:00:00+00], [POINT Z (3 3 3)@2000-01-04 00:00:00+00, POINT Z (3 3 3)@2000-01-05 00:00:00+00]}
(1 row)

SELECT astext(tgeogpoint 'Point(1.5 1.5 1.5)@2000-01-01');
                    astext                    
----------------------------------------------
 POINT Z (1.5 1.5 1.5)@2000-01-01 00:00:00+00
(1 row)

SELECT astext(tgeogpoint '{Point(1.5 1.5 1.5)@2000-01-01, Point(2.5 2.5 2.5)@2000-01-02, Point(1.5 1.5 1.5)@2000-01-03}');
                                                                   astext                                                                   
--------------------------------------------------------------------------------------------------------------------------------------------
 {POINT Z (1.5 1.5 1.5)@2000-01-01 00:00:00+00, POINT Z (2.5 2.5 2.5)@2000-01-02 00:00:00+00, POINT Z (1.5 1.5 1.5)@2000-01-03 00:00:00+00}
(1 row)

SELECT astext(tgeogpoint '[Point(1.5 1.5 1.5)@2000-01-01, Point(2.5 2.5 2.5)@2000-01-02, Point(1.5 1.5 1.5)@2000-01-03]');
                                                                   astext                                                                   
--------------------------------------------------------------------------------------------------------------------------------------------
 [POINT Z (1.5 1.5 1.5)@2000-01-01 00:00:00+00, POINT Z (2.5 2.5 2.5)@2000-01-02 00:00:00+00, POINT Z (1.5 1.5 1.5)@2000-01-03 00:00:00+00]
(1 row)

SELECT astext(tgeogpoint '{[Point(1.5 1.5 1.5)@2000-01-01, Point(2.5 2.5 2.5)@2000-01-02, Point(1.5 1.5 1.5)@2000-01-03],[Point(3.5 3.5 3.5)@2000-01-04, Point(3.5 3.5 3.5)@2000-01-05]}');
                                                                                                                   astext                                                                                                                   
--------------------------------------------------------------------------------------------------------------------------------------------------------------------------------------------------------------------------------------------
 {[POINT Z (1.5 1.5 1.5)@2000-01-01 00:00:00+00, POINT Z (2.5 2.5 2.5)@2000-01-02 00:00:00+00, POINT Z (1.5 1.5 1.5)@2000-01-03 00:00:00+00], [POINT Z (3.5 3.5 3.5)@2000-01-04 00:00:00+00, POINT Z (3.5 3.5 3.5)@2000-01-05 00:00:00+00]}
(1 row)

SELECT astext('{}'::tgeompoint[]);
 astext 
--------
 
(1 row)

SELECT astext(ARRAY[tgeompoint 'Point(1 1)@2000-01-01']);
                astext                 
---------------------------------------
 {"POINT(1 1)@2000-01-01 00:00:00+00"}
(1 row)

SELECT asEWKT(tgeompoint 'Point(1 1)@2000-01-01');
              asewkt               
-----------------------------------
 POINT(1 1)@2000-01-01 00:00:00+00
(1 row)

SELECT asEWKT(tgeompoint '{Point(1 1)@2000-01-01, Point(2 2)@2000-01-02, Point(1 1)@2000-01-03}');
                                                  asewkt                                                   
-----------------------------------------------------------------------------------------------------------
 {POINT(1 1)@2000-01-01 00:00:00+00, POINT(2 2)@2000-01-02 00:00:00+00, POINT(1 1)@2000-01-03 00:00:00+00}
(1 row)

SELECT asEWKT(tgeompoint '[Point(1 1)@2000-01-01, Point(2 2)@2000-01-02, Point(1 1)@2000-01-03]');
                                                  asewkt                                                   
-----------------------------------------------------------------------------------------------------------
 [POINT(1 1)@2000-01-01 00:00:00+00, POINT(2 2)@2000-01-02 00:00:00+00, POINT(1 1)@2000-01-03 00:00:00+00]
(1 row)

SELECT asEWKT(tgeompoint '{[Point(1 1)@2000-01-01, Point(2 2)@2000-01-02, Point(1 1)@2000-01-03],[Point(3 3)@2000-01-04, Point(3 3)@2000-01-05]}');
                                                                                       asewkt                                                                                        
-------------------------------------------------------------------------------------------------------------------------------------------------------------------------------------
 {[POINT(1 1)@2000-01-01 00:00:00+00, POINT(2 2)@2000-01-02 00:00:00+00, POINT(1 1)@2000-01-03 00:00:00+00], [POINT(3 3)@2000-01-04 00:00:00+00, POINT(3 3)@2000-01-05 00:00:00+00]}
(1 row)

SELECT asEWKT(tgeogpoint 'Point(1.5 1.5)@2000-01-01');
                     asewkt                      
-------------------------------------------------
 SRID=4326;POINT(1.5 1.5)@2000-01-01 00:00:00+00
(1 row)

SELECT asEWKT(tgeogpoint '{Point(1.5 1.5)@2000-01-01, Point(2.5 2.5)@2000-01-02, Point(1.5 1.5)@2000-01-03}');
                                                             asewkt                                                              
---------------------------------------------------------------------------------------------------------------------------------
 SRID=4326;{POINT(1.5 1.5)@2000-01-01 00:00:00+00, POINT(2.5 2.5)@2000-01-02 00:00:00+00, POINT(1.5 1.5)@2000-01-03 00:00:00+00}
(1 row)

SELECT asEWKT(tgeogpoint '[Point(1.5 1.5)@2000-01-01, Point(2.5 2.5)@2000-01-02, Point(1.5 1.5)@2000-01-03]');
                                                             asewkt                                                              
---------------------------------------------------------------------------------------------------------------------------------
 SRID=4326;[POINT(1.5 1.5)@2000-01-01 00:00:00+00, POINT(2.5 2.5)@2000-01-02 00:00:00+00, POINT(1.5 1.5)@2000-01-03 00:00:00+00]
(1 row)

SELECT asEWKT(tgeogpoint '{[Point(1.5 1.5)@2000-01-01, Point(2.5 2.5)@2000-01-02, Point(1.5 1.5)@2000-01-03],[Point(3.5 3.5)@2000-01-04, Point(3.5 3.5)@2000-01-05]}');
                                                                                                      asewkt                                                                                                       
-------------------------------------------------------------------------------------------------------------------------------------------------------------------------------------------------------------------
 SRID=4326;{[POINT(1.5 1.5)@2000-01-01 00:00:00+00, POINT(2.5 2.5)@2000-01-02 00:00:00+00, POINT(1.5 1.5)@2000-01-03 00:00:00+00], [POINT(3.5 3.5)@2000-01-04 00:00:00+00, POINT(3.5 3.5)@2000-01-05 00:00:00+00]}
(1 row)

SELECT asEWKT(tgeompoint 'Point(1 1 1)@2000-01-01');
                 asewkt                 
----------------------------------------
 POINT Z (1 1 1)@2000-01-01 00:00:00+00
(1 row)

SELECT asEWKT(tgeompoint '{Point(1 1 1)@2000-01-01, Point(2 2 2)@2000-01-02, Point(1 1 1)@2000-01-03}');
                                                          asewkt                                                          
--------------------------------------------------------------------------------------------------------------------------
 {POINT Z (1 1 1)@2000-01-01 00:00:00+00, POINT Z (2 2 2)@2000-01-02 00:00:00+00, POINT Z (1 1 1)@2000-01-03 00:00:00+00}
(1 row)

SELECT asEWKT(tgeompoint '[Point(1 1 1)@2000-01-01, Point(2 2 2)@2000-01-02, Point(1 1 1)@2000-01-03]');
                                                          asewkt                                                          
--------------------------------------------------------------------------------------------------------------------------
 [POINT Z (1 1 1)@2000-01-01 00:00:00+00, POINT Z (2 2 2)@2000-01-02 00:00:00+00, POINT Z (1 1 1)@2000-01-03 00:00:00+00]
(1 row)

SELECT asEWKT(tgeompoint '{[Point(1 1 1)@2000-01-01, Point(2 2 2)@2000-01-02, Point(1 1 1)@2000-01-03],[Point(3 3 3)@2000-01-04, Point(3 3 3)@2000-01-05]}');
                                                                                                    asewkt                                                                                                    
--------------------------------------------------------------------------------------------------------------------------------------------------------------------------------------------------------------
 {[POINT Z (1 1 1)@2000-01-01 00:00:00+00, POINT Z (2 2 2)@2000-01-02 00:00:00+00, POINT Z (1 1 1)@2000-01-03 00:00:00+00], [POINT Z (3 3 3)@2000-01-04 00:00:00+00, POINT Z (3 3 3)@2000-01-05 00:00:00+00]}
(1 row)

SELECT asEWKT(tgeogpoint 'Point(1.5 1.5 1.5)@2000-01-01');
                         asewkt                         
--------------------------------------------------------
 SRID=4326;POINT Z (1.5 1.5 1.5)@2000-01-01 00:00:00+00
(1 row)

SELECT asEWKT(tgeogpoint '{Point(1.5 1.5 1.5)@2000-01-01, Point(2.5 2.5 2.5)@2000-01-02, Point(1.5 1.5 1.5)@2000-01-03}');
                                                                        asewkt                                                                        
------------------------------------------------------------------------------------------------------------------------------------------------------
 SRID=4326;{POINT Z (1.5 1.5 1.5)@2000-01-01 00:00:00+00, POINT Z (2.5 2.5 2.5)@2000-01-02 00:00:00+00, POINT Z (1.5 1.5 1.5)@2000-01-03 00:00:00+00}
(1 row)

SELECT asEWKT(tgeogpoint '[Point(1.5 1.5 1.5)@2000-01-01, Point(2.5 2.5 2.5)@2000-01-02, Point(1.5 1.5 1.5)@2000-01-03]');
                                                                        asewkt                                                                        
------------------------------------------------------------------------------------------------------------------------------------------------------
 SRID=4326;[POINT Z (1.5 1.5 1.5)@2000-01-01 00:00:00+00, POINT Z (2.5 2.5 2.5)@2000-01-02 00:00:00+00, POINT Z (1.5 1.5 1.5)@2000-01-03 00:00:00+00]
(1 row)

SELECT asEWKT(tgeogpoint '{[Point(1.5 1.5 1.5)@2000-01-01, Point(2.5 2.5 2.5)@2000-01-02, Point(1.5 1.5 1.5)@2000-01-03],[Point(3.5 3.5 3.5)@2000-01-04, Point(3.5 3.5 3.5)@2000-01-05]}');
                                                                                                                        asewkt                                                                                                                        
------------------------------------------------------------------------------------------------------------------------------------------------------------------------------------------------------------------------------------------------------
 SRID=4326;{[POINT Z (1.5 1.5 1.5)@2000-01-01 00:00:00+00, POINT Z (2.5 2.5 2.5)@2000-01-02 00:00:00+00, POINT Z (1.5 1.5 1.5)@2000-01-03 00:00:00+00], [POINT Z (3.5 3.5 3.5)@2000-01-04 00:00:00+00, POINT Z (3.5 3.5 3.5)@2000-01-05 00:00:00+00]}
(1 row)

SELECT asEWKT('{}'::tgeompoint[]);
 asewkt 
--------
 
(1 row)

SELECT asEWKT(ARRAY[tgeompoint 'Point(1 1)@2000-01-01']);
                asewkt                 
---------------------------------------
 {"POINT(1 1)@2000-01-01 00:00:00+00"}
(1 row)

SELECT asMFJSON(tgeompoint 'Point(1 1)@2000-01-01');
                                                   asmfjson                                                    
---------------------------------------------------------------------------------------------------------------
 {"type":"MovingPoint","coordinates":[1,1],"datetimes":"2000-01-01T00:00:00+00","interpolations":["Discrete"]}
(1 row)

SELECT asMFJSON(tgeompoint '{Point(1 1)@2000-01-01, Point(2 2)@2000-01-02, Point(1 1)@2000-01-03}');
                                                                                    asmfjson                                                                                     
---------------------------------------------------------------------------------------------------------------------------------------------------------------------------------
 {"type":"MovingPoint","coordinates":[[1,1],[2,2],[1,1]],"datetimes":["2000-01-01T00:00:00+00","2000-01-02T00:00:00+00","2000-01-03T00:00:00+00"],"interpolations":["Discrete"]}
(1 row)

SELECT asMFJSON(tgeompoint '[Point(1 1)@2000-01-01, Point(2 2)@2000-01-02, Point(1 1)@2000-01-03]');
                                                                                                    asmfjson                                                                                                     
-----------------------------------------------------------------------------------------------------------------------------------------------------------------------------------------------------------------
 {"type":"MovingPoint","coordinates":[[1,1],[2,2],[1,1]],"datetimes":["2000-01-01T00:00:00+00","2000-01-02T00:00:00+00","2000-01-03T00:00:00+00"],"lower_inc":true,"upper_inc":true,"interpolations":["Linear"]}
(1 row)

SELECT asMFJSON(tgeompoint '{[Point(1 1)@2000-01-01, Point(2 2)@2000-01-02, Point(1 1)@2000-01-03],[Point(3 3)@2000-01-04, Point(3 3)@2000-01-05]}');
                                                                                                                                                                            asmfjson                                                                                                                                                                             
-----------------------------------------------------------------------------------------------------------------------------------------------------------------------------------------------------------------------------------------------------------------------------------------------------------------------------------------------------------------
 {"type":"MovingPoint","sequences":[{"coordinates":[[1,1],[2,2],[1,1]],"datetimes":["2000-01-01T00:00:00+00","2000-01-02T00:00:00+00","2000-01-03T00:00:00+00"],"lower_inc":true,"upper_inc":true},{"coordinates":[[3,3],[3,3]],"datetimes":["2000-01-04T00:00:00+00","2000-01-05T00:00:00+00"],"lower_inc":true,"upper_inc":true}],"interpolations":["Linear"]}
(1 row)

SELECT asMFJSON(tgeogpoint 'Point(1.5 1.5)@2000-01-01');
                                                     asmfjson                                                      
-------------------------------------------------------------------------------------------------------------------
 {"type":"MovingPoint","coordinates":[1.5,1.5],"datetimes":"2000-01-01T00:00:00+00","interpolations":["Discrete"]}
(1 row)

SELECT asMFJSON(tgeogpoint '{Point(1.5 1.5)@2000-01-01, Point(2.5 2.5)@2000-01-02, Point(1.5 1.5)@2000-01-03}');
                                                                                          asmfjson                                                                                           
---------------------------------------------------------------------------------------------------------------------------------------------------------------------------------------------
 {"type":"MovingPoint","coordinates":[[1.5,1.5],[2.5,2.5],[1.5,1.5]],"datetimes":["2000-01-01T00:00:00+00","2000-01-02T00:00:00+00","2000-01-03T00:00:00+00"],"interpolations":["Discrete"]}
(1 row)

SELECT asMFJSON(tgeogpoint '[Point(1.5 1.5)@2000-01-01, Point(2.5 2.5)@2000-01-02, Point(1.5 1.5)@2000-01-03]');
                                                                                                          asmfjson                                                                                                           
-----------------------------------------------------------------------------------------------------------------------------------------------------------------------------------------------------------------------------
 {"type":"MovingPoint","coordinates":[[1.5,1.5],[2.5,2.5],[1.5,1.5]],"datetimes":["2000-01-01T00:00:00+00","2000-01-02T00:00:00+00","2000-01-03T00:00:00+00"],"lower_inc":true,"upper_inc":true,"interpolations":["Linear"]}
(1 row)

SELECT asMFJSON(tgeogpoint '{[Point(1.5 1.5)@2000-01-01, Point(2.5 2.5)@2000-01-02, Point(1.5 1.5)@2000-01-03],[Point(3.5 3.5)@2000-01-04, Point(3.5 3.5)@2000-01-05]}');
                                                                                                                                                                                      asmfjson                                                                                                                                                                                       
-------------------------------------------------------------------------------------------------------------------------------------------------------------------------------------------------------------------------------------------------------------------------------------------------------------------------------------------------------------------------------------
 {"type":"MovingPoint","sequences":[{"coordinates":[[1.5,1.5],[2.5,2.5],[1.5,1.5]],"datetimes":["2000-01-01T00:00:00+00","2000-01-02T00:00:00+00","2000-01-03T00:00:00+00"],"lower_inc":true,"upper_inc":true},{"coordinates":[[3.5,3.5],[3.5,3.5]],"datetimes":["2000-01-04T00:00:00+00","2000-01-05T00:00:00+00"],"lower_inc":true,"upper_inc":true}],"interpolations":["Linear"]}
(1 row)

SELECT asMFJSON(tgeompoint 'Point(1 1 1)@2000-01-01');
                                                    asmfjson                                                     
-----------------------------------------------------------------------------------------------------------------
 {"type":"MovingPoint","coordinates":[1,1,1],"datetimes":"2000-01-01T00:00:00+00","interpolations":["Discrete"]}
(1 row)

SELECT asMFJSON(tgeompoint '{Point(1 1 1)@2000-01-01, Point(2 2 2)@2000-01-02, Point(1 1 1)@2000-01-03}');
                                                                                       asmfjson                                                                                        
---------------------------------------------------------------------------------------------------------------------------------------------------------------------------------------
 {"type":"MovingPoint","coordinates":[[1,1,1],[2,2,2],[1,1,1]],"datetimes":["2000-01-01T00:00:00+00","2000-01-02T00:00:00+00","2000-01-03T00:00:00+00"],"interpolations":["Discrete"]}
(1 row)

SELECT asMFJSON(tgeompoint '[Point(1 1 1)@2000-01-01, Point(2 2 2)@2000-01-02, Point(1 1 1)@2000-01-03]');
                                                                                                       asmfjson                                                                                                        
-----------------------------------------------------------------------------------------------------------------------------------------------------------------------------------------------------------------------
 {"type":"MovingPoint","coordinates":[[1,1,1],[2,2,2],[1,1,1]],"datetimes":["2000-01-01T00:00:00+00","2000-01-02T00:00:00+00","2000-01-03T00:00:00+00"],"lower_inc":true,"upper_inc":true,"interpolations":["Linear"]}
(1 row)

SELECT asMFJSON(tgeompoint '{[Point(1 1 1)@2000-01-01, Point(2 2 2)@2000-01-02, Point(1 1 1)@2000-01-03],[Point(3 3 3)@2000-01-04, Point(3 3 3)@2000-01-05]}');
                                                                                                                                                                                 asmfjson                                                                                                                                                                                  
---------------------------------------------------------------------------------------------------------------------------------------------------------------------------------------------------------------------------------------------------------------------------------------------------------------------------------------------------------------------------
 {"type":"MovingPoint","sequences":[{"coordinates":[[1,1,1],[2,2,2],[1,1,1]],"datetimes":["2000-01-01T00:00:00+00","2000-01-02T00:00:00+00","2000-01-03T00:00:00+00"],"lower_inc":true,"upper_inc":true},{"coordinates":[[3,3,3],[3,3,3]],"datetimes":["2000-01-04T00:00:00+00","2000-01-05T00:00:00+00"],"lower_inc":true,"upper_inc":true}],"interpolations":["Linear"]}
(1 row)

SELECT asMFJSON(tgeogpoint 'Point(1.5 1.5 1.5)@2000-01-01');
                                                       asmfjson                                                        
-----------------------------------------------------------------------------------------------------------------------
 {"type":"MovingPoint","coordinates":[1.5,1.5,1.5],"datetimes":"2000-01-01T00:00:00+00","interpolations":["Discrete"]}
(1 row)

SELECT asMFJSON(tgeogpoint '{Point(1.5 1.5 1.5)@2000-01-01, Point(2.5 2.5 2.5)@2000-01-02, Point(1.5 1.5 1.5)@2000-01-03}');
                                                                                                asmfjson                                                                                                 
---------------------------------------------------------------------------------------------------------------------------------------------------------------------------------------------------------
 {"type":"MovingPoint","coordinates":[[1.5,1.5,1.5],[2.5,2.5,2.5],[1.5,1.5,1.5]],"datetimes":["2000-01-01T00:00:00+00","2000-01-02T00:00:00+00","2000-01-03T00:00:00+00"],"interpolations":["Discrete"]}
(1 row)

SELECT asMFJSON(tgeogpoint '[Point(1.5 1.5 1.5)@2000-01-01, Point(2.5 2.5 2.5)@2000-01-02, Point(1.5 1.5 1.5)@2000-01-03]');
                                                                                                                asmfjson                                                                                                                 
-----------------------------------------------------------------------------------------------------------------------------------------------------------------------------------------------------------------------------------------
 {"type":"MovingPoint","coordinates":[[1.5,1.5,1.5],[2.5,2.5,2.5],[1.5,1.5,1.5]],"datetimes":["2000-01-01T00:00:00+00","2000-01-02T00:00:00+00","2000-01-03T00:00:00+00"],"lower_inc":true,"upper_inc":true,"interpolations":["Linear"]}
(1 row)

SELECT asMFJSON(tgeogpoint '{[Point(1.5 1.5 1.5)@2000-01-01, Point(2.5 2.5 2.5)@2000-01-02, Point(1.5 1.5 1.5)@2000-01-03],[Point(3.5 3.5 3.5)@2000-01-04, Point(3.5 3.5 3.5)@2000-01-05]}');
                                                                                                                                                                                                asmfjson                                                                                                                                                                                                 
---------------------------------------------------------------------------------------------------------------------------------------------------------------------------------------------------------------------------------------------------------------------------------------------------------------------------------------------------------------------------------------------------------
 {"type":"MovingPoint","sequences":[{"coordinates":[[1.5,1.5,1.5],[2.5,2.5,2.5],[1.5,1.5,1.5]],"datetimes":["2000-01-01T00:00:00+00","2000-01-02T00:00:00+00","2000-01-03T00:00:00+00"],"lower_inc":true,"upper_inc":true},{"coordinates":[[3.5,3.5,3.5],[3.5,3.5,3.5]],"datetimes":["2000-01-04T00:00:00+00","2000-01-05T00:00:00+00"],"lower_inc":true,"upper_inc":true}],"interpolations":["Linear"]}
(1 row)

SELECT asMFJSON(tgeompoint 'Point(1 1)@2000-01-01',20);
                                                   asmfjson                                                    
---------------------------------------------------------------------------------------------------------------
 {"type":"MovingPoint","coordinates":[1,1],"datetimes":"2000-01-01T00:00:00+00","interpolations":["Discrete"]}
(1 row)

SELECT asMFJSON(tgeompoint 'Point(1 1)@2000-01-01',-1);
                                                   asmfjson                                                    
---------------------------------------------------------------------------------------------------------------
 {"type":"MovingPoint","coordinates":[1,1],"datetimes":"2000-01-01T00:00:00+00","interpolations":["Discrete"]}
(1 row)

SELECT asMFJSON(tgeompoint 'SRID=4326;Point(50.813810 4.384260)@2019-01-01 18:00:00.15+02', 2, 3);
                                                                                                                                                    asmfjson                                                                                                                                                     
-----------------------------------------------------------------------------------------------------------------------------------------------------------------------------------------------------------------------------------------------------------------------------------------------------------------
 {"type":"MovingPoint","crs":{"type":"name","properties":{"name":"EPSG:4326"}},"stBoundedBy":{"bbox":[50.81,4.38,50.81,4.38],"period":{"begin":"2019-01-01 16:00:00.15+00","end":"2019-01-01 16:00:00.15+00"}},"coordinates":[50.81,4.38],"datetimes":"2019-01-01T16:00:00.15+00","interpolations":["Discrete"]}
(1 row)

SELECT asMFJSON(tgeompoint 'SRID=4326;Point(50.813810 4.384260)@2019-01-01 18:00:00.15+02', 2, 4);
                                                                                             asmfjson                                                                                             
--------------------------------------------------------------------------------------------------------------------------------------------------------------------------------------------------
 {"type":"MovingPoint","crs":{"type":"name","properties":{"name":"urn:ogc:def:crs:EPSG::4326"}},"coordinates":[50.81,4.38],"datetimes":"2019-01-01T16:00:00.15+00","interpolations":["Discrete"]}
(1 row)

SELECT asMFJSON(tgeompoint 'SRID=123456;Point(50.813810 4.384260)@2019-01-01 18:00:00.15+02', 2, 4);
ERROR:  SRID 123456 unknown in spatial_ref_sys table
