SELECT g <-> temp FROM tbl_geompoint, tbl_tgeompoint
WHERE g <-> temp IS NOT NULL LIMIT 10;
                ?column?                 
-----------------------------------------
 64.9497918417824@2001-05-15 09:09:00+00
 90.1778988770913@2001-08-27 19:50:00+00
 27.2296969971433@2001-12-04 11:18:00+00
 94.4009944755183@2001-03-23 09:05:00+00
 73.2180256344668@2001-02-16 16:59:00+00
 53.3665419602611@2001-04-14 10:03:00+00
 59.4579815924157@2001-04-01 22:52:00+00
 49.4310010798066@2001-10-01 16:53:00+00
 99.0034248828143@2001-03-01 17:07:00+00
 47.2773086260622@2001-01-19 02:01:00+00
(10 rows)

SELECT temp <-> g FROM tbl_tgeompoint, tbl_geompoint
WHERE temp <-> g IS NOT NULL LIMIT 10;
                ?column?                 
-----------------------------------------
 64.9497918417824@2001-05-15 09:09:00+00
 68.8710121177021@2001-05-15 09:09:00+00
 58.7982632030682@2001-05-15 09:09:00+00
 14.9703485579212@2001-05-15 09:09:00+00
 52.6108888016309@2001-05-15 09:09:00+00
 69.4930752194324@2001-05-15 09:09:00+00
 46.7643820214478@2001-05-15 09:09:00+00
 28.3459491459405@2001-05-15 09:09:00+00
 62.0367466356808@2001-05-15 09:09:00+00
 10.2915688730884@2001-05-15 09:09:00+00
(10 rows)

SELECT t1.temp <-> t2.temp FROM tbl_tgeompoint t1, tbl_tgeompoint t2
WHERE t1.temp <-> t2.temp IS NOT NULL LIMIT 10;
         ?column?         
--------------------------
 0@2001-05-15 09:09:00+00
 0@2001-08-27 19:50:00+00
 0@2001-12-04 11:18:00+00
 0@2001-03-23 09:05:00+00
 0@2001-02-16 16:59:00+00
 0@2001-04-14 10:03:00+00
 0@2001-04-01 22:52:00+00
 0@2001-10-01 16:53:00+00
 0@2001-03-01 17:07:00+00
 0@2001-01-19 02:01:00+00
(10 rows)

SELECT round(g <-> temp, 6) FROM tbl_geogpoint, tbl_tgeogpoint
WHERE g <-> temp IS NOT NULL LIMIT 10;
                 round                 
---------------------------------------
 1939286.153996@2001-11-11 20:20:00+00
 818302.698207@2001-05-20 10:12:00+00
 2836843.719856@2001-10-05 05:58:00+00
 1331975.318105@2001-01-20 03:03:00+00
 2445211.143698@2001-08-17 22:16:00+00
 2053450.575758@2001-03-17 01:09:00+00
 1613309.537567@2001-10-15 16:22:00+00
 1564485.651823@2001-07-20 06:50:00+00
 1272677.556084@2001-04-20 08:05:00+00
 1547816.102914@2001-11-16 15:59:00+00
(10 rows)

SELECT round(temp <-> g, 6) FROM tbl_tgeogpoint, tbl_geogpoint
WHERE temp <-> g IS NOT NULL LIMIT 10;
                 round                 
---------------------------------------
 1939286.153996@2001-11-11 20:20:00+00
 2028942.359952@2001-11-11 20:20:00+00
 1738865.53436@2001-11-11 20:20:00+00
 923935.013534@2001-11-11 20:20:00+00
 2665622.205195@2001-11-11 20:20:00+00
 1849184.004744@2001-11-11 20:20:00+00
 1773065.759934@2001-11-11 20:20:00+00
 2224240.078445@2001-11-11 20:20:00+00
 1061584.434003@2001-11-11 20:20:00+00
 1849009.281348@2001-11-11 20:20:00+00
(10 rows)

SELECT round(t1.temp <-> t2.temp, 6) FROM tbl_tgeogpoint t1, tbl_tgeogpoint t2
WHERE t1.temp <-> t2.temp IS NOT NULL LIMIT 10;
          round           
--------------------------
 0@2001-11-11 20:20:00+00
 0@2001-05-20 10:12:00+00
 0@2001-10-05 05:58:00+00
 0@2001-01-20 03:03:00+00
 0@2001-08-17 22:16:00+00
 0@2001-03-17 01:09:00+00
 0@2001-10-15 16:22:00+00
 0@2001-07-20 06:50:00+00
 0@2001-04-20 08:05:00+00
 0@2001-11-16 15:59:00+00
(10 rows)

SELECT g <-> temp FROM tbl_geompoint3D, tbl_tgeompoint3D
WHERE g <-> temp IS NOT NULL LIMIT 10;
                ?column?                 
-----------------------------------------
 86.8989709053947@2001-12-18 11:42:00+00
 72.1522114842693@2001-06-17 07:04:00+00
 25.33379087353@2001-09-17 20:41:00+00
 62.374461559639@2001-02-21 15:01:00+00
 41.451570263748@2001-12-25 06:31:00+00
 51.7525436574372@2001-10-01 11:10:00+00
 78.6527295072992@2001-06-30 07:18:00+00
 94.9410325473826@2001-01-09 06:52:00+00
 20.2675558171534@2001-01-07 06:28:00+00
 56.7576476843197@2001-03-05 06:32:00+00
(10 rows)

SELECT temp <-> g FROM tbl_tgeompoint3D, tbl_geompoint3D
WHERE temp <-> g IS NOT NULL LIMIT 10;
                ?column?                 
-----------------------------------------
 86.8989709053947@2001-12-18 11:42:00+00
 64.349979664993@2001-12-18 11:42:00+00
 47.954397249468@2001-12-18 11:42:00+00
 65.9501122911644@2001-12-18 11:42:00+00
 84.6042844620266@2001-12-18 11:42:00+00
 45.0432033719583@2001-12-18 11:42:00+00
 93.1150637555929@2001-12-18 11:42:00+00
 45.7157043306818@2001-12-18 11:42:00+00
 10.1929449463515@2001-12-18 11:42:00+00
 51.9891454457526@2001-12-18 11:42:00+00
(10 rows)

SELECT t1.temp <-> t2.temp FROM tbl_tgeompoint3D t1, tbl_tgeompoint3D t2
WHERE t1.temp <-> t2.temp IS NOT NULL LIMIT 10;
         ?column?         
--------------------------
 0@2001-12-18 11:42:00+00
 0@2001-06-17 07:04:00+00
 0@2001-09-17 20:41:00+00
 0@2001-02-21 15:01:00+00
 0@2001-12-25 06:31:00+00
 0@2001-10-01 11:10:00+00
 0@2001-06-30 07:18:00+00
 0@2001-01-09 06:52:00+00
 0@2001-01-07 06:28:00+00
 0@2001-03-05 06:32:00+00
(10 rows)

SELECT round(g <-> temp, 6) FROM tbl_geogpoint3D, tbl_tgeogpoint3D
WHERE g <-> temp IS NOT NULL LIMIT 10;
                 round                 
---------------------------------------
 1127226.308928@2001-10-22 17:17:00+00
 930258.305623@2001-08-19 12:02:00+00
 1442613.457801@2001-12-18 07:19:00+00
 1551284.031085@2001-11-09 02:59:00+00
 1590135.183535@2001-12-09 08:04:00+00
 2291481.628038@2001-02-01 23:01:00+00
 399850.630082@2001-10-24 07:07:00+00
 2653789.716988@2001-11-29 16:58:00+00
 1834516.485534@2001-01-20 20:48:00+00
 1079417.764336@2001-07-23 07:02:00+00
(10 rows)

SELECT round(temp <-> g, 6) FROM tbl_tgeogpoint3D, tbl_geogpoint3D
WHERE temp <-> g IS NOT NULL LIMIT 10;
                 round                 
---------------------------------------
 1127226.308928@2001-10-22 17:17:00+00
 51551.461061@2001-10-22 17:17:00+00
 275464.890116@2001-10-22 17:17:00+00
 365709.470601@2001-10-22 17:17:00+00
 1687537.394249@2001-10-22 17:17:00+00
 2181741.847983@2001-10-22 17:17:00+00
 946984.647408@2001-10-22 17:17:00+00
 1009322.402522@2001-10-22 17:17:00+00
 646372.601435@2001-10-22 17:17:00+00
 731869.924438@2001-10-22 17:17:00+00
(10 rows)

SELECT round(t1.temp <-> t2.temp, 6) FROM tbl_tgeogpoint3D t1, tbl_tgeogpoint3D t2
WHERE t1.temp <-> t2.temp IS NOT NULL LIMIT 10;
          round           
--------------------------
 0@2001-10-22 17:17:00+00
 0@2001-08-19 12:02:00+00
 0@2001-12-18 07:19:00+00
 0@2001-11-09 02:59:00+00
 0@2001-12-09 08:04:00+00
 0@2001-02-01 23:01:00+00
 0@2001-10-24 07:07:00+00
 0@2001-11-29 16:58:00+00
 0@2001-01-20 20:48:00+00
 0@2001-07-23 07:02:00+00
(10 rows)

