set parallel_tuple_cost=0;
SET
set parallel_setup_cost=0;
SET
set force_parallel_mode=regress;
SET
SELECT numInstants(tcentroid(inst)) FROM tbl_tgeompointinst;
 numinstants 
-------------
          96
(1 row)

SELECT numInstants(tcount(inst)) FROM tbl_tgeompointinst;
 numinstants 
-------------
          96
(1 row)

SELECT k%10, numInstants(tcentroid(inst)) FROM tbl_tgeompointinst GROUP BY k%10 ORDER BY k%10;
 ?column? | numinstants 
----------+-------------
        0 |          10
        1 |          10
        2 |          10
        3 |          10
        4 |          10
        5 |          10
        6 |          10
        7 |          10
        8 |          10
        9 |          10
(10 rows)

SELECT k%10, numInstants(tcount(inst)) FROM tbl_tgeompointinst GROUP BY k%10 ORDER BY k%10;
 ?column? | numinstants 
----------+-------------
        0 |          10
        1 |          10
        2 |          10
        3 |          10
        4 |          10
        5 |          10
        6 |          10
        7 |          10
        8 |          10
        9 |          10
(10 rows)

SELECT numInstants(tcentroid(ti)) FROM tbl_tgeompointi;
 numinstants 
-------------
         454
(1 row)

SELECT numInstants(tcount(ti)) FROM tbl_tgeompointi;
 numinstants 
-------------
         454
(1 row)

SELECT k%10, numInstants(tcentroid(ti)) FROM tbl_tgeompointi GROUP BY k%10 ORDER BY k%10;
 ?column? | numinstants 
----------+-------------
        0 |          59
        1 |          54
        2 |          39
        3 |          44
        4 |          56
        5 |          43
        6 |          52
        7 |          50
        8 |          41
        9 |          41
(10 rows)

SELECT k%10, numInstants(tcount(ti)) FROM tbl_tgeompointi GROUP BY k%10 ORDER BY k%10;
 ?column? | numinstants 
----------+-------------
        0 |          59
        1 |          54
        2 |          39
        3 |          44
        4 |          56
        5 |          43
        6 |          52
        7 |          50
        8 |          41
        9 |          41
(10 rows)

SELECT numSequences(tcentroid(seq)) FROM tbl_tgeompointseq;
 numsequences 
--------------
           99
(1 row)

SELECT numSequences(tcount(seq)) FROM tbl_tgeompointseq;
 numsequences 
--------------
           95
(1 row)

SELECT k%10, numSequences(tcentroid(seq)) FROM tbl_tgeompointseq GROUP BY k%10 ORDER BY k%10;
 ?column? | numsequences 
----------+--------------
        0 |           10
        1 |           10
        2 |           10
        3 |           11
        4 |           10
        5 |           10
        6 |           10
        7 |           10
        8 |           10
        9 |           10
(10 rows)

SELECT k%10, numSequences(tcount(seq)) FROM tbl_tgeompointseq GROUP BY k%10 ORDER BY k%10;
 ?column? | numsequences 
----------+--------------
        0 |           10
        1 |           10
        2 |           10
        3 |           10
        4 |           10
        5 |           10
        6 |           10
        7 |           10
        8 |           10
        9 |           10
(10 rows)

SELECT numSequences(tcentroid(ts)) FROM tbl_tgeompoints;
 numsequences 
--------------
          474
(1 row)

SELECT numSequences(tcount(ts)) FROM tbl_tgeompoints;
 numsequences 
--------------
          455
(1 row)

SELECT k%10, numSequences(tcentroid(ts)) FROM tbl_tgeompoints GROUP BY k%10 ORDER BY k%10;
 ?column? | numsequences 
----------+--------------
        0 |           35
        1 |           56
        2 |           37
        3 |           51
        4 |           46
        5 |           54
        6 |           43
        7 |           51
        8 |           44
        9 |           64
(10 rows)

SELECT k%10, numSequences(tcount(ts)) FROM tbl_tgeompoints GROUP BY k%10 ORDER BY k%10;
 ?column? | numsequences 
----------+--------------
        0 |           35
        1 |           56
        2 |           37
        3 |           51
        4 |           46
        5 |           54
        6 |           43
        7 |           51
        8 |           44
        9 |           64
(10 rows)

SELECT numInstants(tcentroid(inst)) FROM tbl_tgeompoint3Dinst;
 numinstants 
-------------
          96
(1 row)

SELECT numInstants(tcount(inst)) FROM tbl_tgeompoint3Dinst;
 numinstants 
-------------
          96
(1 row)

SELECT k%10, numInstants(tcentroid(inst)) FROM tbl_tgeompoint3Dinst GROUP BY k%10 ORDER BY k%10;
 ?column? | numinstants 
----------+-------------
        0 |          10
        1 |          10
        2 |          10
        3 |          10
        4 |          10
        5 |          10
        6 |          10
        7 |          10
        8 |          10
        9 |          10
(10 rows)

SELECT k%10, numInstants(tcount(inst)) FROM tbl_tgeompoint3Dinst GROUP BY k%10 ORDER BY k%10;
 ?column? | numinstants 
----------+-------------
        0 |          10
        1 |          10
        2 |          10
        3 |          10
        4 |          10
        5 |          10
        6 |          10
        7 |          10
        8 |          10
        9 |          10
(10 rows)

SELECT numInstants(tcentroid(ti)) FROM tbl_tgeompoint3Di;
 numinstants 
-------------
         495
(1 row)

SELECT numInstants(tcount(ti)) FROM tbl_tgeompoint3Di;
 numinstants 
-------------
         495
(1 row)

SELECT k%10, numInstants(tcentroid(ti)) FROM tbl_tgeompoint3Di GROUP BY k%10 ORDER BY k%10;
 ?column? | numinstants 
----------+-------------
        0 |          47
        1 |          53
        2 |          62
        3 |          63
        4 |          51
        5 |          52
        6 |          52
        7 |          51
        8 |          39
        9 |          58
(10 rows)

SELECT k%10, numInstants(tcount(ti)) FROM tbl_tgeompoint3Di GROUP BY k%10 ORDER BY k%10;
 ?column? | numinstants 
----------+-------------
        0 |          47
        1 |          53
        2 |          62
        3 |          63
        4 |          51
        5 |          52
        6 |          52
        7 |          51
        8 |          39
        9 |          58
(10 rows)

SELECT numSequences(tcentroid(seq)) FROM tbl_tgeompoint3Dseq;
 numsequences 
--------------
           99
(1 row)

SELECT numSequences(tcount(seq)) FROM tbl_tgeompoint3Dseq;
 numsequences 
--------------
           96
(1 row)

SELECT k%10, numSequences(tcentroid(seq)) FROM tbl_tgeompoint3Dseq GROUP BY k%10 ORDER BY k%10;
 ?column? | numsequences 
----------+--------------
        0 |           10
        1 |           10
        2 |           10
        3 |           10
        4 |           10
        5 |           10
        6 |           10
        7 |           10
        8 |           10
        9 |           10
(10 rows)

SELECT k%10, numSequences(tcount(seq)) FROM tbl_tgeompoint3Dseq GROUP BY k%10 ORDER BY k%10;
 ?column? | numsequences 
----------+--------------
        0 |           10
        1 |           10
        2 |           10
        3 |           10
        4 |           10
        5 |           10
        6 |           10
        7 |           10
        8 |           10
        9 |           10
(10 rows)

SELECT numSequences(tcentroid(ts)) FROM tbl_tgeompoint3Ds;
 numsequences 
--------------
          522
(1 row)

SELECT numSequences(tcount(ts)) FROM tbl_tgeompoint3Ds;
 numsequences 
--------------
          478
(1 row)

SELECT k%10, numSequences(tcentroid(ts)) FROM tbl_tgeompoint3Ds GROUP BY k%10 ORDER BY k%10;
 ?column? | numsequences 
----------+--------------
        0 |           54
        1 |           41
        2 |           65
        3 |           57
        4 |           48
        5 |           27
        6 |           41
        7 |           62
        8 |           48
        9 |           58
(10 rows)

SELECT k%10, numSequences(tcount(ts)) FROM tbl_tgeompoint3Ds GROUP BY k%10 ORDER BY k%10;
 ?column? | numsequences 
----------+--------------
        0 |           54
        1 |           41
        2 |           65
        3 |           57
        4 |           48
        5 |           27
        6 |           41
        7 |           62
        8 |           47
        9 |           58
(10 rows)

SELECT numInstants(tcount(inst)) FROM tbl_tgeogpointinst;
 numinstants 
-------------
          96
(1 row)

SELECT k%10, numInstants(tcount(inst)) FROM tbl_tgeogpointinst GROUP BY k%10 ORDER BY k%10;
 ?column? | numinstants 
----------+-------------
        0 |          10
        1 |          10
        2 |          10
        3 |          10
        4 |          10
        5 |          10
        6 |          10
        7 |          10
        8 |          10
        9 |          10
(10 rows)

SELECT numInstants(tcount(ti)) FROM tbl_tgeogpointi;
 numinstants 
-------------
         476
(1 row)

SELECT k%10, numInstants(tcount(ti)) FROM tbl_tgeogpointi GROUP BY k%10 ORDER BY k%10;
 ?column? | numinstants 
----------+-------------
        0 |          59
        1 |          66
        2 |          47
        3 |          50
        4 |          39
        5 |          42
        6 |          47
        7 |          47
        8 |          51
        9 |          49
(10 rows)

SELECT numSequences(tcount(seq)) FROM tbl_tgeogpointseq;
 numsequences 
--------------
           95
(1 row)

SELECT k%10, numSequences(tcount(seq)) FROM tbl_tgeogpointseq GROUP BY k%10 ORDER BY k%10;
 ?column? | numsequences 
----------+--------------
        0 |           10
        1 |           10
        2 |           10
        3 |           10
        4 |           10
        5 |           10
        6 |           10
        7 |           10
        8 |           10
        9 |           10
(10 rows)

SELECT numSequences(tcount(ts)) FROM tbl_tgeogpoints;
 numsequences 
--------------
          480
(1 row)

SELECT k%10, numSequences(tcount(ts)) FROM tbl_tgeogpoints GROUP BY k%10 ORDER BY k%10;
 ?column? | numsequences 
----------+--------------
        0 |           53
        1 |           50
        2 |           48
        3 |           44
        4 |           61
        5 |           54
        6 |           60
        7 |           55
        8 |           32
        9 |           43
(10 rows)

set parallel_tuple_cost=100;
SET
set parallel_setup_cost=100;
SET
set force_parallel_mode=off;
SET
