SELECT astext(tgeometry 'Polygon((0 0, 1 0, 1 1, 0 1, 0 0))@2012-01-01 08:00:00');
                           astext                          
-----------------------------------------------------------
 POLYGON((0 0, 1 0, 1 1, 0 1, 0 0))@2012-01-01 08:00:00/00
(1 row)