set parallel_tuple_cost=0;
SET
set parallel_setup_cost=0;
SET
set force_parallel_mode=regress;
SET
select extent(inst) from tbl_tgeompointinst;
                                                             extent                                                              
---------------------------------------------------------------------------------------------------------------------------------
 STBOX T((1.89619934558868,0.755503296852112,2001-01-01 22:05:00+00),(99.8643417358398,99.5074996948242,2001-12-11 14:43:00+00))
(1 row)

select extent(inst) from tbl_tgeogpointinst;
                                                                                        extent                                                                                         
---------------------------------------------------------------------------------------------------------------------------------------------------------------------------------------
 SRID=4326;GEODSTBOX T((0.301290214061737,-0.122389383614063,0.573954399293841,2001-01-04 09:31:00+00),(0.814899981021881,0.377330094575882,0.948041419646569,2001-12-30 22:05:00+00))
(1 row)

select extent(ti) from tbl_tgeompointi;
                                                              extent                                                               
-----------------------------------------------------------------------------------------------------------------------------------
 STBOX T((0.0985009595751762,0.863711416721344,2001-01-01 12:09:00+00),(99.8823318481445,99.4073638916016,2001-12-23 15:39:00+00))
(1 row)

select extent(ti) from tbl_tgeogpointi;
                                                                                        extent                                                                                         
---------------------------------------------------------------------------------------------------------------------------------------------------------------------------------------
 SRID=4326;GEODSTBOX T((0.265957444906235,-0.139130353927612,0.573904031800539,2001-01-10 21:37:00+00),(0.818909406661987,0.414012730121613,0.950426898328708,2001-12-29 00:22:00+00))
(1 row)

select extent(seq) from tbl_tgeompointseq;
                                                              extent                                                              
----------------------------------------------------------------------------------------------------------------------------------
 STBOX T((0.314854711294174,0.103013448417187,2001-01-08 09:36:00+00),(99.9325866699219,99.5807418823242,2001-12-25 04:46:00+00))
(1 row)

select extent(seq) from tbl_tgeogpointseq;
                                                                                        extent                                                                                         
---------------------------------------------------------------------------------------------------------------------------------------------------------------------------------------
 SRID=4326;GEODSTBOX T((0.268648594617844,-0.124809212982655,0.573693215847015,2001-01-02 19:00:00+00),(0.819030582904816,0.416192591190338,0.950742423534393,2001-12-19 18:07:00+00))
(1 row)

select extent(ts) from tbl_tgeompoints;
                                                              extent                                                              
----------------------------------------------------------------------------------------------------------------------------------
 STBOX T((0.0101293902844191,0.0528112053871155,2001-01-01 10:09:00+00),(99.95361328125,99.9377899169922,2001-12-30 10:07:00+00))
(1 row)

select extent(ts) from tbl_tgeogpoints;
                                                                                        extent                                                                                        
--------------------------------------------------------------------------------------------------------------------------------------------------------------------------------------
 SRID=4326;GEODSTBOX T((0.269988596439362,-0.134475558996201,0.573580801486969,2001-01-01 20:01:00+00),(0.818450450897217,0.42333909869194,0.950980663299561,2001-12-22 20:33:00+00))
(1 row)

select extent(temp) from tbl_tgeompoint;
                                                              extent                                                               
-----------------------------------------------------------------------------------------------------------------------------------
 STBOX T((0.0985009595751762,0.568102896213531,2001-01-01 10:09:00+00),(99.9358596801758,99.9377899169922,2001-12-30 10:07:00+00))
(1 row)

select extent(temp) from tbl_tgeogpoint;
                                                                                        extent                                                                                         
---------------------------------------------------------------------------------------------------------------------------------------------------------------------------------------
 SRID=4326;GEODSTBOX T((0.278621822595596,-0.134475558996201,0.573633253574371,2001-01-04 09:31:00+00),(0.819030582904816,0.408011555671692,0.950228501113093,2001-12-17 18:56:00+00))
(1 row)

select extent(inst) from tbl_tgeompoint3Dinst;
                                                                               extent                                                                               
--------------------------------------------------------------------------------------------------------------------------------------------------------------------
 STBOX ZT((0.0969903022050858,0.915152370929718,1.2832818031311,2001-01-01 05:13:00+00),(95.650016784668,99.5739822387695,98.0109481811523,2001-12-24 21:44:00+00))
(1 row)

select extent(inst) from tbl_tgeogpoint3Dinst;
                                                                                        extent                                                                                         
---------------------------------------------------------------------------------------------------------------------------------------------------------------------------------------
 SRID=4326;GEODSTBOX T((0.279874593019485,-0.104427240788937,0.574344098567963,2001-01-04 03:22:00+00),(0.816263616085052,0.362572520971298,0.947936534881592,2001-12-28 09:03:00+00))
(1 row)

select extent(ti) from tbl_tgeompoint3Di;
                                                                               extent                                                                                
---------------------------------------------------------------------------------------------------------------------------------------------------------------------
 STBOX ZT((0.378317832946777,0.738285660743713,0.434348493814468,2001-01-09 23:49:00+00),(99.8739013671875,99.9101104736328,99.830680847168,2001-12-28 14:07:00+00))
(1 row)

select extent(ti) from tbl_tgeogpoint3Di;
                                                                                        extent                                                                                         
---------------------------------------------------------------------------------------------------------------------------------------------------------------------------------------
 SRID=4326;GEODSTBOX T((0.270672142505646,-0.116604000329971,0.574419975280762,2001-01-06 01:21:00+00),(0.817047894001007,0.427437901496887,0.950958073139191,2001-12-18 06:24:00+00))
(1 row)

select extent(seq) from tbl_tgeompoint3Dseq;
                                                                                extent                                                                                
----------------------------------------------------------------------------------------------------------------------------------------------------------------------
 STBOX ZT((0.0163091812282801,0.195945605635643,0.21574804186821,2001-01-02 01:22:00+00),(99.9341430664062,99.7131500244141,99.8706207275391,2001-12-29 08:08:00+00))
(1 row)

select extent(seq) from tbl_tgeogpoint3Dseq;
                                                                                        extent                                                                                         
---------------------------------------------------------------------------------------------------------------------------------------------------------------------------------------
 SRID=4326;GEODSTBOX T((0.279517024755478,-0.130629107356071,0.573637902736664,2001-01-01 05:04:00+00),(0.814964890480042,0.407563090324402,0.950810849666595,2001-12-14 14:34:00+00))
(1 row)

select extent(ts) from tbl_tgeompoint3Ds;
                                                                               extent                                                                                
---------------------------------------------------------------------------------------------------------------------------------------------------------------------
 STBOX ZT((0.0139362178742886,0.0790459513664246,0.0538359843194485,2001-01-01 08:42:00+00),(99.9970703125,99.940803527832,99.9818496704102,2001-12-30 14:00:00+00))
(1 row)

select extent(ts) from tbl_tgeogpoint3Ds;
                                                                                       extent                                                                                        
-------------------------------------------------------------------------------------------------------------------------------------------------------------------------------------
 SRID=4326;GEODSTBOX T((0.263680756092072,-0.138385772705078,0.5740966796875,2001-01-02 23:15:00+00),(0.814958691596985,0.413600295782089,0.951035499572754,2001-12-30 19:51:00+00))
(1 row)

select extent(temp) from tbl_tgeompoint3D;
                                                                              extent                                                                               
-------------------------------------------------------------------------------------------------------------------------------------------------------------------
 STBOX ZT((0.028999999165535,0.153450801968575,0.198564022779465,2001-01-01 05:13:00+00),(99.9970703125,99.9101104736328,99.9818496704102,2001-12-30 14:00:00+00))
(1 row)

select extent(temp) from tbl_tgeogpoint3D;
                                                                                        extent                                                                                        
--------------------------------------------------------------------------------------------------------------------------------------------------------------------------------------
 SRID=4326;GEODSTBOX T((0.270672142505646,-0.136686697602272,0.574344098567963,2001-01-04 03:45:00+00),(0.817047894001007,0.410720825195312,0.95049637556076,2001-12-23 08:21:00+00))
(1 row)

SELECT numInstants(tcentroid(inst)) FROM tbl_tgeompointinst;
 numinstants 
-------------
          96
(1 row)

SELECT numInstants(tcount(inst)) FROM tbl_tgeompointinst;
 numinstants 
-------------
          96
(1 row)

SELECT k%10, numInstants(tcentroid(inst)) FROM tbl_tgeompointinst GROUP BY k%10 ORDER BY k%10;
 ?column? | numinstants 
----------+-------------
        0 |          10
        1 |          10
        2 |          10
        3 |          10
        4 |          10
        5 |          10
        6 |          10
        7 |          10
        8 |          10
        9 |          10
(10 rows)

SELECT k%10, numInstants(tcount(inst)) FROM tbl_tgeompointinst GROUP BY k%10 ORDER BY k%10;
 ?column? | numinstants 
----------+-------------
        0 |          10
        1 |          10
        2 |          10
        3 |          10
        4 |          10
        5 |          10
        6 |          10
        7 |          10
        8 |          10
        9 |          10
(10 rows)

SELECT numInstants(tcentroid(ti)) FROM tbl_tgeompointi;
 numinstants 
-------------
         454
(1 row)

SELECT numInstants(tcount(ti)) FROM tbl_tgeompointi;
 numinstants 
-------------
         454
(1 row)

SELECT k%10, numInstants(tcentroid(ti)) FROM tbl_tgeompointi GROUP BY k%10 ORDER BY k%10;
 ?column? | numinstants 
----------+-------------
        0 |          59
        1 |          54
        2 |          39
        3 |          44
        4 |          56
        5 |          43
        6 |          52
        7 |          50
        8 |          41
        9 |          41
(10 rows)

SELECT k%10, numInstants(tcount(ti)) FROM tbl_tgeompointi GROUP BY k%10 ORDER BY k%10;
 ?column? | numinstants 
----------+-------------
        0 |          59
        1 |          54
        2 |          39
        3 |          44
        4 |          56
        5 |          43
        6 |          52
        7 |          50
        8 |          41
        9 |          41
(10 rows)

SELECT numSequences(tcentroid(seq)) FROM tbl_tgeompointseq;
 numsequences 
--------------
           99
(1 row)

SELECT numSequences(tcount(seq)) FROM tbl_tgeompointseq;
 numsequences 
--------------
           95
(1 row)

SELECT k%10, numSequences(tcentroid(seq)) FROM tbl_tgeompointseq GROUP BY k%10 ORDER BY k%10;
 ?column? | numsequences 
----------+--------------
        0 |           10
        1 |           10
        2 |           10
        3 |           11
        4 |           10
        5 |           10
        6 |           10
        7 |           10
        8 |           10
        9 |           10
(10 rows)

SELECT k%10, numSequences(tcount(seq)) FROM tbl_tgeompointseq GROUP BY k%10 ORDER BY k%10;
 ?column? | numsequences 
----------+--------------
        0 |           10
        1 |           10
        2 |           10
        3 |           10
        4 |           10
        5 |           10
        6 |           10
        7 |           10
        8 |           10
        9 |           10
(10 rows)

SELECT numSequences(tcentroid(ts)) FROM tbl_tgeompoints;
 numsequences 
--------------
          474
(1 row)

SELECT numSequences(tcount(ts)) FROM tbl_tgeompoints;
 numsequences 
--------------
          455
(1 row)

SELECT k%10, numSequences(tcentroid(ts)) FROM tbl_tgeompoints GROUP BY k%10 ORDER BY k%10;
 ?column? | numsequences 
----------+--------------
        0 |           35
        1 |           56
        2 |           37
        3 |           51
        4 |           46
        5 |           54
        6 |           43
        7 |           51
        8 |           44
        9 |           64
(10 rows)

SELECT k%10, numSequences(tcount(ts)) FROM tbl_tgeompoints GROUP BY k%10 ORDER BY k%10;
 ?column? | numsequences 
----------+--------------
        0 |           35
        1 |           56
        2 |           37
        3 |           51
        4 |           46
        5 |           54
        6 |           43
        7 |           51
        8 |           44
        9 |           64
(10 rows)

SELECT numInstants(tcentroid(inst)) FROM tbl_tgeompoint3Dinst;
 numinstants 
-------------
          96
(1 row)

SELECT numInstants(tcount(inst)) FROM tbl_tgeompoint3Dinst;
 numinstants 
-------------
          96
(1 row)

SELECT k%10, numInstants(tcentroid(inst)) FROM tbl_tgeompoint3Dinst GROUP BY k%10 ORDER BY k%10;
 ?column? | numinstants 
----------+-------------
        0 |          10
        1 |          10
        2 |          10
        3 |          10
        4 |          10
        5 |          10
        6 |          10
        7 |          10
        8 |          10
        9 |          10
(10 rows)

SELECT k%10, numInstants(tcount(inst)) FROM tbl_tgeompoint3Dinst GROUP BY k%10 ORDER BY k%10;
 ?column? | numinstants 
----------+-------------
        0 |          10
        1 |          10
        2 |          10
        3 |          10
        4 |          10
        5 |          10
        6 |          10
        7 |          10
        8 |          10
        9 |          10
(10 rows)

SELECT numInstants(tcentroid(ti)) FROM tbl_tgeompoint3Di;
 numinstants 
-------------
         495
(1 row)

SELECT numInstants(tcount(ti)) FROM tbl_tgeompoint3Di;
 numinstants 
-------------
         495
(1 row)

SELECT k%10, numInstants(tcentroid(ti)) FROM tbl_tgeompoint3Di GROUP BY k%10 ORDER BY k%10;
 ?column? | numinstants 
----------+-------------
        0 |          47
        1 |          53
        2 |          62
        3 |          63
        4 |          51
        5 |          52
        6 |          52
        7 |          51
        8 |          39
        9 |          58
(10 rows)

SELECT k%10, numInstants(tcount(ti)) FROM tbl_tgeompoint3Di GROUP BY k%10 ORDER BY k%10;
 ?column? | numinstants 
----------+-------------
        0 |          47
        1 |          53
        2 |          62
        3 |          63
        4 |          51
        5 |          52
        6 |          52
        7 |          51
        8 |          39
        9 |          58
(10 rows)

SELECT numSequences(tcentroid(seq)) FROM tbl_tgeompoint3Dseq;
 numsequences 
--------------
           99
(1 row)

SELECT numSequences(tcount(seq)) FROM tbl_tgeompoint3Dseq;
 numsequences 
--------------
           96
(1 row)

SELECT k%10, numSequences(tcentroid(seq)) FROM tbl_tgeompoint3Dseq GROUP BY k%10 ORDER BY k%10;
 ?column? | numsequences 
----------+--------------
        0 |           10
        1 |           10
        2 |           10
        3 |           10
        4 |           10
        5 |           10
        6 |           10
        7 |           10
        8 |           10
        9 |           10
(10 rows)

SELECT k%10, numSequences(tcount(seq)) FROM tbl_tgeompoint3Dseq GROUP BY k%10 ORDER BY k%10;
 ?column? | numsequences 
----------+--------------
        0 |           10
        1 |           10
        2 |           10
        3 |           10
        4 |           10
        5 |           10
        6 |           10
        7 |           10
        8 |           10
        9 |           10
(10 rows)

SELECT numSequences(tcentroid(ts)) FROM tbl_tgeompoint3Ds;
 numsequences 
--------------
          522
(1 row)

SELECT numSequences(tcount(ts)) FROM tbl_tgeompoint3Ds;
 numsequences 
--------------
          478
(1 row)

SELECT k%10, numSequences(tcentroid(ts)) FROM tbl_tgeompoint3Ds GROUP BY k%10 ORDER BY k%10;
 ?column? | numsequences 
----------+--------------
        0 |           54
        1 |           41
        2 |           65
        3 |           57
        4 |           48
        5 |           27
        6 |           41
        7 |           62
        8 |           48
        9 |           58
(10 rows)

SELECT k%10, numSequences(tcount(ts)) FROM tbl_tgeompoint3Ds GROUP BY k%10 ORDER BY k%10;
 ?column? | numsequences 
----------+--------------
        0 |           54
        1 |           41
        2 |           65
        3 |           57
        4 |           48
        5 |           27
        6 |           41
        7 |           62
        8 |           47
        9 |           58
(10 rows)

SELECT numInstants(tcount(inst)) FROM tbl_tgeogpointinst;
 numinstants 
-------------
          96
(1 row)

SELECT k%10, numInstants(tcount(inst)) FROM tbl_tgeogpointinst GROUP BY k%10 ORDER BY k%10;
 ?column? | numinstants 
----------+-------------
        0 |          10
        1 |          10
        2 |          10
        3 |          10
        4 |          10
        5 |          10
        6 |          10
        7 |          10
        8 |          10
        9 |          10
(10 rows)

SELECT numInstants(tcount(ti)) FROM tbl_tgeogpointi;
 numinstants 
-------------
         476
(1 row)

SELECT k%10, numInstants(tcount(ti)) FROM tbl_tgeogpointi GROUP BY k%10 ORDER BY k%10;
 ?column? | numinstants 
----------+-------------
        0 |          59
        1 |          66
        2 |          47
        3 |          50
        4 |          39
        5 |          42
        6 |          47
        7 |          47
        8 |          51
        9 |          49
(10 rows)

SELECT numSequences(tcount(seq)) FROM tbl_tgeogpointseq;
 numsequences 
--------------
           95
(1 row)

SELECT k%10, numSequences(tcount(seq)) FROM tbl_tgeogpointseq GROUP BY k%10 ORDER BY k%10;
 ?column? | numsequences 
----------+--------------
        0 |           10
        1 |           10
        2 |           10
        3 |           10
        4 |           10
        5 |           10
        6 |           10
        7 |           10
        8 |           10
        9 |           10
(10 rows)

SELECT numSequences(tcount(ts)) FROM tbl_tgeogpoints;
 numsequences 
--------------
          480
(1 row)

SELECT k%10, numSequences(tcount(ts)) FROM tbl_tgeogpoints GROUP BY k%10 ORDER BY k%10;
 ?column? | numsequences 
----------+--------------
        0 |           53
        1 |           50
        2 |           48
        3 |           44
        4 |           61
        5 |           54
        6 |           60
        7 |           55
        8 |           32
        9 |           43
(10 rows)

set parallel_tuple_cost=100;
SET
set parallel_setup_cost=100;
SET
set force_parallel_mode=off;
SET
