SELECT asText(tcentroid(temp)) FROM (VALUES 
  (tgeompoint '[Point(1 1)@2000-01-01, Point(2 2)@2000-01-02)'),
  (tgeompoint '[Point(3 3)@2000-01-03, Point(4 4)@2000-01-04)'),
  (tgeompoint '[Point(2 2)@2000-01-02, Point(3 3)@2000-01-03)')) t(temp);
                                  astext                                  
--------------------------------------------------------------------------
 {[POINT(1 1)@2000-01-01 00:00:00+00, POINT(4 4)@2000-01-04 00:00:00+00)}
(1 row)

SELECT asText(tcentroid(temp)) FROM (VALUES 
  (tgeompoint '[Point(1 1 1)@2000-01-01, Point(2 2 2)@2000-01-02)'),
  (tgeompoint '[Point(3 3 3)@2000-01-03, Point(4 4 4)@2000-01-04)'),
  (tgeompoint '[Point(2 2 2)@2000-01-02, Point(3 3 3)@2000-01-03)')) t(temp);
                                       astext                                       
------------------------------------------------------------------------------------
 {[POINT Z (1 1 1)@2000-01-01 00:00:00+00, POINT Z (4 4 4)@2000-01-04 00:00:00+00)}
(1 row)

/* Errors */
SELECT asText(tcentroid(temp)) FROM (VALUES 
  (tgeompoint 'Point(0 0)@2000-01-01'),
  (tgeompoint 'srid=5676;Point(1 1)@2000-01-01'),
  ('Point(2 2)@2000-01-01')) t(temp);
ERROR:  Geometries must have the same SRID for temporal aggregation
SELECT asText(tcentroid(temp)) FROM (VALUES 
  (tgeompoint 'Point(0 0)@2000-01-01'),
  (tgeompoint 'Point(1 1)@2000-01-01'),
  ('Point(2 2 2)@2000-01-01')) t(temp);
ERROR:  Geometries must have the same dimensionality for temporal aggregation
SELECT asText(tcentroid(temp)) FROM (VALUES 
  (tgeompoint 'Point(0 0)@2000-01-01'),
  (tgeompoint '{Point(1 1)@2000-01-01, Point(2 2)@2000-01-02}'),
  ('Point(2 2 2)@2000-01-01')) t(temp);
ERROR:  Geometries must have the same dimensionality for temporal aggregation
SELECT extent(temp) FROM (VALUES
  (tgeompoint '[Point(1 1)@2000-01-01, Point(2 2)@2000-01-02)'),
  (tgeompoint '[Point(3 3)@2000-01-03, Point(4 4)@2000-01-04)'),
  (tgeompoint '[Point(2 2)@2000-01-02, Point(3 3)@2000-01-03)')) t(temp);
                               extent                               
--------------------------------------------------------------------
 STBOX T((1,1,2000-01-01 00:00:00+00),(4,4,2000-01-04 00:00:00+00))
(1 row)

SELECT extent(temp) FROM (VALUES
  (tgeogpoint '[Point(1 1 1)@2000-01-01, Point(2 2 2)@2000-01-02)'),
  (tgeogpoint '[Point(3 3 3)@2000-01-03, Point(4 4 4)@2000-01-04)'),
  (tgeogpoint '[Point(2 2 2)@2000-01-02, Point(3 3 3)@2000-01-03)')) t(temp);
                                                                                          extent                                                                                          
------------------------------------------------------------------------------------------------------------------------------------------------------------------------------------------
 SRID=4326;GEODSTBOX T((0.995133996009827,0.0174497477710247,0.0174524057656527,2000-01-01 00:00:00+00),(0.999695420265198,0.0695865526795387,0.0697564780712128,2000-01-04 00:00:00+00))
(1 row)

/* Errors */
SELECT extent(temp) FROM (VALUES
  (tgeompoint 'Point(1 1 1)@2000-01-01'),
  (tgeompoint 'Point(1 1)@2000-01-01')) t(temp);
ERROR:  The temporal point and the box must be of the same dimensionality
