SELECT MAX(route(np)) FROM tbl_npoint;
 max 
-----
  98
(1 row)

SELECT MAX(getPosition(np)) FROM tbl_npoint;
   max    
----------
 0.999506
(1 row)

SELECT MAX(route(ns)) FROM tbl_nsegment;
 max 
-----
  99
(1 row)

SELECT MAX(startPosition(ns)) FROM tbl_nsegment;
   max    
----------
 0.914219
(1 row)

SELECT MAX(endPosition(ns)) FROM tbl_nsegment;
   max    
----------
 0.997257
(1 row)

SELECT count(*) FROM tbl_npoint where np::geometry is not null;
 count 
-------
   100
(1 row)

SELECT count(*) FROM tbl_nsegment ns::geometry is not null;
ERROR:  syntax error at or near "::"
LINE 1: SELECT count(*) FROM tbl_nsegment ns::geometry is not null;
                                            ^
SELECT count(*) FROM tbl_npoint WHERE np = (np::geometry)::npoint;
 count 
-------
   100
(1 row)

SELECT count(*) FROM tbl_nsegment WHERE ns = (ns::geometry)::nsegment;
 count 
-------
   100
(1 row)

SELECT count(*) FROM tbl_geompoint WHERE CASE WHEN NOT ST_IsEmpty(g) THEN g::npoint IS NOT NULL END;
 count 
-------
     0
(1 row)

SELECT count(*) FROM tbl_geomlinestring WHERE CASE WHEN NOT ST_IsEmpty(g) THEN g::nsegment IS NOT NULL END;
 count 
-------
     0
(1 row)

SELECT count(*) FROM tbl_npoint t1, tbl_npoint t2 WHERE t1.np = t2.np;
 count 
-------
   100
(1 row)

SELECT count(*) FROM tbl_npoint t1, tbl_npoint t2 WHERE t1.np != t2.np;
 count 
-------
  9900
(1 row)

SELECT count(*) FROM tbl_npoint t1, tbl_npoint t2 WHERE t1.np < t2.np;
 count 
-------
  4950
(1 row)

SELECT count(*) FROM tbl_npoint t1, tbl_npoint t2 WHERE t1.np <= t2.np;
 count 
-------
  5050
(1 row)

SELECT count(*) FROM tbl_npoint t1, tbl_npoint t2 WHERE t1.np > t2.np;
 count 
-------
  4950
(1 row)

SELECT count(*) FROM tbl_npoint t1, tbl_npoint t2 WHERE t1.np >= t2.np;
 count 
-------
  5050
(1 row)

SELECT count(*) FROM tbl_nsegment t1, tbl_nsegment t2 WHERE t1.ns = t2.ns;
 count 
-------
   100
(1 row)

SELECT count(*) FROM tbl_nsegment t1, tbl_nsegment t2 WHERE t1.ns != t2.ns;
 count 
-------
  9900
(1 row)

SELECT count(*) FROM tbl_nsegment t1, tbl_nsegment t2 WHERE t1.ns < t2.ns;
 count 
-------
  4950
(1 row)

SELECT count(*) FROM tbl_nsegment t1, tbl_nsegment t2 WHERE t1.ns <= t2.ns;
 count 
-------
  5050
(1 row)

SELECT count(*) FROM tbl_nsegment t1, tbl_nsegment t2 WHERE t1.ns > t2.ns;
 count 
-------
  4950
(1 row)

SELECT count(*) FROM tbl_nsegment t1, tbl_nsegment t2 WHERE t1.ns >= t2.ns;
 count 
-------
  5050
(1 row)

