SELECT geometry 'SRID=5676;Point(1 1)' <-> tnpoint 'Npoint(1, 0.5)@2000-01-01';
                ?column?                 
-----------------------------------------
 90.3869089607311@2000-01-01 00:00:00+00
(1 row)

SELECT geometry 'SRID=5676;Point(1 1)' <-> tnpoint '{Npoint(1, 0.3)@2000-01-01, Npoint(1, 0.5)@2000-01-02, Npoint(1, 0.5)@2000-01-03}';
                                                          ?column?                                                           
-----------------------------------------------------------------------------------------------------------------------------
 {100.405629900872@2000-01-01 00:00:00+00, 90.3869089607311@2000-01-02 00:00:00+00, 90.3869089607311@2000-01-03 00:00:00+00}
(1 row)

SELECT geometry 'SRID=5676;Point(1 1)' <-> tnpoint '[Npoint(1, 0.2)@2000-01-01, Npoint(1, 0.4)@2000-01-02, Npoint(1, 0.5)@2000-01-03]';
                                                                                  ?column?                                                                                   
-----------------------------------------------------------------------------------------------------------------------------------------------------------------------------
 [105.852042285199@2000-01-01 00:00:00+00, 105.206136734874@2000-01-01 01:15:44.194436+00, 95.2609546425631@2000-01-02 00:00:00+00, 90.3869089607311@2000-01-03 00:00:00+00]
(1 row)

SELECT geometry 'SRID=5676;Point(1 1)' <-> tnpoint '{[Npoint(1, 0.2)@2000-01-01, Npoint(1, 0.4)@2000-01-02, Npoint(1, 0.5)@2000-01-03], [Npoint(2, 0.6)@2000-01-04, Npoint(2, 0.6)@2000-01-05]}';
                                                                                                                             ?column?                                                                                                                              
-------------------------------------------------------------------------------------------------------------------------------------------------------------------------------------------------------------------------------------------------------------------
 {[105.852042285199@2000-01-01 00:00:00+00, 105.206136734874@2000-01-01 01:15:44.194436+00, 95.2609546425631@2000-01-02 00:00:00+00, 90.3869089607311@2000-01-03 00:00:00+00], [81.0275222410943@2000-01-04 00:00:00+00, 81.0275222410943@2000-01-05 00:00:00+00]}
(1 row)

SELECT geometry 'SRID=5676;Point empty' <-> tnpoint 'Npoint(1, 0.5)@2000-01-01';
 ?column? 
----------
 
(1 row)

SELECT geometry 'SRID=5676;Point empty' <-> tnpoint '{Npoint(1, 0.3)@2000-01-01, Npoint(1, 0.5)@2000-01-02, Npoint(1, 0.5)@2000-01-03}';
 ?column? 
----------
 
(1 row)

SELECT geometry 'SRID=5676;Point empty' <-> tnpoint '[Npoint(1, 0.2)@2000-01-01, Npoint(1, 0.4)@2000-01-02, Npoint(1, 0.5)@2000-01-03]';
 ?column? 
----------
 
(1 row)

SELECT geometry 'SRID=5676;Point empty' <-> tnpoint '{[Npoint(1, 0.2)@2000-01-01, Npoint(1, 0.4)@2000-01-02, Npoint(1, 0.5)@2000-01-03], [Npoint(2, 0.6)@2000-01-04, Npoint(2, 0.6)@2000-01-05]}';
 ?column? 
----------
 
(1 row)

SELECT npoint 'NPoint(1, 0.2)' <-> tnpoint 'Npoint(1, 0.5)@2000-01-01';
                ?column?                
----------------------------------------
 21.392015699257@2000-01-01 00:00:00+00
(1 row)

SELECT npoint 'NPoint(1, 0.2)' <-> tnpoint '{Npoint(1, 0.3)@2000-01-01, Npoint(1, 0.5)@2000-01-02, Npoint(1, 0.5)@2000-01-03}';
                                                         ?column?                                                          
---------------------------------------------------------------------------------------------------------------------------
 {7.12492775593767@2000-01-01 00:00:00+00, 21.392015699257@2000-01-02 00:00:00+00, 21.392015699257@2000-01-03 00:00:00+00}
(1 row)

SELECT npoint 'NPoint(1, 0.2)' <-> tnpoint '[Npoint(1, 0.2)@2000-01-01, Npoint(1, 0.4)@2000-01-02, Npoint(1, 0.5)@2000-01-03]';
                                                                          ?column?                                                                           
-------------------------------------------------------------------------------------------------------------------------------------------------------------
 [0@2000-01-01 00:00:00+00, 0.750412000936359@2000-01-01 01:15:44.194436+00, 14.258296931314@2000-01-02 00:00:00+00, 21.392015699257@2000-01-03 00:00:00+00]
(1 row)

SELECT npoint 'NPoint(1, 0.2)' <-> tnpoint '{[Npoint(1, 0.2)@2000-01-01, Npoint(1, 0.4)@2000-01-02, Npoint(1, 0.5)@2000-01-03], [Npoint(2, 0.6)@2000-01-04, Npoint(2, 0.6)@2000-01-05]}';
                                                                                                                     ?column?                                                                                                                      
---------------------------------------------------------------------------------------------------------------------------------------------------------------------------------------------------------------------------------------------------
 {[0@2000-01-01 00:00:00+00, 0.750412000936359@2000-01-01 01:15:44.194436+00, 14.258296931314@2000-01-02 00:00:00+00, 21.392015699257@2000-01-03 00:00:00+00], [42.7064417409581@2000-01-04 00:00:00+00, 42.7064417409581@2000-01-05 00:00:00+00]}
(1 row)

SELECT tnpoint 'Npoint(1, 0.5)@2000-01-01' <-> npoint 'NPoint(1, 0.2)';
                ?column?                
----------------------------------------
 21.392015699257@2000-01-01 00:00:00+00
(1 row)

SELECT tnpoint '{Npoint(1, 0.3)@2000-01-01, Npoint(1, 0.5)@2000-01-02, Npoint(1, 0.5)@2000-01-03}' <-> npoint 'NPoint(1, 0.2)';
                                                         ?column?                                                          
---------------------------------------------------------------------------------------------------------------------------
 {7.12492775593767@2000-01-01 00:00:00+00, 21.392015699257@2000-01-02 00:00:00+00, 21.392015699257@2000-01-03 00:00:00+00}
(1 row)

SELECT tnpoint '[Npoint(1, 0.2)@2000-01-01, Npoint(1, 0.4)@2000-01-02, Npoint(1, 0.5)@2000-01-03]' <-> npoint 'NPoint(1, 0.2)';
                                                                          ?column?                                                                           
-------------------------------------------------------------------------------------------------------------------------------------------------------------
 [0@2000-01-01 00:00:00+00, 0.750412000936359@2000-01-01 01:15:44.194436+00, 14.258296931314@2000-01-02 00:00:00+00, 21.392015699257@2000-01-03 00:00:00+00]
(1 row)

SELECT tnpoint '{[Npoint(1, 0.2)@2000-01-01, Npoint(1, 0.4)@2000-01-02, Npoint(1, 0.5)@2000-01-03], [Npoint(2, 0.6)@2000-01-04, Npoint(2, 0.6)@2000-01-05]}' <-> npoint 'NPoint(1, 0.2)';
                                                                                                                     ?column?                                                                                                                      
---------------------------------------------------------------------------------------------------------------------------------------------------------------------------------------------------------------------------------------------------
 {[0@2000-01-01 00:00:00+00, 0.750412000936359@2000-01-01 01:15:44.194436+00, 14.258296931314@2000-01-02 00:00:00+00, 21.392015699257@2000-01-03 00:00:00+00], [42.7064417409581@2000-01-04 00:00:00+00, 42.7064417409581@2000-01-05 00:00:00+00]}
(1 row)

SELECT tnpoint 'Npoint(1, 0.5)@2000-01-01' <-> geometry 'SRID=5676;Point(1 1)';
                ?column?                 
-----------------------------------------
 90.3869089607311@2000-01-01 00:00:00+00
(1 row)

SELECT tnpoint '{Npoint(1, 0.3)@2000-01-01, Npoint(1, 0.5)@2000-01-02, Npoint(1, 0.5)@2000-01-03}' <-> geometry 'SRID=5676;Point(1 1)';
                                                          ?column?                                                           
-----------------------------------------------------------------------------------------------------------------------------
 {100.405629900872@2000-01-01 00:00:00+00, 90.3869089607311@2000-01-02 00:00:00+00, 90.3869089607311@2000-01-03 00:00:00+00}
(1 row)

SELECT tnpoint '[Npoint(1, 0.2)@2000-01-01, Npoint(1, 0.4)@2000-01-02, Npoint(1, 0.5)@2000-01-03]' <-> geometry 'SRID=5676;Point(1 1)';
                                                                                  ?column?                                                                                   
-----------------------------------------------------------------------------------------------------------------------------------------------------------------------------
 [105.852042285199@2000-01-01 00:00:00+00, 105.206136734874@2000-01-01 01:15:44.194436+00, 95.2609546425631@2000-01-02 00:00:00+00, 90.3869089607311@2000-01-03 00:00:00+00]
(1 row)

SELECT tnpoint '{[Npoint(1, 0.2)@2000-01-01, Npoint(1, 0.4)@2000-01-02, Npoint(1, 0.5)@2000-01-03], [Npoint(2, 0.6)@2000-01-04, Npoint(2, 0.6)@2000-01-05]}' <-> geometry 'SRID=5676;Point(1 1)';
                                                                                                                             ?column?                                                                                                                              
-------------------------------------------------------------------------------------------------------------------------------------------------------------------------------------------------------------------------------------------------------------------
 {[105.852042285199@2000-01-01 00:00:00+00, 105.206136734874@2000-01-01 01:15:44.194436+00, 95.2609546425631@2000-01-02 00:00:00+00, 90.3869089607311@2000-01-03 00:00:00+00], [81.0275222410943@2000-01-04 00:00:00+00, 81.0275222410943@2000-01-05 00:00:00+00]}
(1 row)

SELECT tnpoint 'Npoint(1, 0.5)@2000-01-01' <-> geometry 'SRID=5676;Point empty';
 ?column? 
----------
 
(1 row)

SELECT tnpoint '{Npoint(1, 0.3)@2000-01-01, Npoint(1, 0.5)@2000-01-02, Npoint(1, 0.5)@2000-01-03}' <-> geometry 'SRID=5676;Point empty';
 ?column? 
----------
 
(1 row)

SELECT tnpoint '[Npoint(1, 0.2)@2000-01-01, Npoint(1, 0.4)@2000-01-02, Npoint(1, 0.5)@2000-01-03]' <-> geometry 'SRID=5676;Point empty';
 ?column? 
----------
 
(1 row)

SELECT tnpoint '{[Npoint(1, 0.2)@2000-01-01, Npoint(1, 0.4)@2000-01-02, Npoint(1, 0.5)@2000-01-03], [Npoint(2, 0.6)@2000-01-04, Npoint(2, 0.6)@2000-01-05]}' <-> geometry 'SRID=5676;Point empty';
 ?column? 
----------
 
(1 row)

SELECT tnpoint 'Npoint(1, 0.5)@2000-01-01' <-> tnpoint 'Npoint(1, 0.5)@2000-01-01';
         ?column?         
--------------------------
 0@2000-01-01 00:00:00+00
(1 row)

SELECT tnpoint '{Npoint(1, 0.3)@2000-01-01, Npoint(1, 0.5)@2000-01-02, Npoint(1, 0.5)@2000-01-03}' <-> tnpoint 'Npoint(1, 0.5)@2000-01-01';
         ?column?         
--------------------------
 0@2000-01-01 00:00:00+00
(1 row)

SELECT tnpoint '[Npoint(1, 0.2)@2000-01-01, Npoint(1, 0.4)@2000-01-02, Npoint(1, 0.5)@2000-01-03]' <-> tnpoint 'Npoint(1, 0.5)@2000-01-01';
         ?column?         
--------------------------
 0@2000-01-01 00:00:00+00
(1 row)

SELECT tnpoint '{[Npoint(1, 0.2)@2000-01-01, Npoint(1, 0.4)@2000-01-02, Npoint(1, 0.5)@2000-01-03], [Npoint(2, 0.6)@2000-01-04, Npoint(2, 0.6)@2000-01-05]}' <-> tnpoint 'Npoint(1, 0.5)@2000-01-01';
                ?column?                
----------------------------------------
 21.392015699257@2000-01-01 00:00:00+00
(1 row)

SELECT tnpoint 'Npoint(1, 0.5)@2000-01-01' <-> tnpoint '{Npoint(1, 0.3)@2000-01-01, Npoint(1, 0.5)@2000-01-02, Npoint(1, 0.5)@2000-01-03}';
         ?column?         
--------------------------
 0@2000-01-01 00:00:00+00
(1 row)

SELECT tnpoint '{Npoint(1, 0.3)@2000-01-01, Npoint(1, 0.5)@2000-01-02, Npoint(1, 0.5)@2000-01-03}' <-> tnpoint '{Npoint(1, 0.3)@2000-01-01, Npoint(1, 0.5)@2000-01-02, Npoint(1, 0.5)@2000-01-03}';
                                    ?column?                                    
--------------------------------------------------------------------------------
 {0@2000-01-01 00:00:00+00, 0@2000-01-02 00:00:00+00, 0@2000-01-03 00:00:00+00}
(1 row)

SELECT tnpoint '[Npoint(1, 0.2)@2000-01-01, Npoint(1, 0.4)@2000-01-02, Npoint(1, 0.5)@2000-01-03]' <-> tnpoint '{Npoint(1, 0.3)@2000-01-01, Npoint(1, 0.5)@2000-01-02, Npoint(1, 0.5)@2000-01-03}';
                                                   ?column?                                                   
--------------------------------------------------------------------------------------------------------------
 {7.12492775593767@2000-01-01 00:00:00+00, 7.13389334240255@2000-01-02 00:00:00+00, 0@2000-01-03 00:00:00+00}
(1 row)

SELECT tnpoint '{[Npoint(1, 0.2)@2000-01-01, Npoint(1, 0.4)@2000-01-02, Npoint(1, 0.5)@2000-01-03], [Npoint(2, 0.6)@2000-01-04, Npoint(2, 0.6)@2000-01-05]}' <-> tnpoint '{Npoint(1, 0.3)@2000-01-01, Npoint(1, 0.5)@2000-01-02, Npoint(1, 0.5)@2000-01-03}';
                                                   ?column?                                                   
--------------------------------------------------------------------------------------------------------------
 {7.12492775593767@2000-01-01 00:00:00+00, 7.13389334240255@2000-01-02 00:00:00+00, 0@2000-01-03 00:00:00+00}
(1 row)

SELECT tnpoint 'Npoint(1, 0.5)@2000-01-01' <-> tnpoint '[Npoint(1, 0.2)@2000-01-01, Npoint(1, 0.4)@2000-01-02, Npoint(1, 0.5)@2000-01-03]';
         ?column?         
--------------------------
 0@2000-01-01 00:00:00+00
(1 row)

SELECT tnpoint '{Npoint(1, 0.3)@2000-01-01, Npoint(1, 0.5)@2000-01-02, Npoint(1, 0.5)@2000-01-03}' <-> tnpoint '[Npoint(1, 0.2)@2000-01-01, Npoint(1, 0.4)@2000-01-02, Npoint(1, 0.5)@2000-01-03]';
                                                   ?column?                                                   
--------------------------------------------------------------------------------------------------------------
 {7.12492775593767@2000-01-01 00:00:00+00, 7.13389334240255@2000-01-02 00:00:00+00, 0@2000-01-03 00:00:00+00}
(1 row)

SELECT tnpoint '[Npoint(1, 0.2)@2000-01-01, Npoint(1, 0.4)@2000-01-02, Npoint(1, 0.5)@2000-01-03]' <-> tnpoint '[Npoint(1, 0.2)@2000-01-01, Npoint(1, 0.4)@2000-01-02, Npoint(1, 0.5)@2000-01-03]';
                       ?column?                       
------------------------------------------------------
 [0@2000-01-01 00:00:00+00, 0@2000-01-03 00:00:00+00]
(1 row)

SELECT tnpoint '{[Npoint(1, 0.2)@2000-01-01, Npoint(1, 0.4)@2000-01-02, Npoint(1, 0.5)@2000-01-03], [Npoint(2, 0.6)@2000-01-04, Npoint(2, 0.6)@2000-01-05]}' <-> tnpoint '[Npoint(1, 0.2)@2000-01-01, Npoint(1, 0.4)@2000-01-02, Npoint(1, 0.5)@2000-01-03]';
                        ?column?                        
--------------------------------------------------------
 {[0@2000-01-01 00:00:00+00, 0@2000-01-03 00:00:00+00]}
(1 row)

SELECT tnpoint 'Npoint(1, 0.5)@2000-01-01' <-> tnpoint '{[Npoint(1, 0.2)@2000-01-01, Npoint(1, 0.4)@2000-01-02, Npoint(1, 0.5)@2000-01-03], [Npoint(2, 0.6)@2000-01-04, Npoint(2, 0.6)@2000-01-05]}';
                ?column?                
----------------------------------------
 21.392015699257@2000-01-01 00:00:00+00
(1 row)

SELECT tnpoint '{Npoint(1, 0.3)@2000-01-01, Npoint(1, 0.5)@2000-01-02, Npoint(1, 0.5)@2000-01-03}' <-> tnpoint '{[Npoint(1, 0.2)@2000-01-01, Npoint(1, 0.4)@2000-01-02, Npoint(1, 0.5)@2000-01-03], [Npoint(2, 0.6)@2000-01-04, Npoint(2, 0.6)@2000-01-05]}';
                                                   ?column?                                                   
--------------------------------------------------------------------------------------------------------------
 {7.12492775593767@2000-01-01 00:00:00+00, 7.13389334240255@2000-01-02 00:00:00+00, 0@2000-01-03 00:00:00+00}
(1 row)

SELECT tnpoint '[Npoint(1, 0.2)@2000-01-01, Npoint(1, 0.4)@2000-01-02, Npoint(1, 0.5)@2000-01-03]' <-> tnpoint '{[Npoint(1, 0.2)@2000-01-01, Npoint(1, 0.4)@2000-01-02, Npoint(1, 0.5)@2000-01-03], [Npoint(2, 0.6)@2000-01-04, Npoint(2, 0.6)@2000-01-05]}';
                        ?column?                        
--------------------------------------------------------
 {[0@2000-01-01 00:00:00+00, 0@2000-01-03 00:00:00+00]}
(1 row)

SELECT tnpoint '{[Npoint(1, 0.2)@2000-01-01, Npoint(1, 0.4)@2000-01-02, Npoint(1, 0.5)@2000-01-03], [Npoint(2, 0.6)@2000-01-04, Npoint(2, 0.6)@2000-01-05]}' <-> tnpoint '{[Npoint(1, 0.2)@2000-01-01, Npoint(1, 0.4)@2000-01-02, Npoint(1, 0.5)@2000-01-03], [Npoint(2, 0.6)@2000-01-04, Npoint(2, 0.6)@2000-01-05]}';
                                                   ?column?                                                   
--------------------------------------------------------------------------------------------------------------
 {[0@2000-01-01 00:00:00+00, 0@2000-01-03 00:00:00+00], [0@2000-01-04 00:00:00+00, 0@2000-01-05 00:00:00+00]}
(1 row)

