select count(*) from tbl_intrange t1, tbl_int t2 where t1.i << t2.i;
 count 
-------
  4366
(1 row)

select count(*) from tbl_int t1, tbl_intrange t2 where t1.i << t2.i;
 count 
-------
  4928
(1 row)

select count(*) from tbl_intrange t1, tbl_int t2 where t1.i >> t2.i;
 count 
-------
  4928
(1 row)

select count(*) from tbl_int t1, tbl_intrange t2 where t1.i >> t2.i;
 count 
-------
  4366
(1 row)

select count(*) from tbl_intrange t1, tbl_int t2 where t1.i &< t2.i;
 count 
-------
  4366
(1 row)

select count(*) from tbl_int t1, tbl_intrange t2 where t1.i &< t2.i;
 count 
-------
  5048
(1 row)

select count(*) from tbl_intrange t1, tbl_int t2 where t1.i &> t2.i;
 count 
-------
  5048
(1 row)

select count(*) from tbl_int t1, tbl_intrange t2 where t1.i &> t2.i;
 count 
-------
  4366
(1 row)

select count(*) from tbl_intrange t1, tbl_int t2 where t1.i -|- t2.i;
 count 
-------
   167
(1 row)

select count(*) from tbl_int t1, tbl_intrange t2 where t1.i -|- t2.i;
 count 
-------
   167
(1 row)

select count(*) from tbl_floatrange t1, tbl_float t2 where t1.f << t2.f;
 count 
-------
  4089
(1 row)

select count(*) from tbl_float t1, tbl_floatrange t2 where t1.f << t2.f;
 count 
-------
  5205
(1 row)

select count(*) from tbl_floatrange t1, tbl_float t2 where t1.f >> t2.f;
 count 
-------
  5205
(1 row)

select count(*) from tbl_float t1, tbl_floatrange t2 where t1.f >> t2.f;
 count 
-------
  4089
(1 row)

select count(*) from tbl_floatrange t1, tbl_float t2 where t1.f &< t2.f;
 count 
-------
  4089
(1 row)

select count(*) from tbl_float t1, tbl_floatrange t2 where t1.f &< t2.f;
 count 
-------
  5205
(1 row)

select count(*) from tbl_floatrange t1, tbl_float t2 where t1.f &> t2.f;
 count 
-------
  5205
(1 row)

select count(*) from tbl_float t1, tbl_floatrange t2 where t1.f &> t2.f;
 count 
-------
  4089
(1 row)

select count(*) from tbl_floatrange t1, tbl_float t2 where t1.f -|- t2.f;
 count 
-------
     0
(1 row)

select count(*) from tbl_float t1, tbl_floatrange t2 where t1.f -|- t2.f;
 count 
-------
     0
(1 row)

