VACUUM ANALYZE tbl_timestampset_big;
VACUUM
VACUUM ANALYZE tbl_period_big;
VACUUM
VACUUM ANALYZE tbl_periodset_big;
VACUUM
DROP INDEX IF EXISTS tbl_timestampset_big_gist_idx;
NOTICE:  index "tbl_timestampset_big_gist_idx" does not exist, skipping
DROP INDEX
DROP INDEX IF EXISTS tbl_timestampset_big_spgist_idx;
NOTICE:  index "tbl_timestampset_big_spgist_idx" does not exist, skipping
DROP INDEX
DROP INDEX IF EXISTS tbl_period_big_gist_idx;
NOTICE:  index "tbl_period_big_gist_idx" does not exist, skipping
DROP INDEX
DROP INDEX IF EXISTS tbl_period_big_spgist_idx;
NOTICE:  index "tbl_period_big_spgist_idx" does not exist, skipping
DROP INDEX
DROP INDEX IF EXISTS tbl_periodset_big_gist_idx;
NOTICE:  index "tbl_periodset_big_gist_idx" does not exist, skipping
DROP INDEX
DROP INDEX IF EXISTS tbl_periodset_big_spgist_idx;
NOTICE:  index "tbl_periodset_big_spgist_idx" does not exist, skipping
DROP INDEX
CREATE INDEX tbl_timestampset_big_gist_idx ON tbl_timestampset_big USING GIST(ts);
CREATE INDEX
CREATE INDEX tbl_period_big_gist_idx ON tbl_period_big USING GIST(p);
CREATE INDEX
CREATE INDEX tbl_periodset_big_gist_idx ON tbl_periodset_big USING GIST(ps);
CREATE INDEX
SELECT count(*) FROM tbl_timestampset_big WHERE ts && period '[2001-01-01, 2001-07-01]';
 count 
-------
  5943
(1 row)

SELECT count(*) FROM tbl_timestampset_big WHERE ts @> period '[2001-01-01, 2001-07-01]';
 count 
-------
     0
(1 row)

SELECT count(*) FROM tbl_timestampset_big WHERE ts <@ period '[2001-01-01, 2001-07-01]';
 count 
-------
  5941
(1 row)

SELECT count(*) FROM tbl_timestampset_big WHERE ts <<# period '[2001-01-01, 2001-07-01]';
 count 
-------
     0
(1 row)

SELECT count(*) FROM tbl_timestampset_big WHERE ts &<# period '[2001-01-01, 2001-07-01]';
 count 
-------
  5942
(1 row)

SELECT count(*) FROM tbl_timestampset_big WHERE ts #>> period '[2001-01-01, 2001-07-01]';
 count 
-------
  5937
(1 row)

SELECT count(*) FROM tbl_timestampset_big WHERE ts #&> period '[2001-01-01, 2001-07-01]';
 count 
-------
 11879
(1 row)

SELECT count(*) FROM tbl_period_big WHERE p && timestamptz '2001-01-01';
 count 
-------
     0
(1 row)

SELECT count(*) FROM tbl_period_big WHERE p @> timestamptz '2001-01-01';
 count 
-------
     0
(1 row)

SELECT count(*) FROM tbl_period_big WHERE p <@ timestamptz '2001-01-01';
 count 
-------
     0
(1 row)

SELECT count(*) FROM tbl_period_big WHERE p <<# timestamptz '2001-01-01';
 count 
-------
     0
(1 row)

SELECT count(*) FROM tbl_period_big WHERE p &<# timestamptz '2001-01-01';
 count 
-------
     0
(1 row)

SELECT count(*) FROM tbl_period_big WHERE p #>> timestamptz '2001-01-01';
 count 
-------
 11880
(1 row)

SELECT count(*) FROM tbl_period_big WHERE p #&> timestamptz '2001-01-01';
 count 
-------
 11880
(1 row)

SELECT count(*) FROM tbl_period_big WHERE p && timestampset '{2001-01-01, 2001-07-01}';
 count 
-------
     0
(1 row)

SELECT count(*) FROM tbl_period_big WHERE p @> timestampset '{2001-01-01, 2001-07-01}';
 count 
-------
     0
(1 row)

SELECT count(*) FROM tbl_period_big WHERE p <@ timestampset '{2001-01-01, 2001-07-01}';
 count 
-------
  6001
(1 row)

SELECT count(*) FROM tbl_period_big WHERE p <<# timestampset '{2001-01-01, 2001-07-01}';
 count 
-------
     0
(1 row)

SELECT count(*) FROM tbl_period_big WHERE p &<# timestampset '{2001-01-01, 2001-07-01}';
 count 
-------
  6001
(1 row)

SELECT count(*) FROM tbl_period_big WHERE p #>> timestampset '{2001-01-01, 2001-07-01}';
 count 
-------
  5879
(1 row)

SELECT count(*) FROM tbl_period_big WHERE p #&> timestampset '{2001-01-01, 2001-07-01}';
 count 
-------
 11880
(1 row)

SELECT count(*) FROM tbl_period_big WHERE p && period '[2001-01-01, 2001-07-01]';
 count 
-------
  6001
(1 row)

SELECT count(*) FROM tbl_period_big WHERE p @> period '[2001-01-01, 2001-07-01]';
 count 
-------
     0
(1 row)

SELECT count(*) FROM tbl_period_big WHERE p <@ period '[2001-01-01, 2001-07-01]';
 count 
-------
  6001
(1 row)

SELECT count(*) FROM tbl_period_big WHERE p <<# period '[2001-01-01, 2001-07-01]';
 count 
-------
     0
(1 row)

SELECT count(*) FROM tbl_period_big WHERE p &<# period '[2001-01-01, 2001-07-01]';
 count 
-------
  6001
(1 row)

SELECT count(*) FROM tbl_period_big WHERE p #>> period '[2001-01-01, 2001-07-01]';
 count 
-------
  5879
(1 row)

SELECT count(*) FROM tbl_period_big WHERE p #&> period '[2001-01-01, 2001-07-01]';
 count 
-------
 11880
(1 row)

SELECT count(*) FROM tbl_period_big WHERE p && periodset '{[2001-01-01, 2001-07-01]}';
 count 
-------
  6001
(1 row)

SELECT count(*) FROM tbl_period_big WHERE p @> periodset '{[2001-01-01, 2001-07-01]}';
 count 
-------
     0
(1 row)

SELECT count(*) FROM tbl_period_big WHERE p <@ periodset '{[2001-01-01, 2001-07-01]}';
 count 
-------
  6001
(1 row)

SELECT count(*) FROM tbl_period_big WHERE p <<# periodset '{[2001-01-01, 2001-07-01]}';
 count 
-------
     0
(1 row)

SELECT count(*) FROM tbl_period_big WHERE p &<# periodset '{[2001-01-01, 2001-07-01]}';
 count 
-------
  6001
(1 row)

SELECT count(*) FROM tbl_period_big WHERE p #>> periodset '{[2001-01-01, 2001-07-01]}';
 count 
-------
  5879
(1 row)

SELECT count(*) FROM tbl_period_big WHERE p #&> periodset '{[2001-01-01, 2001-07-01]}';
 count 
-------
 11880
(1 row)

SELECT count(*) FROM tbl_periodset_big WHERE ps && period '[2001-01-01, 2001-07-01]';
 count 
-------
  5814
(1 row)

SELECT count(*) FROM tbl_periodset_big WHERE ps @> period '[2001-01-01, 2001-07-01]';
 count 
-------
     0
(1 row)

SELECT count(*) FROM tbl_periodset_big WHERE ps <@ period '[2001-01-01, 2001-07-01]';
 count 
-------
  5812
(1 row)

SELECT count(*) FROM tbl_periodset_big WHERE ps <<# period '[2001-01-01, 2001-07-01]';
 count 
-------
     1
(1 row)

SELECT count(*) FROM tbl_periodset_big WHERE ps &<# period '[2001-01-01, 2001-07-01]';
 count 
-------
  5815
(1 row)

SELECT count(*) FROM tbl_periodset_big WHERE ps #>> period '[2001-01-01, 2001-07-01]';
 count 
-------
  6065
(1 row)

SELECT count(*) FROM tbl_periodset_big WHERE ps #&> period '[2001-01-01, 2001-07-01]';
 count 
-------
 11877
(1 row)

DROP INDEX IF EXISTS tbl_timestampset_big_gist_idx;
DROP INDEX
DROP INDEX IF EXISTS tbl_period_big_gist_idx;
DROP INDEX
DROP INDEX IF EXISTS tbl_periodset_big_gist_idx;
DROP INDEX
CREATE INDEX tbl_timestampset_big_spgist_idx ON tbl_timestampset_big USING SPGIST(ts);
CREATE INDEX
CREATE INDEX tbl_period_big_spgist_idx ON tbl_period_big USING SPGIST(p);
CREATE INDEX
CREATE INDEX tbl_periodset_big_spgist_idx ON tbl_periodset_big USING SPGIST(ps);
CREATE INDEX
SELECT count(*) FROM tbl_timestampset_big WHERE ts && period '[2001-01-01, 2001-07-01]';
 count 
-------
  5943
(1 row)

SELECT count(*) FROM tbl_timestampset_big WHERE ts @> period '[2001-01-01, 2001-07-01]';
 count 
-------
     0
(1 row)

SELECT count(*) FROM tbl_timestampset_big WHERE ts <@ period '[2001-01-01, 2001-07-01]';
 count 
-------
  5941
(1 row)

SELECT count(*) FROM tbl_timestampset_big WHERE ts <<# period '[2001-01-01, 2001-07-01]';
 count 
-------
     0
(1 row)

SELECT count(*) FROM tbl_timestampset_big WHERE ts &<# period '[2001-01-01, 2001-07-01]';
 count 
-------
  5942
(1 row)

SELECT count(*) FROM tbl_timestampset_big WHERE ts #>> period '[2001-01-01, 2001-07-01]';
 count 
-------
  5937
(1 row)

SELECT count(*) FROM tbl_timestampset_big WHERE ts #&> period '[2001-01-01, 2001-07-01]';
 count 
-------
 11879
(1 row)

SELECT count(*) FROM tbl_period_big WHERE p && timestamptz '2001-01-01';
 count 
-------
     0
(1 row)

SELECT count(*) FROM tbl_period_big WHERE p @> timestamptz '2001-01-01';
 count 
-------
     0
(1 row)

SELECT count(*) FROM tbl_period_big WHERE p <@ timestamptz '2001-01-01';
 count 
-------
     0
(1 row)

SELECT count(*) FROM tbl_period_big WHERE p <<# timestamptz '2001-01-01';
 count 
-------
     0
(1 row)

SELECT count(*) FROM tbl_period_big WHERE p &<# timestamptz '2001-01-01';
 count 
-------
     0
(1 row)

SELECT count(*) FROM tbl_period_big WHERE p #>> timestamptz '2001-01-01';
 count 
-------
 11880
(1 row)

SELECT count(*) FROM tbl_period_big WHERE p #&> timestamptz '2001-01-01';
 count 
-------
 11880
(1 row)

SELECT count(*) FROM tbl_period_big WHERE p && timestampset '{2001-01-01, 2001-07-01}';
 count 
-------
     0
(1 row)

SELECT count(*) FROM tbl_period_big WHERE p @> timestampset '{2001-01-01, 2001-07-01}';
 count 
-------
     0
(1 row)

SELECT count(*) FROM tbl_period_big WHERE p <@ timestampset '{2001-01-01, 2001-07-01}';
 count 
-------
  6001
(1 row)

SELECT count(*) FROM tbl_period_big WHERE p <<# timestampset '{2001-01-01, 2001-07-01}';
 count 
-------
     0
(1 row)

SELECT count(*) FROM tbl_period_big WHERE p &<# timestampset '{2001-01-01, 2001-07-01}';
 count 
-------
  6001
(1 row)

SELECT count(*) FROM tbl_period_big WHERE p #>> timestampset '{2001-01-01, 2001-07-01}';
 count 
-------
  5879
(1 row)

SELECT count(*) FROM tbl_period_big WHERE p #&> timestampset '{2001-01-01, 2001-07-01}';
 count 
-------
 11880
(1 row)

SELECT count(*) FROM tbl_period_big WHERE p && period '[2001-01-01, 2001-07-01]';
 count 
-------
  6001
(1 row)

SELECT count(*) FROM tbl_period_big WHERE p @> period '[2001-01-01, 2001-07-01]';
 count 
-------
     0
(1 row)

SELECT count(*) FROM tbl_period_big WHERE p <@ period '[2001-01-01, 2001-07-01]';
 count 
-------
  6001
(1 row)

SELECT count(*) FROM tbl_period_big WHERE p <<# period '[2001-01-01, 2001-07-01]';
 count 
-------
     0
(1 row)

SELECT count(*) FROM tbl_period_big WHERE p &<# period '[2001-01-01, 2001-07-01]';
 count 
-------
  6001
(1 row)

SELECT count(*) FROM tbl_period_big WHERE p #>> period '[2001-01-01, 2001-07-01]';
 count 
-------
  5879
(1 row)

SELECT count(*) FROM tbl_period_big WHERE p #&> period '[2001-01-01, 2001-07-01]';
 count 
-------
 11880
(1 row)

SELECT count(*) FROM tbl_period_big WHERE p && periodset '{[2001-01-01, 2001-07-01]}';
 count 
-------
  6001
(1 row)

SELECT count(*) FROM tbl_period_big WHERE p @> periodset '{[2001-01-01, 2001-07-01]}';
 count 
-------
     0
(1 row)

SELECT count(*) FROM tbl_period_big WHERE p <@ periodset '{[2001-01-01, 2001-07-01]}';
 count 
-------
  6001
(1 row)

SELECT count(*) FROM tbl_period_big WHERE p <<# periodset '{[2001-01-01, 2001-07-01]}';
 count 
-------
     0
(1 row)

SELECT count(*) FROM tbl_period_big WHERE p &<# periodset '{[2001-01-01, 2001-07-01]}';
 count 
-------
  6001
(1 row)

SELECT count(*) FROM tbl_period_big WHERE p #>> periodset '{[2001-01-01, 2001-07-01]}';
 count 
-------
  5879
(1 row)

SELECT count(*) FROM tbl_period_big WHERE p #&> periodset '{[2001-01-01, 2001-07-01]}';
 count 
-------
 11880
(1 row)

SELECT count(*) FROM tbl_periodset_big WHERE ps && period '[2001-01-01, 2001-07-01]';
 count 
-------
  5814
(1 row)

SELECT count(*) FROM tbl_periodset_big WHERE ps @> period '[2001-01-01, 2001-07-01]';
 count 
-------
     0
(1 row)

SELECT count(*) FROM tbl_periodset_big WHERE ps <@ period '[2001-01-01, 2001-07-01]';
 count 
-------
  5812
(1 row)

SELECT count(*) FROM tbl_periodset_big WHERE ps <<# period '[2001-01-01, 2001-07-01]';
 count 
-------
     1
(1 row)

SELECT count(*) FROM tbl_periodset_big WHERE ps &<# period '[2001-01-01, 2001-07-01]';
 count 
-------
  5815
(1 row)

SELECT count(*) FROM tbl_periodset_big WHERE ps #>> period '[2001-01-01, 2001-07-01]';
 count 
-------
  6065
(1 row)

SELECT count(*) FROM tbl_periodset_big WHERE ps #&> period '[2001-01-01, 2001-07-01]';
 count 
-------
 11877
(1 row)

DROP INDEX IF EXISTS tbl_timestampset_big_spgist_idx;
DROP INDEX
DROP INDEX IF EXISTS tbl_period_big_spgist_idx;
DROP INDEX
DROP INDEX IF EXISTS tbl_periodset_big_spgist_idx;
DROP INDEX
DROP TABLE IF EXISTS tbl_period_test;
NOTICE:  table "tbl_period_test" does not exist, skipping
DROP TABLE
CREATE TABLE tbl_period_test AS
SELECT period '[2000-01-01,2000-01-02]';
SELECT 1
VACUUM ANALYZE tbl_period_test;
VACUUM
DELETE FROM tbl_period_test;
DELETE 1
INSERT INTO tbl_period_test
SELECT NULL::period UNION SELECT NULL::period;
INSERT 0 1
VACUUM ANALYZE tbl_period_test;
VACUUM
DROP TABLE tbl_period_test;
DROP TABLE
