COPY tbl_tbool TO '/tmp/tbl_tbool' (FORMAT BINARY);
COPY 100
COPY tbl_tint TO '/tmp/tbl_tint' (FORMAT BINARY);
COPY 100
COPY tbl_tfloat TO '/tmp/tbl_tfloat' (FORMAT BINARY);
COPY 100
COPY tbl_ttext TO '/tmp/tbl_ttext' (FORMAT BINARY);
COPY 100
DROP TABLE IF EXISTS tbl_tbool_tmp;
NOTICE:  table "tbl_tbool_tmp" does not exist, skipping
DROP TABLE
DROP TABLE IF EXISTS tbl_tint_tmp;
NOTICE:  table "tbl_tint_tmp" does not exist, skipping
DROP TABLE
DROP TABLE IF EXISTS tbl_tfloat_tmp;
NOTICE:  table "tbl_tfloat_tmp" does not exist, skipping
DROP TABLE
DROP TABLE IF EXISTS tbl_ttext_tmp;
NOTICE:  table "tbl_ttext_tmp" does not exist, skipping
DROP TABLE
CREATE TABLE tbl_tbool_tmp AS TABLE tbl_tbool WITH NO DATA;
CREATE TABLE AS
CREATE TABLE tbl_tint_tmp AS TABLE tbl_tint WITH NO DATA;
CREATE TABLE AS
CREATE TABLE tbl_tfloat_tmp AS TABLE tbl_tfloat WITH NO DATA;
CREATE TABLE AS
CREATE TABLE tbl_ttext_tmp AS TABLE tbl_ttext WITH NO DATA;
CREATE TABLE AS
COPY tbl_tbool_tmp FROM '/tmp/tbl_tbool' (FORMAT BINARY);
COPY 100
COPY tbl_tint_tmp FROM '/tmp/tbl_tint' (FORMAT BINARY);
COPY 100
COPY tbl_tfloat_tmp FROM '/tmp/tbl_tfloat' (FORMAT BINARY);
COPY 100
COPY tbl_ttext_tmp FROM '/tmp/tbl_ttext' (FORMAT BINARY);
COPY 100
DROP TABLE tbl_tbool_tmp;
DROP TABLE
DROP TABLE tbl_tint_tmp;
DROP TABLE
DROP TABLE tbl_tfloat_tmp;
DROP TABLE
DROP TABLE tbl_ttext_tmp;
DROP TABLE
SELECT DISTINCT duration(tboolinst(inst)) FROM tbl_tboolinst;
 duration 
----------
 
 Instant
(2 rows)

SELECT DISTINCT duration(tbooli(inst)) FROM tbl_tboolinst;
  duration  
------------
 
 InstantSet
(2 rows)

SELECT DISTINCT duration(tboolseq(inst)) FROM tbl_tboolinst;
 duration 
----------
 
 Sequence
(2 rows)

SELECT DISTINCT duration(tbools(inst)) FROM tbl_tboolinst;
  duration   
-------------
 
 SequenceSet
(2 rows)

SELECT DISTINCT duration(tintinst(inst)) FROM tbl_tintinst;
 duration 
----------
 
 Instant
(2 rows)

SELECT DISTINCT duration(tinti(inst)) FROM tbl_tintinst;
  duration  
------------
 
 InstantSet
(2 rows)

SELECT DISTINCT duration(tintseq(inst)) FROM tbl_tintinst;
 duration 
----------
 
 Sequence
(2 rows)

SELECT DISTINCT duration(tints(inst)) FROM tbl_tintinst;
  duration   
-------------
 
 SequenceSet
(2 rows)

SELECT DISTINCT duration(tfloatinst(inst)) FROM tbl_tfloatinst;
 duration 
----------
 
 Instant
(2 rows)

SELECT DISTINCT duration(tfloati(inst)) FROM tbl_tfloatinst;
  duration  
------------
 
 InstantSet
(2 rows)

SELECT DISTINCT duration(tfloatseq(inst)) FROM tbl_tfloatinst;
 duration 
----------
 
 Sequence
(2 rows)

SELECT DISTINCT duration(tfloats(inst)) FROM tbl_tfloatinst;
  duration   
-------------
 
 SequenceSet
(2 rows)

SELECT DISTINCT duration(ttextinst(inst)) FROM tbl_ttextinst;
 duration 
----------
 
 Instant
(2 rows)

SELECT DISTINCT duration(ttexti(inst)) FROM tbl_ttextinst;
  duration  
------------
 
 InstantSet
(2 rows)

SELECT DISTINCT duration(ttextseq(inst)) FROM tbl_ttextinst;
 duration 
----------
 
 Sequence
(2 rows)

SELECT DISTINCT duration(ttexts(inst)) FROM tbl_ttextinst;
  duration   
-------------
 
 SequenceSet
(2 rows)

SELECT DISTINCT duration(tboolinst(ti)) FROM tbl_tbooli WHERE numInstants(ti) = 1;
 duration 
----------
 Instant
(1 row)

SELECT DISTINCT duration(tbooli(ti)) FROM tbl_tbooli;
  duration  
------------
 
 InstantSet
(2 rows)

SELECT DISTINCT duration(tboolseq(ti)) FROM tbl_tbooli WHERE numInstants(ti) = 1;
 duration 
----------
 Sequence
(1 row)

SELECT DISTINCT duration(tbools(ti)) FROM tbl_tbooli;
  duration   
-------------
 
 SequenceSet
(2 rows)

SELECT DISTINCT duration(tintinst(ti)) FROM tbl_tinti WHERE numInstants(ti) = 1;
 duration 
----------
 Instant
(1 row)

SELECT DISTINCT duration(tinti(ti)) FROM tbl_tinti;
  duration  
------------
 
 InstantSet
(2 rows)

SELECT DISTINCT duration(tintseq(ti)) FROM tbl_tinti WHERE numInstants(ti) = 1;
 duration 
----------
 Sequence
(1 row)

SELECT DISTINCT duration(tints(ti)) FROM tbl_tinti;
  duration   
-------------
 
 SequenceSet
(2 rows)

SELECT DISTINCT duration(tfloatinst(ti)) FROM tbl_tfloati WHERE numInstants(ti) = 1;
 duration 
----------
 Instant
(1 row)

SELECT DISTINCT duration(tfloati(ti)) FROM tbl_tfloati;
  duration  
------------
 
 InstantSet
(2 rows)

SELECT DISTINCT duration(tfloatseq(ti)) FROM tbl_tfloati WHERE numInstants(ti) = 1;
 duration 
----------
 Sequence
(1 row)

SELECT DISTINCT duration(tfloats(ti)) FROM tbl_tfloati;
  duration   
-------------
 
 SequenceSet
(2 rows)

SELECT DISTINCT duration(ttextinst(ti)) FROM tbl_ttexti WHERE numInstants(ti) = 1;
 duration 
----------
 Instant
(1 row)

SELECT DISTINCT duration(ttexti(ti)) FROM tbl_ttexti;
  duration  
------------
 
 InstantSet
(2 rows)

SELECT DISTINCT duration(ttextseq(ti)) FROM tbl_ttexti WHERE numInstants(ti) = 1;
 duration 
----------
 Sequence
(1 row)

SELECT DISTINCT duration(ttexts(ti)) FROM tbl_ttexti;
  duration   
-------------
 
 SequenceSet
(2 rows)

SELECT DISTINCT duration(tboolinst(seq)) FROM tbl_tboolseq WHERE numInstants(seq) = 1;
 duration 
----------
 Instant
(1 row)

SELECT DISTINCT duration(tbooli(seq)) FROM tbl_tboolseq WHERE numInstants(seq) = 1;
  duration  
------------
 InstantSet
(1 row)

SELECT DISTINCT duration(tboolseq(seq)) FROM tbl_tboolseq;
 duration 
----------
 
 Sequence
(2 rows)

SELECT DISTINCT duration(tbools(seq)) FROM tbl_tboolseq;
  duration   
-------------
 
 SequenceSet
(2 rows)

SELECT DISTINCT duration(tintinst(seq)) FROM tbl_tintseq WHERE numInstants(seq) = 1;
 duration 
----------
 Instant
(1 row)

SELECT DISTINCT duration(tinti(seq)) FROM tbl_tintseq WHERE numInstants(seq) = 1;
  duration  
------------
 InstantSet
(1 row)

SELECT DISTINCT duration(tintseq(seq)) FROM tbl_tintseq;
 duration 
----------
 
 Sequence
(2 rows)

SELECT DISTINCT duration(tints(seq)) FROM tbl_tintseq;
  duration   
-------------
 
 SequenceSet
(2 rows)

SELECT DISTINCT duration(tfloatinst(seq)) FROM tbl_tfloatseq WHERE numInstants(seq) = 1;
 duration 
----------
 Instant
(1 row)

SELECT DISTINCT duration(tfloati(seq)) FROM tbl_tfloatseq WHERE numInstants(seq) = 1;
  duration  
------------
 InstantSet
(1 row)

SELECT DISTINCT duration(tfloatseq(seq)) FROM tbl_tfloatseq;
 duration 
----------
 
 Sequence
(2 rows)

SELECT DISTINCT duration(tfloats(seq)) FROM tbl_tfloatseq;
  duration   
-------------
 
 SequenceSet
(2 rows)

SELECT DISTINCT duration(ttextinst(seq)) FROM tbl_ttextseq WHERE numInstants(seq) = 1;
 duration 
----------
 Instant
(1 row)

SELECT DISTINCT duration(ttexti(seq)) FROM tbl_ttextseq WHERE numInstants(seq) = 1;
  duration  
------------
 InstantSet
(1 row)

SELECT DISTINCT duration(ttextseq(seq)) FROM tbl_ttextseq;
 duration 
----------
 
 Sequence
(2 rows)

SELECT DISTINCT duration(ttexts(seq)) FROM tbl_ttextseq;
  duration   
-------------
 
 SequenceSet
(2 rows)

SELECT DISTINCT duration(tboolinst(ts)) FROM tbl_tbools WHERE numInstants(ts) = 1;
 duration 
----------
(0 rows)

SELECT DISTINCT duration(tbooli(ts)) FROM tbl_tbools WHERE timespan(ts) = '00:00:00';
 duration 
----------
(0 rows)

SELECT DISTINCT duration(tboolseq(ts)) FROM tbl_tbools WHERE numSequences(ts) = 1;
 duration 
----------
 Sequence
(1 row)

SELECT DISTINCT duration(tbools(ts)) FROM tbl_tbools;
  duration   
-------------
 
 SequenceSet
(2 rows)

SELECT DISTINCT duration(tintinst(ts)) FROM tbl_tints WHERE numInstants(ts) = 1;
 duration 
----------
 Instant
(1 row)

SELECT DISTINCT duration(tinti(ts)) FROM tbl_tints WHERE timespan(ts) = '00:00:00';
  duration  
------------
 InstantSet
(1 row)

SELECT DISTINCT duration(tintseq(ts)) FROM tbl_tints WHERE numSequences(ts) = 1;
 duration 
----------
 Sequence
(1 row)

SELECT DISTINCT duration(tints(ts)) FROM tbl_tints;
  duration   
-------------
 
 SequenceSet
(2 rows)

SELECT DISTINCT duration(tfloatinst(ts)) FROM tbl_tfloats WHERE numInstants(ts) = 1;
 duration 
----------
 Instant
(1 row)

SELECT DISTINCT duration(tfloati(ts)) FROM tbl_tfloats WHERE timespan(ts) = '00:00:00';
  duration  
------------
 InstantSet
(1 row)

SELECT DISTINCT duration(tfloatseq(ts)) FROM tbl_tfloats WHERE numSequences(ts) = 1;
 duration 
----------
 Sequence
(1 row)

SELECT DISTINCT duration(tfloats(ts)) FROM tbl_tfloats;
  duration   
-------------
 
 SequenceSet
(2 rows)

SELECT DISTINCT duration(ttextinst(ts)) FROM tbl_ttexts WHERE numInstants(ts) = 1;
 duration 
----------
(0 rows)

SELECT DISTINCT duration(ttexti(ts)) FROM tbl_ttexts WHERE timespan(ts) = '00:00:00';
 duration 
----------
(0 rows)

SELECT DISTINCT duration(ttextseq(ts)) FROM tbl_ttexts WHERE numSequences(ts) = 1;
 duration 
----------
 Sequence
(1 row)

SELECT DISTINCT duration(ttexts(ts)) FROM tbl_ttexts;
  duration   
-------------
 
 SequenceSet
(2 rows)

SELECT MAX(numInstants(appendInstant(temp, shift(endInstant(temp), '5 min')))) FROM tbl_tbool;
 max 
-----
  52
(1 row)

SELECT MAX(numInstants(appendInstant(temp, shift(endInstant(temp), '5 min')))) FROM tbl_tint;
 max 
-----
  45
(1 row)

SELECT MAX(numInstants(appendInstant(temp, shift(endInstant(temp), '5 min')))) FROM tbl_tfloat;
 max 
-----
  53
(1 row)

SELECT MAX(numInstants(appendInstant(temp, shift(endInstant(temp), '5 min')))) FROM tbl_ttext;
 max 
-----
  59
(1 row)

SELECT COUNT(*) FROM tbl_tintinst WHERE tfloat(inst) IS NOT NULL;
 count 
-------
    99
(1 row)

SELECT COUNT(*) FROM tbl_tinti WHERE tfloat(ti) IS NOT NULL;
 count 
-------
    99
(1 row)

SELECT COUNT(*) FROM tbl_tintseq WHERE tfloat(seq) IS NOT NULL;
 count 
-------
    99
(1 row)

SELECT COUNT(*) FROM tbl_tints WHERE tfloat(ts) IS NOT NULL;
 count 
-------
    99
(1 row)

SELECT DISTINCT duration(temp) FROM tbl_tbool ORDER BY 1;
  duration   
-------------
 Instant
 InstantSet
 Sequence
 SequenceSet
 
(5 rows)

SELECT DISTINCT duration(temp) FROM tbl_tint ORDER BY 1;
  duration   
-------------
 Instant
 InstantSet
 Sequence
 SequenceSet
 
(5 rows)

SELECT DISTINCT duration(temp) FROM tbl_tfloat ORDER BY 1;
  duration   
-------------
 Instant
 InstantSet
 Sequence
 SequenceSet
 
(5 rows)

SELECT DISTINCT duration(temp) FROM tbl_ttext ORDER BY 1;
  duration   
-------------
 Instant
 InstantSet
 Sequence
 SequenceSet
 
(5 rows)

SELECT MAX(memSize(temp)) FROM tbl_tbool;
 max  
------
 1904
(1 row)

SELECT MAX(memSize(temp)) FROM tbl_tint;
 max  
------
 1976
(1 row)

SELECT MAX(memSize(temp)) FROM tbl_tfloat;
 max  
------
 1936
(1 row)

SELECT MAX(memSize(temp)) FROM tbl_ttext;
 max  
------
 1752
(1 row)

/*
SELECT period(temp) FROM tbl_tbool;
SELECT box(temp) FROM tbl_tint;
SELECT box(temp) FROM tbl_tfloat;
SELECT period(temp) FROM tbl_ttext;
*/
SELECT DISTINCT getValue(inst) FROM tbl_tboolinst;
 getvalue 
----------
 
 f
 t
(3 rows)

SELECT MAX(getValue(inst)) FROM tbl_tintinst;
 max 
-----
  97
(1 row)

SELECT MAX(getValue(inst)) FROM tbl_tfloatinst;
       max        
------------------
 99.5110547081567
(1 row)

SELECT MAX(getValue(inst)) FROM tbl_ttextinst;
 max 
-----
 YXD
(1 row)

SELECT MAX(array_length(getValues(temp), 1)) FROM tbl_tbool;
 max 
-----
   2
(1 row)

SELECT MAX(array_length(getValues(temp), 1)) FROM tbl_tint;
 max 
-----
  35
(1 row)

SELECT MAX(array_length(getValues(temp), 1)) FROM tbl_tfloat;
 max 
-----
   9
(1 row)

SELECT MAX(array_length(getValues(temp), 1)) FROM tbl_ttext;
 max 
-----
  54
(1 row)

SELECT MAX(upper(valueRange(temp))) FROM tbl_tint;
 max 
-----
 100
(1 row)

SELECT MAX(upper(valueRange(temp))) FROM tbl_tfloat;
       max       
-----------------
 99.917602237314
(1 row)

SELECT DISTINCT startValue(temp) FROM tbl_tbool;
 startvalue 
------------
 f
 
 t
(3 rows)

SELECT MAX(startValue(temp)) FROM tbl_tint;
 max 
-----
  99
(1 row)

SELECT MAX(startValue(temp)) FROM tbl_tfloat;
       max        
------------------
 99.3932684287429
(1 row)

SELECT MAX(startValue(temp)) FROM tbl_ttext;
    max     
------------
 YRUDSESIDA
(1 row)

SELECT DISTINCT endValue(temp) FROM tbl_tbool;
 endvalue 
----------
 f
 
 t
(3 rows)

SELECT MAX(endValue(temp)) FROM tbl_tint;
 max 
-----
  96
(1 row)

SELECT MAX(endValue(temp)) FROM tbl_tfloat;
       max        
------------------
 99.3932684287429
(1 row)

SELECT MAX(endValue(temp)) FROM tbl_ttext;
    max    
-----------
 YLPUJRAAR
(1 row)

SELECT MAX(minValue(temp)) FROM tbl_tint;
 max 
-----
  96
(1 row)

SELECT MAX(minValue(temp)) FROM tbl_tfloat;
       max        
------------------
 99.3932684287429
(1 row)

SELECT MAX(minValue(temp)) FROM tbl_ttext;
    max    
-----------
 YLPUJRAAR
(1 row)

SELECT MAX(maxValue(temp)) FROM tbl_tint;
 max 
-----
  99
(1 row)

SELECT MAX(maxValue(temp)) FROM tbl_tfloat;
       max       
-----------------
 99.917602237314
(1 row)

SELECT MAX(maxValue(temp)) FROM tbl_ttext;
   max   
---------
 YYNIIIN
(1 row)

SELECT MAX(getTimestamp(inst)) FROM tbl_tboolinst;
          max           
------------------------
 2001-12-24 13:41:00+00
(1 row)

SELECT MAX(getTimestamp(inst)) FROM tbl_tintinst;
          max           
------------------------
 2001-12-27 07:03:00+00
(1 row)

SELECT MAX(getTimestamp(inst)) FROM tbl_tfloatinst;
          max           
------------------------
 2001-12-27 08:54:00+00
(1 row)

SELECT MAX(getTimestamp(inst)) FROM tbl_ttextinst;
          max           
------------------------
 2001-12-30 18:54:00+00
(1 row)

SELECT MAX(timespan(getTime(temp))) FROM tbl_tbool;
   max    
----------
 04:10:00
(1 row)

SELECT MAX(timespan(getTime(temp))) FROM tbl_tint;
   max    
----------
 02:48:00
(1 row)

SELECT MAX(timespan(getTime(temp))) FROM tbl_tfloat;
   max    
----------
 03:38:00
(1 row)

SELECT MAX(timespan(getTime(temp))) FROM tbl_ttext;
   max    
----------
 04:12:00
(1 row)

SELECT MAX(timespan(period(temp))) FROM tbl_tbool;
   max    
----------
 05:39:00
(1 row)

SELECT MAX(timespan(period(temp))) FROM tbl_tint;
   max    
----------
 04:01:00
(1 row)

SELECT MAX(timespan(period(temp))) FROM tbl_tfloat;
   max    
----------
 04:55:00
(1 row)

SELECT MAX(timespan(period(temp))) FROM tbl_ttext;
   max    
----------
 05:34:00
(1 row)

SELECT MAX(timespan(temp)) FROM tbl_tbool;
   max    
----------
 04:10:00
(1 row)

SELECT MAX(timespan(temp)) FROM tbl_tint;
   max    
----------
 02:48:00
(1 row)

SELECT MAX(timespan(temp)) FROM tbl_tfloat;
   max    
----------
 03:38:00
(1 row)

SELECT MAX(timespan(temp)) FROM tbl_ttext;
   max    
----------
 04:12:00
(1 row)

SELECT MAX(numSequences(seq)) FROM tbl_tboolseq;
 max 
-----
   1
(1 row)

SELECT MAX(numSequences(seq)) FROM tbl_tintseq;
 max 
-----
   1
(1 row)

SELECT MAX(numSequences(seq)) FROM tbl_tfloatseq;
 max 
-----
   1
(1 row)

SELECT MAX(numSequences(seq)) FROM tbl_ttextseq;
 max 
-----
   1
(1 row)

SELECT MAX(timespan(startSequence(seq))) FROM tbl_tboolseq;
   max    
----------
 00:46:00
(1 row)

SELECT MAX(timespan(startSequence(seq))) FROM tbl_tintseq;
   max    
----------
 00:46:00
(1 row)

SELECT MAX(timespan(startSequence(seq))) FROM tbl_tfloatseq;
   max    
----------
 00:59:00
(1 row)

SELECT MAX(timespan(startSequence(seq))) FROM tbl_ttextseq;
   max    
----------
 00:53:00
(1 row)

SELECT MAX(timespan(endSequence(seq))) FROM tbl_tboolseq;
   max    
----------
 00:46:00
(1 row)

SELECT MAX(timespan(endSequence(seq))) FROM tbl_tintseq;
   max    
----------
 00:46:00
(1 row)

SELECT MAX(timespan(endSequence(seq))) FROM tbl_tfloatseq;
   max    
----------
 00:59:00
(1 row)

SELECT MAX(timespan(endSequence(seq))) FROM tbl_ttextseq;
   max    
----------
 00:53:00
(1 row)

SELECT MAX(timespan(sequenceN(seq, numSequences(seq)))) FROM tbl_tboolseq;
   max    
----------
 00:46:00
(1 row)

SELECT MAX(timespan(sequenceN(seq, numSequences(seq)))) FROM tbl_tintseq;
   max    
----------
 00:46:00
(1 row)

SELECT MAX(timespan(sequenceN(seq, numSequences(seq)))) FROM tbl_tfloatseq;
   max    
----------
 00:59:00
(1 row)

SELECT MAX(timespan(sequenceN(seq, numSequences(seq)))) FROM tbl_ttextseq;
   max    
----------
 00:53:00
(1 row)

SELECT MAX(array_length(sequences(seq),1)) FROM tbl_tboolseq;
 max 
-----
   1
(1 row)

SELECT MAX(array_length(sequences(seq),1)) FROM tbl_tintseq;
 max 
-----
   1
(1 row)

SELECT MAX(array_length(sequences(seq),1)) FROM tbl_tfloatseq;
 max 
-----
   1
(1 row)

SELECT MAX(array_length(sequences(seq),1)) FROM tbl_ttextseq;
 max 
-----
   1
(1 row)

SELECT MAX(numSequences(ts)) FROM tbl_tbools;
 max 
-----
   9
(1 row)

SELECT MAX(numSequences(ts)) FROM tbl_tints;
 max 
-----
   9
(1 row)

SELECT MAX(numSequences(ts)) FROM tbl_tfloats;
 max 
-----
   9
(1 row)

SELECT MAX(numSequences(ts)) FROM tbl_ttexts;
 max 
-----
   9
(1 row)

SELECT MAX(timespan(startSequence(ts))) FROM tbl_tbools;
   max    
----------
 00:44:00
(1 row)

SELECT MAX(timespan(startSequence(ts))) FROM tbl_tints;
   max    
----------
 00:51:00
(1 row)

SELECT MAX(timespan(startSequence(ts))) FROM tbl_tfloats;
   max    
----------
 00:48:00
(1 row)

SELECT MAX(timespan(startSequence(ts))) FROM tbl_ttexts;
   max    
----------
 00:54:00
(1 row)

SELECT MAX(timespan(endSequence(ts))) FROM tbl_tbools;
   max    
----------
 00:52:00
(1 row)

SELECT MAX(timespan(endSequence(ts))) FROM tbl_tints;
   max    
----------
 00:47:00
(1 row)

SELECT MAX(timespan(endSequence(ts))) FROM tbl_tfloats;
   max    
----------
 00:50:00
(1 row)

SELECT MAX(timespan(endSequence(ts))) FROM tbl_ttexts;
   max    
----------
 00:56:00
(1 row)

SELECT MAX(timespan(sequenceN(ts, numSequences(ts)))) FROM tbl_tbools;
   max    
----------
 00:52:00
(1 row)

SELECT MAX(timespan(sequenceN(ts, numSequences(ts)))) FROM tbl_tints;
   max    
----------
 00:47:00
(1 row)

SELECT MAX(timespan(sequenceN(ts, numSequences(ts)))) FROM tbl_tfloats;
   max    
----------
 00:50:00
(1 row)

SELECT MAX(timespan(sequenceN(ts, numSequences(ts)))) FROM tbl_ttexts;
   max    
----------
 00:56:00
(1 row)

SELECT MAX(array_length(sequences(ts),1)) FROM tbl_tbools;
 max 
-----
   9
(1 row)

SELECT MAX(array_length(sequences(ts),1)) FROM tbl_tints;
 max 
-----
   9
(1 row)

SELECT MAX(array_length(sequences(ts),1)) FROM tbl_tfloats;
 max 
-----
   9
(1 row)

SELECT MAX(array_length(sequences(ts),1)) FROM tbl_ttexts;
 max 
-----
   9
(1 row)

SELECT MAX(numInstants(temp)) FROM tbl_tbool;
 max 
-----
  52
(1 row)

SELECT MAX(numInstants(temp)) FROM tbl_tint;
 max 
-----
  45
(1 row)

SELECT MAX(numInstants(temp)) FROM tbl_tfloat;
 max 
-----
  52
(1 row)

SELECT MAX(numInstants(temp)) FROM tbl_ttext;
 max 
-----
  59
(1 row)

SELECT COUNT(startInstant(temp)) FROM tbl_tbool;
 count 
-------
    96
(1 row)

SELECT COUNT(startInstant(temp)) FROM tbl_tint;
 count 
-------
    96
(1 row)

SELECT COUNT(startInstant(temp)) FROM tbl_tfloat;
 count 
-------
    96
(1 row)

SELECT COUNT(startInstant(temp)) FROM tbl_ttext;
 count 
-------
    96
(1 row)

SELECT COUNT(endInstant(temp)) FROM tbl_tbool;
 count 
-------
    96
(1 row)

SELECT COUNT(endInstant(temp)) FROM tbl_tint;
 count 
-------
    96
(1 row)

SELECT COUNT(endInstant(temp)) FROM tbl_tfloat;
 count 
-------
    96
(1 row)

SELECT COUNT(endInstant(temp)) FROM tbl_ttext;
 count 
-------
    96
(1 row)

SELECT COUNT(instantN(temp, numInstants(temp))) FROM tbl_tbool;
 count 
-------
    96
(1 row)

SELECT COUNT(instantN(temp, numInstants(temp))) FROM tbl_tint;
 count 
-------
    96
(1 row)

SELECT COUNT(instantN(temp, numInstants(temp))) FROM tbl_tfloat;
 count 
-------
    96
(1 row)

SELECT COUNT(instantN(temp, numInstants(temp))) FROM tbl_ttext;
 count 
-------
    96
(1 row)

SELECT MAX(array_length(instants(temp),1)) FROM tbl_tbool;
 max 
-----
  52
(1 row)

SELECT MAX(array_length(instants(temp),1)) FROM tbl_tint;
 max 
-----
  45
(1 row)

SELECT MAX(array_length(instants(temp),1)) FROM tbl_tfloat;
 max 
-----
  52
(1 row)

SELECT MAX(array_length(instants(temp),1)) FROM tbl_ttext;
 max 
-----
  59
(1 row)

SELECT MAX(numTimestamps(temp)) FROM tbl_tbool;
 max 
-----
  52
(1 row)

SELECT MAX(numTimestamps(temp)) FROM tbl_tint;
 max 
-----
  45
(1 row)

SELECT MAX(numTimestamps(temp)) FROM tbl_tfloat;
 max 
-----
  52
(1 row)

SELECT MAX(numTimestamps(temp)) FROM tbl_ttext;
 max 
-----
  59
(1 row)

SELECT MAX(startTimestamp(temp)) FROM tbl_tbool;
          max           
------------------------
 2001-12-20 23:58:00+00
(1 row)

SELECT MAX(startTimestamp(temp)) FROM tbl_tint;
          max           
------------------------
 2001-12-27 07:03:00+00
(1 row)

SELECT MAX(startTimestamp(temp)) FROM tbl_tfloat;
          max           
------------------------
 2001-12-22 07:32:00+00
(1 row)

SELECT MAX(startTimestamp(temp)) FROM tbl_ttext;
          max           
------------------------
 2001-12-03 06:27:00+00
(1 row)

SELECT MAX(endTimestamp(temp)) FROM tbl_tbool;
          max           
------------------------
 2001-12-21 00:03:00+00
(1 row)

SELECT MAX(endTimestamp(temp)) FROM tbl_tint;
          max           
------------------------
 2001-12-27 07:03:00+00
(1 row)

SELECT MAX(endTimestamp(temp)) FROM tbl_tfloat;
          max           
------------------------
 2001-12-22 08:07:00+00
(1 row)

SELECT MAX(endTimestamp(temp)) FROM tbl_ttext;
          max           
------------------------
 2001-12-03 07:20:00+00
(1 row)

SELECT MAX(timestampN(temp, numTimestamps(temp))) FROM tbl_tbool;
          max           
------------------------
 2001-12-21 00:03:00+00
(1 row)

SELECT MAX(timestampN(temp, numTimestamps(temp))) FROM tbl_tint;
          max           
------------------------
 2001-12-27 07:03:00+00
(1 row)

SELECT MAX(timestampN(temp, numTimestamps(temp))) FROM tbl_tfloat;
          max           
------------------------
 2001-12-22 08:07:00+00
(1 row)

SELECT MAX(timestampN(temp, numTimestamps(temp))) FROM tbl_ttext;
          max           
------------------------
 2001-12-03 07:20:00+00
(1 row)

SELECT MAX(array_length(timestamps(temp),1)) FROM tbl_tbool;
 max 
-----
  52
(1 row)

SELECT MAX(array_length(timestamps(temp),1)) FROM tbl_tint;
 max 
-----
  45
(1 row)

SELECT MAX(array_length(timestamps(temp),1)) FROM tbl_tfloat;
 max 
-----
  52
(1 row)

SELECT MAX(array_length(timestamps(temp),1)) FROM tbl_ttext;
 max 
-----
  59
(1 row)

SELECT COUNT(*) FROM tbl_tbool WHERE temp ?= startValue(temp);
 count 
-------
    96
(1 row)

SELECT COUNT(*) FROM tbl_tint WHERE temp ?= startValue(temp);
 count 
-------
    96
(1 row)

SELECT COUNT(*) FROM tbl_tfloat WHERE temp ?= startValue(temp);
 count 
-------
    91
(1 row)

SELECT COUNT(*) FROM tbl_ttext WHERE temp ?= startValue(temp);
 count 
-------
    96
(1 row)

SELECT COUNT(*) FROM tbl_tbool WHERE temp %= true;
 count 
-------
    14
(1 row)

SELECT COUNT(*) FROM tbl_tint, tbl_int WHERE temp %= i;
 count 
-------
    24
(1 row)

SELECT COUNT(*) FROM tbl_tfloat, tbl_float WHERE temp %= f;
 count 
-------
     0
(1 row)

SELECT COUNT(*) FROM tbl_ttext, tbl_text WHERE temp %= t;
 count 
-------
     1
(1 row)

SELECT COUNT(shift(temp, i)) FROM tbl_tbool, tbl_interval;
 count 
-------
  9504
(1 row)

SELECT COUNT(shift(temp, i)) FROM tbl_tint, tbl_interval;
 count 
-------
  9504
(1 row)

SELECT COUNT(shift(temp, i)) FROM tbl_tfloat, tbl_interval;
 count 
-------
  9504
(1 row)

SELECT COUNT(shift(temp, i)) FROM tbl_ttext, tbl_interval;
 count 
-------
  9504
(1 row)

SELECT COUNT(*) FROM tbl_tbool 
WHERE atValue(temp, true) IS NOT NULL;
 count 
-------
    76
(1 row)

SELECT COUNT(*) FROM tbl_tint, tbl_int 
WHERE atValue(temp, i) IS NOT NULL;
 count 
-------
   642
(1 row)

SELECT COUNT(*) FROM tbl_tfloat, tbl_float 
WHERE atValue(temp, f) IS NOT NULL;
 count 
-------
  3410
(1 row)

SELECT COUNT(*) FROM tbl_ttext, tbl_text 
WHERE atValue(temp, t) IS NOT NULL;
 count 
-------
    15
(1 row)

SELECT COUNT(*) FROM tbl_tbool
WHERE minusValue(temp, true) IS NOT NULL;
 count 
-------
    82
(1 row)

SELECT COUNT(*) FROM tbl_tint, tbl_int
WHERE minusValue(temp, i) IS NOT NULL;
 count 
-------
  9480
(1 row)

SELECT COUNT(*) FROM tbl_tfloat, tbl_float
WHERE minusValue(temp, f) IS NOT NULL;
 count 
-------
  9504
(1 row)

SELECT COUNT(*) FROM tbl_ttext, tbl_text
WHERE minusValue(temp, t) IS NOT NULL;
 count 
-------
  9503
(1 row)

SELECT COUNT(*) FROM tbl_tint, 
( SELECT array_agg(i) AS valuearr FROM tbl_int WHERE i IS NOT NULL LIMIT 10 ) tmp 
WHERE atValues(temp, valuearr) IS NOT NULL;
 count 
-------
    84
(1 row)

SELECT COUNT(*) FROM tbl_tfloat, 
( SELECT array_agg(f) AS valuearr FROM tbl_float WHERE f IS NOT NULL LIMIT 10 ) tmp 
WHERE atValues(temp, valuearr) IS NOT NULL;
 count 
-------
    45
(1 row)

SELECT COUNT(*) FROM tbl_ttext, 
( SELECT array_agg(t) AS valuearr FROM tbl_text WHERE t IS NOT NULL LIMIT 10 ) tmp 
WHERE atValues(temp, valuearr) IS NOT NULL;
 count 
-------
    12
(1 row)

SELECT COUNT(*) FROM tbl_tint,
( SELECT array_agg(i) AS valuearr FROM tbl_int WHERE i IS NOT NULL LIMIT 10 ) tmp
WHERE minusValues(temp, valuearr) IS NOT NULL;
 count 
-------
    70
(1 row)

SELECT COUNT(*) FROM tbl_tfloat,
( SELECT array_agg(f) AS valuearr FROM tbl_float WHERE f IS NOT NULL LIMIT 10 ) tmp
WHERE minusValues(temp, valuearr) IS NOT NULL;
 count 
-------
    96
(1 row)

SELECT COUNT(*) FROM tbl_ttext,
( SELECT array_agg(t) AS valuearr FROM tbl_text WHERE t IS NOT NULL LIMIT 10 ) tmp
WHERE minusValues(temp, valuearr) IS NOT NULL;
 count 
-------
    95
(1 row)

SELECT COUNT(*) FROM tbl_tint, tbl_intrange 
WHERE atRange(temp, i) IS NOT NULL;
 count 
-------
  2231
(1 row)

SELECT COUNT(*) FROM tbl_tfloat, tbl_floatrange 
WHERE atRange(temp, f) IS NOT NULL;
 count 
-------
  4313
(1 row)

SELECT COUNT(*) FROM tbl_tint, tbl_intrange
WHERE minusRange(temp, i) IS NOT NULL;
 count 
-------
  9326
(1 row)

SELECT COUNT(*) FROM tbl_tfloat, tbl_floatrange
WHERE minusRange(temp, f) IS NOT NULL;
 count 
-------
  9331
(1 row)

SELECT COUNT(*) FROM tbl_tint, 
( SELECT array_agg(i) AS valuearr FROM tbl_intrange WHERE i IS NOT NULL LIMIT 10 ) tmp
WHERE atRanges(temp, valuearr) IS NOT NULL;
 count 
-------
    96
(1 row)

SELECT COUNT(*) FROM tbl_tfloat, 
( SELECT array_agg(f) AS valuearr FROM tbl_floatrange WHERE f IS NOT NULL LIMIT 10 ) tmp
WHERE atRanges(temp, valuearr) IS NOT NULL;
 count 
-------
    96
(1 row)

SELECT COUNT(*) FROM tbl_tint,
( SELECT array_agg(i) AS valuearr FROM tbl_intrange WHERE i IS NOT NULL LIMIT 10 ) tmp
WHERE minusRanges(temp, valuearr) IS NOT NULL;
 count 
-------
     0
(1 row)

SELECT COUNT(*) FROM tbl_tfloat,
( SELECT array_agg(f) AS valuearr FROM tbl_floatrange WHERE f IS NOT NULL LIMIT 10 ) tmp
WHERE minusRanges(temp, valuearr) IS NOT NULL;
 count 
-------
     2
(1 row)

SELECT MAX(numInstants(atMin(temp))) FROM tbl_tint;
 max 
-----
   2
(1 row)

SELECT MAX(numInstants(atMin(temp))) FROM tbl_tfloat;
 max 
-----
   1
(1 row)

SELECT MAX(numInstants(atMin(temp))) FROM tbl_ttext;
 max 
-----
   2
(1 row)

SELECT COUNT(*) FROM tbl_tint WHERE minusMin(temp) IS NOT NULL;
 count 
-------
    64
(1 row)

SELECT COUNT(*) FROM tbl_tfloat WHERE minusMin(temp) IS NOT NULL;
 count 
-------
    61
(1 row)

SELECT COUNT(*) FROM tbl_ttext WHERE minusMin(temp) IS NOT NULL;
 count 
-------
    64
(1 row)

SELECT MAX(numInstants(atMax(temp))) FROM tbl_tint;
 max 
-----
   4
(1 row)

SELECT MAX(numInstants(atMax(temp))) FROM tbl_tfloat;
 max 
-----
   1
(1 row)

SELECT MAX(numInstants(atMax(temp))) FROM tbl_ttext;
 max 
-----
   2
(1 row)

SELECT COUNT(*) FROM tbl_tint WHERE minusMax(temp) IS NOT NULL;
 count 
-------
    64
(1 row)

SELECT COUNT(*) FROM tbl_tfloat WHERE minusMax(temp) IS NOT NULL;
 count 
-------
    61
(1 row)

SELECT COUNT(*) FROM tbl_ttext WHERE minusMax(temp) IS NOT NULL;
 count 
-------
    64
(1 row)

SELECT COUNT(*) FROM tbl_tbool, tbl_timestamptz
WHERE atTimestamp(temp, t) IS NOT NULL;
 count 
-------
     0
(1 row)

SELECT COUNT(*) FROM tbl_tint, tbl_timestamptz
WHERE atTimestamp(temp, t) IS NOT NULL;
 count 
-------
     0
(1 row)

SELECT COUNT(*) FROM tbl_tfloat, tbl_timestamptz
WHERE atTimestamp(temp, t) IS NOT NULL;
 count 
-------
     0
(1 row)

SELECT COUNT(*) FROM tbl_ttext, tbl_timestamptz
WHERE atTimestamp(temp, t) IS NOT NULL;
 count 
-------
     0
(1 row)

SELECT COUNT(*) FROM tbl_tbool, tbl_timestamptz
WHERE minusTimestamp(temp, t) IS NOT NULL;
 count 
-------
  9504
(1 row)

SELECT COUNT(*) FROM tbl_tint, tbl_timestamptz
WHERE minusTimestamp(temp, t) IS NOT NULL;
 count 
-------
  9504
(1 row)

SELECT COUNT(*) FROM tbl_tfloat, tbl_timestamptz
WHERE minusTimestamp(temp, t) IS NOT NULL;
 count 
-------
  9504
(1 row)

SELECT COUNT(*) FROM tbl_ttext, tbl_timestamptz
WHERE minusTimestamp(temp, t) IS NOT NULL;
 count 
-------
  9504
(1 row)

SELECT COUNT(*) FROM tbl_tbool, tbl_timestamptz
WHERE valueAtTimestamp(temp, t) IS NOT NULL;
 count 
-------
     0
(1 row)

SELECT COUNT(*) FROM tbl_tint, tbl_timestamptz
WHERE valueAtTimestamp(temp, t) IS NOT NULL;
 count 
-------
     0
(1 row)

SELECT COUNT(*) FROM tbl_tfloat, tbl_timestamptz
WHERE valueAtTimestamp(temp, t) IS NOT NULL;
 count 
-------
     0
(1 row)

SELECT COUNT(*) FROM tbl_ttext, tbl_timestamptz
WHERE valueAtTimestamp(temp, t) IS NOT NULL;
 count 
-------
     0
(1 row)

SELECT COUNT(*) FROM tbl_tbool, tbl_timestampset
WHERE atTimestampSet(temp, ts) IS NOT NULL;
 count 
-------
     1
(1 row)

SELECT COUNT(*) FROM tbl_tint, tbl_timestampset
WHERE atTimestampSet(temp, ts) IS NOT NULL;
 count 
-------
     1
(1 row)

SELECT COUNT(*) FROM tbl_tfloat, tbl_timestampset
WHERE atTimestampSet(temp, ts) IS NOT NULL;
 count 
-------
     0
(1 row)

SELECT COUNT(*) FROM tbl_ttext, tbl_timestampset
WHERE atTimestampSet(temp, ts) IS NOT NULL;
 count 
-------
     0
(1 row)

SELECT COUNT(*) FROM tbl_tbool, tbl_timestampset
WHERE minusTimestampSet(temp, ts) IS NOT NULL;
 count 
-------
  9504
(1 row)

SELECT COUNT(*) FROM tbl_tint, tbl_timestampset
WHERE minusTimestampSet(temp, ts) IS NOT NULL;
 count 
-------
  9504
(1 row)

SELECT COUNT(*) FROM tbl_tfloat, tbl_timestampset
WHERE minusTimestampSet(temp, ts) IS NOT NULL;
 count 
-------
  9504
(1 row)

SELECT COUNT(*) FROM tbl_ttext, tbl_timestampset
WHERE minusTimestampSet(temp, ts) IS NOT NULL;
 count 
-------
  9504
(1 row)

SELECT COUNT(*) FROM tbl_tbool, tbl_period
WHERE atPeriod(temp, p) IS NOT NULL;
 count 
-------
     0
(1 row)

SELECT COUNT(*) FROM tbl_tint, tbl_period
WHERE atPeriod(temp, p) IS NOT NULL;
 count 
-------
     4
(1 row)

SELECT COUNT(*) FROM tbl_tfloat, tbl_period
WHERE atPeriod(temp, p) IS NOT NULL;
 count 
-------
     1
(1 row)

SELECT COUNT(*) FROM tbl_ttext, tbl_period
WHERE atPeriod(temp, p) IS NOT NULL;
 count 
-------
     0
(1 row)

SELECT COUNT(*) FROM tbl_tbool, tbl_period
WHERE minusPeriod(temp, p) IS NOT NULL;
 count 
-------
  9504
(1 row)

SELECT COUNT(*) FROM tbl_tint, tbl_period
WHERE minusPeriod(temp, p) IS NOT NULL;
 count 
-------
  9504
(1 row)

SELECT COUNT(*) FROM tbl_tfloat, tbl_period
WHERE minusPeriod(temp, p) IS NOT NULL;
 count 
-------
  9504
(1 row)

SELECT COUNT(*) FROM tbl_ttext, tbl_period
WHERE minusPeriod(temp, p) IS NOT NULL;
 count 
-------
  9504
(1 row)

SELECT COUNT(*) FROM tbl_tbool, tbl_periodset
WHERE atPeriodSet(temp, ps) IS NOT NULL;
 count 
-------
     0
(1 row)

SELECT COUNT(*) FROM tbl_tint, tbl_periodset
WHERE atPeriodSet(temp, ps) IS NOT NULL;
 count 
-------
     4
(1 row)

SELECT COUNT(*) FROM tbl_tfloat, tbl_periodset
WHERE atPeriodSet(temp, ps) IS NOT NULL;
 count 
-------
     2
(1 row)

SELECT COUNT(*) FROM tbl_ttext, tbl_periodset
WHERE atPeriodSet(temp, ps) IS NOT NULL;
 count 
-------
     0
(1 row)

SELECT COUNT(*) FROM tbl_tbool, tbl_periodset
WHERE minusPeriodSet(temp, ps) IS NOT NULL;
 count 
-------
  9504
(1 row)

SELECT COUNT(*) FROM tbl_tint, tbl_periodset
WHERE minusPeriodSet(temp, ps) IS NOT NULL;
 count 
-------
  9502
(1 row)

SELECT COUNT(*) FROM tbl_tfloat, tbl_periodset
WHERE minusPeriodSet(temp, ps) IS NOT NULL;
 count 
-------
  9504
(1 row)

SELECT COUNT(*) FROM tbl_ttext, tbl_periodset
WHERE minusPeriodSet(temp, ps) IS NOT NULL;
 count 
-------
  9504
(1 row)

SELECT COUNT(*) FROM tbl_tbool, tbl_timestamptz
WHERE intersectsTimestamp(temp, t) IS NOT NULL;
 count 
-------
  9504
(1 row)

SELECT COUNT(*) FROM tbl_tint, tbl_timestamptz
WHERE intersectsTimestamp(temp, t) IS NOT NULL;
 count 
-------
  9504
(1 row)

SELECT COUNT(*) FROM tbl_tfloat, tbl_timestamptz
WHERE intersectsTimestamp(temp, t) IS NOT NULL;
 count 
-------
  9504
(1 row)

SELECT COUNT(*) FROM tbl_ttext, tbl_timestamptz
WHERE intersectsTimestamp(temp, t) IS NOT NULL;
 count 
-------
  9504
(1 row)

SELECT COUNT(*) FROM tbl_tbool, tbl_timestampset
WHERE intersectsTimestampSet(temp, ts) IS NOT NULL;
 count 
-------
  9504
(1 row)

SELECT COUNT(*) FROM tbl_tint, tbl_timestampset
WHERE intersectsTimestampSet(temp, ts) IS NOT NULL;
 count 
-------
  9504
(1 row)

SELECT COUNT(*) FROM tbl_tfloat, tbl_timestampset
WHERE intersectsTimestampSet(temp, ts) IS NOT NULL;
 count 
-------
  9504
(1 row)

SELECT COUNT(*) FROM tbl_ttext, tbl_timestampset
WHERE intersectsTimestampSet(temp, ts) IS NOT NULL;
 count 
-------
  9504
(1 row)

SELECT COUNT(*) FROM tbl_tbool, tbl_period
WHERE intersectsPeriod(temp, p) IS NOT NULL;
 count 
-------
  9504
(1 row)

SELECT COUNT(*) FROM tbl_tint, tbl_period
WHERE intersectsPeriod(temp, p) IS NOT NULL;
 count 
-------
  9504
(1 row)

SELECT COUNT(*) FROM tbl_tfloat, tbl_period
WHERE intersectsPeriod(temp, p) IS NOT NULL;
 count 
-------
  9504
(1 row)

SELECT COUNT(*) FROM tbl_ttext, tbl_period
WHERE intersectsPeriod(temp, p) IS NOT NULL;
 count 
-------
  9504
(1 row)

SELECT COUNT(*) FROM tbl_tbool, tbl_periodset
WHERE intersectsPeriodSet(temp, ps) IS NOT NULL;
 count 
-------
  9504
(1 row)

SELECT COUNT(*) FROM tbl_tint, tbl_periodset
WHERE intersectsPeriodSet(temp, ps) IS NOT NULL;
 count 
-------
  9504
(1 row)

SELECT COUNT(*) FROM tbl_tfloat, tbl_periodset 
WHERE intersectsPeriodSet(temp, ps) IS NOT NULL;
 count 
-------
  9504
(1 row)

SELECT COUNT(*) FROM tbl_ttext, tbl_periodset
WHERE intersectsPeriodSet(temp, ps) IS NOT NULL;
 count 
-------
  9504
(1 row)

SELECT sum(integral(temp)) FROM tbl_tint;
      sum      
---------------
 8155740000000
(1 row)

SELECT sum(integral(temp)) FROM tbl_tfloat;
       sum        
------------------
 10401464944413.9
(1 row)

SELECT sum(twAvg(temp)) FROM tbl_tint;
       sum        
------------------
 4949.83480918998
(1 row)

SELECT sum(twAvg(temp)) FROM tbl_tfloat;
       sum        
------------------
 5093.16648109912
(1 row)

SELECT COUNT(*) FROM tbl_tbool t1, tbl_tbool t2
WHERE t1.temp = t2.temp;
 count 
-------
   106
(1 row)

SELECT COUNT(*) FROM tbl_tbool t1, tbl_tbool t2
WHERE t1.temp <> t2.temp;
 count 
-------
  9110
(1 row)

SELECT COUNT(*) FROM tbl_tbool t1, tbl_tbool t2
WHERE t1.temp < t2.temp;
 count 
-------
  4555
(1 row)

SELECT COUNT(*) FROM tbl_tbool t1, tbl_tbool t2
WHERE t1.temp <= t2.temp;
 count 
-------
   106
(1 row)

SELECT COUNT(*) FROM tbl_tbool t1, tbl_tbool t2
WHERE t1.temp > t2.temp;
 count 
-------
  4555
(1 row)

SELECT COUNT(*) FROM tbl_tbool t1, tbl_tbool t2
WHERE t1.temp >= t2.temp;
 count 
-------
  4661
(1 row)

SELECT COUNT(*) FROM tbl_tint t1, tbl_tint t2
WHERE t1.temp = t2.temp;
 count 
-------
   104
(1 row)

SELECT COUNT(*) FROM tbl_tint t1, tbl_tint t2
WHERE t1.temp <> t2.temp;
 count 
-------
  9112
(1 row)

SELECT COUNT(*) FROM tbl_tint t1, tbl_tint t2
WHERE t1.temp < t2.temp;
 count 
-------
  4556
(1 row)

SELECT COUNT(*) FROM tbl_tint t1, tbl_tint t2
WHERE t1.temp <= t2.temp;
 count 
-------
   104
(1 row)

SELECT COUNT(*) FROM tbl_tint t1, tbl_tint t2
WHERE t1.temp > t2.temp;
 count 
-------
  4556
(1 row)

SELECT COUNT(*) FROM tbl_tint t1, tbl_tint t2
WHERE t1.temp >= t2.temp;
 count 
-------
  4660
(1 row)

SELECT COUNT(*) FROM tbl_tfloat t1, tbl_tfloat t2
WHERE t1.temp = t2.temp;
 count 
-------
   106
(1 row)

SELECT COUNT(*) FROM tbl_tfloat t1, tbl_tfloat t2
WHERE t1.temp <> t2.temp;
 count 
-------
  9110
(1 row)

SELECT COUNT(*) FROM tbl_tfloat t1, tbl_tfloat t2
WHERE t1.temp < t2.temp;
 count 
-------
  4555
(1 row)

SELECT COUNT(*) FROM tbl_tfloat t1, tbl_tfloat t2
WHERE t1.temp <= t2.temp;
 count 
-------
   106
(1 row)

SELECT COUNT(*) FROM tbl_tfloat t1, tbl_tfloat t2
WHERE t1.temp > t2.temp;
 count 
-------
  4555
(1 row)

SELECT COUNT(*) FROM tbl_tfloat t1, tbl_tfloat t2
WHERE t1.temp >= t2.temp;
 count 
-------
  4661
(1 row)

SELECT COUNT(*) FROM tbl_ttext t1, tbl_ttext t2
WHERE t1.temp = t2.temp;
 count 
-------
   108
(1 row)

SELECT COUNT(*) FROM tbl_ttext t1, tbl_ttext t2
WHERE t1.temp <> t2.temp;
 count 
-------
  9108
(1 row)

SELECT COUNT(*) FROM tbl_ttext t1, tbl_ttext t2
WHERE t1.temp < t2.temp;
 count 
-------
  4554
(1 row)

SELECT COUNT(*) FROM tbl_ttext t1, tbl_ttext t2
WHERE t1.temp <= t2.temp;
 count 
-------
   108
(1 row)

SELECT COUNT(*) FROM tbl_ttext t1, tbl_ttext t2
WHERE t1.temp > t2.temp;
 count 
-------
  4554
(1 row)

SELECT COUNT(*) FROM tbl_ttext t1, tbl_ttext t2
WHERE t1.temp >= t2.temp;
 count 
-------
  4662
(1 row)

