/*****************************************************************************
 * TemporalInst aggregate functions
 *****************************************************************************/
select numInstants(tand(inst)) from tbl_tboolinst;
 numinstants 
-------------
         100
(1 row)

select numInstants(tor(inst)) from tbl_tboolinst;
 numinstants 
-------------
         100
(1 row)

select numInstants(tcount(inst)) from tbl_tboolinst;
 numinstants 
-------------
         100
(1 row)

select numInstants(tmin(inst)) from tbl_tintinst;
 numinstants 
-------------
         100
(1 row)

select numInstants(tmax(inst)) from tbl_tintinst;
 numinstants 
-------------
         100
(1 row)

select numInstants(tcount(inst)) from tbl_tintinst;
 numinstants 
-------------
         100
(1 row)

select numInstants(tsum(inst)) from tbl_tintinst;
 numinstants 
-------------
         100
(1 row)

select numInstants(tavg(inst)) from tbl_tintinst;
 numinstants 
-------------
         100
(1 row)

select numInstants(tmin(inst)) from tbl_tfloatinst;
 numinstants 
-------------
         100
(1 row)

select numInstants(tmax(inst)) from tbl_tfloatinst;
 numinstants 
-------------
         100
(1 row)

select numInstants(tcount(inst)) from tbl_tfloatinst;
 numinstants 
-------------
         100
(1 row)

select numInstants(tsum(inst)) from tbl_tfloatinst;
 numinstants 
-------------
         100
(1 row)

select numInstants(tavg(inst)) from tbl_tfloatinst;
 numinstants 
-------------
         100
(1 row)

select numInstants(tmin(inst)) from tbl_ttextinst;
 numinstants 
-------------
         100
(1 row)

select numInstants(tmax(inst)) from tbl_ttextinst;
 numinstants 
-------------
         100
(1 row)

select numInstants(tcount(inst)) from tbl_ttextinst;
 numinstants 
-------------
         100
(1 row)

select k%10, numInstants(tand(inst)) from tbl_tboolinst group by k%10 order by k%10;
 ?column? | numinstants 
----------+-------------
        0 |          10
        1 |          10
        2 |          10
        3 |          10
        4 |          10
        5 |          10
        6 |          10
        7 |          10
        8 |          10
        9 |          10
(10 rows)

select k%10, numInstants(tor(inst)) from tbl_tboolinst group by k%10 order by k%10;
 ?column? | numinstants 
----------+-------------
        0 |          10
        1 |          10
        2 |          10
        3 |          10
        4 |          10
        5 |          10
        6 |          10
        7 |          10
        8 |          10
        9 |          10
(10 rows)

select k%10, numInstants(tcount(inst)) from tbl_tboolinst group by k%10 order by k%10;
 ?column? | numinstants 
----------+-------------
        0 |          10
        1 |          10
        2 |          10
        3 |          10
        4 |          10
        5 |          10
        6 |          10
        7 |          10
        8 |          10
        9 |          10
(10 rows)

select k%10, numInstants(tmin(inst)) from tbl_tintinst group by k%10 order by k%10;
 ?column? | numinstants 
----------+-------------
        0 |          10
        1 |          10
        2 |          10
        3 |          10
        4 |          10
        5 |          10
        6 |          10
        7 |          10
        8 |          10
        9 |          10
(10 rows)

select k%10, numInstants(tmax(inst)) from tbl_tintinst group by k%10 order by k%10;
 ?column? | numinstants 
----------+-------------
        0 |          10
        1 |          10
        2 |          10
        3 |          10
        4 |          10
        5 |          10
        6 |          10
        7 |          10
        8 |          10
        9 |          10
(10 rows)

select k%10, numInstants(tcount(inst)) from tbl_tintinst group by k%10 order by k%10;
 ?column? | numinstants 
----------+-------------
        0 |          10
        1 |          10
        2 |          10
        3 |          10
        4 |          10
        5 |          10
        6 |          10
        7 |          10
        8 |          10
        9 |          10
(10 rows)

select k%10, numInstants(tsum(inst)) from tbl_tintinst group by k%10 order by k%10;
 ?column? | numinstants 
----------+-------------
        0 |          10
        1 |          10
        2 |          10
        3 |          10
        4 |          10
        5 |          10
        6 |          10
        7 |          10
        8 |          10
        9 |          10
(10 rows)

select k%10, numInstants(tavg(inst)) from tbl_tintinst group by k%10 order by k%10;
 ?column? | numinstants 
----------+-------------
        0 |          10
        1 |          10
        2 |          10
        3 |          10
        4 |          10
        5 |          10
        6 |          10
        7 |          10
        8 |          10
        9 |          10
(10 rows)

select k%10, numInstants(tmin(inst)) from tbl_tfloatinst group by k%10 order by k%10;
 ?column? | numinstants 
----------+-------------
        0 |          10
        1 |          10
        2 |          10
        3 |          10
        4 |          10
        5 |          10
        6 |          10
        7 |          10
        8 |          10
        9 |          10
(10 rows)

select k%10, numInstants(tmax(inst)) from tbl_tfloatinst group by k%10 order by k%10;
 ?column? | numinstants 
----------+-------------
        0 |          10
        1 |          10
        2 |          10
        3 |          10
        4 |          10
        5 |          10
        6 |          10
        7 |          10
        8 |          10
        9 |          10
(10 rows)

select k%10, numInstants(tcount(inst)) from tbl_tfloatinst group by k%10 order by k%10;
 ?column? | numinstants 
----------+-------------
        0 |          10
        1 |          10
        2 |          10
        3 |          10
        4 |          10
        5 |          10
        6 |          10
        7 |          10
        8 |          10
        9 |          10
(10 rows)

select k%10, numInstants(tsum(inst)) from tbl_tfloatinst group by k%10 order by k%10;
 ?column? | numinstants 
----------+-------------
        0 |          10
        1 |          10
        2 |          10
        3 |          10
        4 |          10
        5 |          10
        6 |          10
        7 |          10
        8 |          10
        9 |          10
(10 rows)

select k%10, numInstants(tavg(inst)) from tbl_tfloatinst group by k%10 order by k%10;
 ?column? | numinstants 
----------+-------------
        0 |          10
        1 |          10
        2 |          10
        3 |          10
        4 |          10
        5 |          10
        6 |          10
        7 |          10
        8 |          10
        9 |          10
(10 rows)

select k%10, numInstants(tmin(inst)) from tbl_ttextinst group by k%10 order by k%10;
 ?column? | numinstants 
----------+-------------
        0 |          10
        1 |          10
        2 |          10
        3 |          10
        4 |          10
        5 |          10
        6 |          10
        7 |          10
        8 |          10
        9 |          10
(10 rows)

select k%10, numInstants(tmax(inst)) from tbl_ttextinst group by k%10 order by k%10;
 ?column? | numinstants 
----------+-------------
        0 |          10
        1 |          10
        2 |          10
        3 |          10
        4 |          10
        5 |          10
        6 |          10
        7 |          10
        8 |          10
        9 |          10
(10 rows)

select k%10, numInstants(tcount(inst)) from tbl_ttextinst group by k%10 order by k%10;
 ?column? | numinstants 
----------+-------------
        0 |          10
        1 |          10
        2 |          10
        3 |          10
        4 |          10
        5 |          10
        6 |          10
        7 |          10
        8 |          10
        9 |          10
(10 rows)

/*****************************************************************************
 * TemporalI aggregate functions
 *****************************************************************************/
select numInstants(tand(ti)) from tbl_tbooli;
 numinstants 
-------------
         559
(1 row)

select numInstants(tor(ti)) from tbl_tbooli;
 numinstants 
-------------
         559
(1 row)

select numInstants(tcount(ti)) from tbl_tbooli;
 numinstants 
-------------
         559
(1 row)

select numInstants(tmin(ti)) from tbl_tinti;
 numinstants 
-------------
         503
(1 row)

select numInstants(tmax(ti)) from tbl_tinti;
 numinstants 
-------------
         503
(1 row)

select numInstants(tcount(ti)) from tbl_tinti;
 numinstants 
-------------
         503
(1 row)

select numInstants(tsum(ti)) from tbl_tinti;
 numinstants 
-------------
         503
(1 row)

select numInstants(tavg(ti)) from tbl_tinti;
 numinstants 
-------------
         503
(1 row)

select numInstants(tmin(ti)) from tbl_tfloati;
 numinstants 
-------------
         577
(1 row)

select numInstants(tmax(ti)) from tbl_tfloati;
 numinstants 
-------------
         577
(1 row)

select numInstants(tcount(ti)) from tbl_tfloati;
 numinstants 
-------------
         577
(1 row)

select numInstants(tsum(ti)) from tbl_tfloati;
 numinstants 
-------------
         577
(1 row)

select numInstants(tavg(ti)) from tbl_tfloati;
 numinstants 
-------------
         577
(1 row)

select numInstants(tmin(ti)) from tbl_ttexti;
 numinstants 
-------------
         540
(1 row)

select numInstants(tmax(ti)) from tbl_ttexti;
 numinstants 
-------------
         540
(1 row)

select numInstants(tcount(ti)) from tbl_ttexti;
 numinstants 
-------------
         540
(1 row)

select k%10, numInstants(tand(ti)) from tbl_tbooli group by k%10 order by k%10;
 ?column? | numinstants 
----------+-------------
        0 |          55
        1 |          59
        2 |          53
        3 |          59
        4 |          62
        5 |          41
        6 |          57
        7 |          60
        8 |          52
        9 |          61
(10 rows)

select k%10, numInstants(tor(ti)) from tbl_tbooli group by k%10 order by k%10;
 ?column? | numinstants 
----------+-------------
        0 |          55
        1 |          59
        2 |          53
        3 |          59
        4 |          62
        5 |          41
        6 |          57
        7 |          60
        8 |          52
        9 |          61
(10 rows)

select k%10, numInstants(tcount(ti)) from tbl_tbooli group by k%10 order by k%10;
 ?column? | numinstants 
----------+-------------
        0 |          55
        1 |          59
        2 |          53
        3 |          59
        4 |          62
        5 |          41
        6 |          57
        7 |          60
        8 |          52
        9 |          61
(10 rows)

select k%10, numInstants(tmin(ti)) from tbl_tinti group by k%10 order by k%10;
 ?column? | numinstants 
----------+-------------
        0 |          44
        1 |          60
        2 |          53
        3 |          45
        4 |          32
        5 |          61
        6 |          53
        7 |          52
        8 |          62
        9 |          41
(10 rows)

select k%10, numInstants(tmax(ti)) from tbl_tinti group by k%10 order by k%10;
 ?column? | numinstants 
----------+-------------
        0 |          44
        1 |          60
        2 |          53
        3 |          45
        4 |          32
        5 |          61
        6 |          53
        7 |          52
        8 |          62
        9 |          41
(10 rows)

select k%10, numInstants(tcount(ti)) from tbl_tinti group by k%10 order by k%10;
 ?column? | numinstants 
----------+-------------
        0 |          44
        1 |          60
        2 |          53
        3 |          45
        4 |          32
        5 |          61
        6 |          53
        7 |          52
        8 |          62
        9 |          41
(10 rows)

select k%10, numInstants(tsum(ti)) from tbl_tinti group by k%10 order by k%10;
 ?column? | numinstants 
----------+-------------
        0 |          44
        1 |          60
        2 |          53
        3 |          45
        4 |          32
        5 |          61
        6 |          53
        7 |          52
        8 |          62
        9 |          41
(10 rows)

select k%10, numInstants(tavg(ti)) from tbl_tinti group by k%10 order by k%10;
 ?column? | numinstants 
----------+-------------
        0 |          44
        1 |          60
        2 |          53
        3 |          45
        4 |          32
        5 |          61
        6 |          53
        7 |          52
        8 |          62
        9 |          41
(10 rows)

select k%10, numInstants(tmin(ti)) from tbl_tfloati group by k%10 order by k%10;
 ?column? | numinstants 
----------+-------------
        0 |          73
        1 |          50
        2 |          51
        3 |          68
        4 |          56
        5 |          50
        6 |          72
        7 |          56
        8 |          52
        9 |          49
(10 rows)

select k%10, numInstants(tmax(ti)) from tbl_tfloati group by k%10 order by k%10;
 ?column? | numinstants 
----------+-------------
        0 |          73
        1 |          50
        2 |          51
        3 |          68
        4 |          56
        5 |          50
        6 |          72
        7 |          56
        8 |          52
        9 |          49
(10 rows)

select k%10, numInstants(tcount(ti)) from tbl_tfloati group by k%10 order by k%10;
 ?column? | numinstants 
----------+-------------
        0 |          73
        1 |          50
        2 |          51
        3 |          68
        4 |          56
        5 |          50
        6 |          72
        7 |          56
        8 |          52
        9 |          49
(10 rows)

select k%10, numInstants(tsum(ti)) from tbl_tfloati group by k%10 order by k%10;
 ?column? | numinstants 
----------+-------------
        0 |          73
        1 |          50
        2 |          51
        3 |          68
        4 |          56
        5 |          50
        6 |          72
        7 |          56
        8 |          52
        9 |          49
(10 rows)

select k%10, numInstants(tavg(ti)) from tbl_tfloati group by k%10 order by k%10;
 ?column? | numinstants 
----------+-------------
        0 |          73
        1 |          50
        2 |          51
        3 |          68
        4 |          56
        5 |          50
        6 |          72
        7 |          56
        8 |          52
        9 |          49
(10 rows)

select k%10, numInstants(tmin(ti)) from tbl_ttexti group by k%10 order by k%10;
 ?column? | numinstants 
----------+-------------
        0 |          54
        1 |          48
        2 |          49
        3 |          63
        4 |          45
        5 |          66
        6 |          54
        7 |          47
        8 |          61
        9 |          53
(10 rows)

select k%10, numInstants(tmax(ti)) from tbl_ttexti group by k%10 order by k%10;
 ?column? | numinstants 
----------+-------------
        0 |          54
        1 |          48
        2 |          49
        3 |          63
        4 |          45
        5 |          66
        6 |          54
        7 |          47
        8 |          61
        9 |          53
(10 rows)

select k%10, numInstants(tcount(ti)) from tbl_ttexti group by k%10 order by k%10;
 ?column? | numinstants 
----------+-------------
        0 |          54
        1 |          48
        2 |          49
        3 |          63
        4 |          45
        5 |          66
        6 |          54
        7 |          47
        8 |          61
        9 |          53
(10 rows)

/*****************************************************************************
 * TemporalSeq aggregate functions
 *****************************************************************************/
select numSequences(tand(seq)) from tbl_tboolseq;
 numsequences 
--------------
          100
(1 row)

select numSequences(tor(seq)) from tbl_tboolseq;
 numsequences 
--------------
          100
(1 row)

select numSequences(tcount(seq)) from tbl_tboolseq;
 numsequences 
--------------
          100
(1 row)

select numSequences(tmin(seq)) from tbl_tintseq;
 numsequences 
--------------
          100
(1 row)

select numSequences(tmax(seq)) from tbl_tintseq;
 numsequences 
--------------
           99
(1 row)

select numSequences(tcount(seq)) from tbl_tintseq;
 numsequences 
--------------
          100
(1 row)

select numSequences(tsum(seq)) from tbl_tintseq;
 numsequences 
--------------
          100
(1 row)

select numSequences(tavg(seq)) from tbl_tintseq;
 numsequences 
--------------
          481
(1 row)

select numSequences(tmin(seq)) from tbl_tfloatseq;
 numsequences 
--------------
          100
(1 row)

select numSequences(tmax(seq)) from tbl_tfloatseq;
 numsequences 
--------------
          100
(1 row)

select numSequences(tcount(seq)) from tbl_tfloatseq;
 numsequences 
--------------
          100
(1 row)

select numSequences(tsum(seq)) from tbl_tfloatseq;
 numsequences 
--------------
          100
(1 row)

select numSequences(tavg(seq)) from tbl_tfloatseq;
 numsequences 
--------------
          100
(1 row)

select numSequences(tmin(seq)) from tbl_ttextseq;
 numsequences 
--------------
          100
(1 row)

select numSequences(tmax(seq)) from tbl_ttextseq;
 numsequences 
--------------
          100
(1 row)

select numSequences(tcount(seq)) from tbl_ttextseq;
 numsequences 
--------------
          100
(1 row)

select k%10, numSequences(tand(seq)) from tbl_tboolseq group by k%10 order by k%10;
 ?column? | numsequences 
----------+--------------
        0 |           10
        1 |           10
        2 |           10
        3 |           10
        4 |           10
        5 |           10
        6 |           10
        7 |           10
        8 |           10
        9 |           10
(10 rows)

select k%10, numSequences(tor(seq)) from tbl_tboolseq group by k%10 order by k%10;
 ?column? | numsequences 
----------+--------------
        0 |           10
        1 |           10
        2 |           10
        3 |           10
        4 |           10
        5 |           10
        6 |           10
        7 |           10
        8 |           10
        9 |           10
(10 rows)

select k%10, numSequences(tcount(seq)) from tbl_tboolseq group by k%10 order by k%10;
 ?column? | numsequences 
----------+--------------
        0 |           10
        1 |           10
        2 |           10
        3 |           10
        4 |           10
        5 |           10
        6 |           10
        7 |           10
        8 |           10
        9 |           10
(10 rows)

select k%10, numSequences(tmin(seq)) from tbl_tintseq group by k%10 order by k%10;
 ?column? | numsequences 
----------+--------------
        0 |           10
        1 |           10
        2 |           10
        3 |           10
        4 |           10
        5 |           10
        6 |           10
        7 |           10
        8 |           10
        9 |           10
(10 rows)

select k%10, numSequences(tmax(seq)) from tbl_tintseq group by k%10 order by k%10;
 ?column? | numsequences 
----------+--------------
        0 |           10
        1 |           10
        2 |           10
        3 |           10
        4 |           10
        5 |           10
        6 |           10
        7 |           10
        8 |           10
        9 |           10
(10 rows)

select k%10, numSequences(tcount(seq)) from tbl_tintseq group by k%10 order by k%10;
 ?column? | numsequences 
----------+--------------
        0 |           10
        1 |           10
        2 |           10
        3 |           10
        4 |           10
        5 |           10
        6 |           10
        7 |           10
        8 |           10
        9 |           10
(10 rows)

select k%10, numSequences(tsum(seq)) from tbl_tintseq group by k%10 order by k%10;
 ?column? | numsequences 
----------+--------------
        0 |           10
        1 |           10
        2 |           10
        3 |           10
        4 |           10
        5 |           10
        6 |           10
        7 |           10
        8 |           10
        9 |           10
(10 rows)

select k%10, numSequences(tavg(seq)) from tbl_tintseq group by k%10 order by k%10;
 ?column? | numsequences 
----------+--------------
        0 |           57
        1 |           56
        2 |           48
        3 |           47
        4 |           37
        5 |           49
        6 |           49
        7 |           54
        8 |           47
        9 |           38
(10 rows)

select k%10, numSequences(tmin(seq)) from tbl_tfloatseq group by k%10 order by k%10;
 ?column? | numsequences 
----------+--------------
        0 |           10
        1 |           10
        2 |           10
        3 |           10
        4 |           10
        5 |           10
        6 |           10
        7 |           10
        8 |           10
        9 |           10
(10 rows)

select k%10, numSequences(tmax(seq)) from tbl_tfloatseq group by k%10 order by k%10;
 ?column? | numsequences 
----------+--------------
        0 |           10
        1 |           10
        2 |           10
        3 |           10
        4 |           10
        5 |           10
        6 |           10
        7 |           10
        8 |           10
        9 |           10
(10 rows)

select k%10, numSequences(tcount(seq)) from tbl_tfloatseq group by k%10 order by k%10;
 ?column? | numsequences 
----------+--------------
        0 |           10
        1 |           10
        2 |           10
        3 |           10
        4 |           10
        5 |           10
        6 |           10
        7 |           10
        8 |           10
        9 |           10
(10 rows)

select k%10, numSequences(tsum(seq)) from tbl_tfloatseq group by k%10 order by k%10;
 ?column? | numsequences 
----------+--------------
        0 |           10
        1 |           10
        2 |           10
        3 |           10
        4 |           10
        5 |           10
        6 |           10
        7 |           10
        8 |           10
        9 |           10
(10 rows)

select k%10, numSequences(tavg(seq)) from tbl_tfloatseq group by k%10 order by k%10;
 ?column? | numsequences 
----------+--------------
        0 |           10
        1 |           10
        2 |           10
        3 |           10
        4 |           10
        5 |           10
        6 |           10
        7 |           10
        8 |           10
        9 |           10
(10 rows)

select k%10, numSequences(tmin(seq)) from tbl_ttextseq group by k%10 order by k%10;
 ?column? | numsequences 
----------+--------------
        0 |           10
        1 |           10
        2 |           10
        3 |           10
        4 |           10
        5 |           10
        6 |           10
        7 |           10
        8 |           10
        9 |           10
(10 rows)

select k%10, numSequences(tmax(seq)) from tbl_ttextseq group by k%10 order by k%10;
 ?column? | numsequences 
----------+--------------
        0 |           10
        1 |           10
        2 |           10
        3 |           10
        4 |           10
        5 |           10
        6 |           10
        7 |           10
        8 |           10
        9 |           10
(10 rows)

select k%10, numSequences(tcount(seq)) from tbl_ttextseq group by k%10 order by k%10;
 ?column? | numsequences 
----------+--------------
        0 |           10
        1 |           10
        2 |           10
        3 |           10
        4 |           10
        5 |           10
        6 |           10
        7 |           10
        8 |           10
        9 |           10
(10 rows)

/*****************************************************************************
 * TemporalS aggregate functions
 *****************************************************************************/
select numSequences(tand(ts)) from tbl_tbools;
 numsequences 
--------------
          562
(1 row)

select numSequences(tor(ts)) from tbl_tbools;
 numsequences 
--------------
          563
(1 row)

select numSequences(tcount(ts)) from tbl_tbools;
 numsequences 
--------------
          567
(1 row)

select numSequences(tmin(ts)) from tbl_tints;
 numsequences 
--------------
          606
(1 row)

select numSequences(tmax(ts)) from tbl_tints;
 numsequences 
--------------
          608
(1 row)

select numSequences(tcount(ts)) from tbl_tints;
 numsequences 
--------------
          611
(1 row)

select numSequences(tsum(ts)) from tbl_tints;
 numsequences 
--------------
          611
(1 row)

select numSequences(tavg(ts)) from tbl_tints;
 numsequences 
--------------
          610
(1 row)

select numSequences(tmin(ts)) from tbl_tfloats;
 numsequences 
--------------
          594
(1 row)

select numSequences(tmax(ts)) from tbl_tfloats;
 numsequences 
--------------
          581
(1 row)

select numSequences(tcount(ts)) from tbl_tfloats;
 numsequences 
--------------
          587
(1 row)

select numSequences(tsum(ts)) from tbl_tfloats;
 numsequences 
--------------
          600
(1 row)

select numSequences(tavg(ts)) from tbl_tfloats;
 numsequences 
--------------
          600
(1 row)

select numSequences(tmin(ts)) from tbl_ttexts;
 numsequences 
--------------
          576
(1 row)

select numSequences(tmax(ts)) from tbl_ttexts;
 numsequences 
--------------
          578
(1 row)

select numSequences(tcount(ts)) from tbl_ttexts;
 numsequences 
--------------
          580
(1 row)

select k%10, numSequences(tand(ts)) from tbl_tbools group by k%10 order by k%10;
 ?column? | numsequences 
----------+--------------
        0 |           64
        1 |           51
        2 |           57
        3 |           46
        4 |           64
        5 |           50
        6 |           70
        7 |           47
        8 |           56
        9 |           61
(10 rows)

select k%10, numSequences(tor(ts)) from tbl_tbools group by k%10 order by k%10;
 ?column? | numsequences 
----------+--------------
        0 |           64
        1 |           51
        2 |           57
        3 |           46
        4 |           64
        5 |           50
        6 |           70
        7 |           47
        8 |           56
        9 |           61
(10 rows)

select k%10, numSequences(tcount(ts)) from tbl_tbools group by k%10 order by k%10;
 ?column? | numsequences 
----------+--------------
        0 |           64
        1 |           51
        2 |           57
        3 |           46
        4 |           64
        5 |           50
        6 |           70
        7 |           47
        8 |           56
        9 |           61
(10 rows)

select k%10, numSequences(tmin(ts)) from tbl_tints group by k%10 order by k%10;
 ?column? | numsequences 
----------+--------------
        0 |           64
        1 |           54
        2 |           72
        3 |           66
        4 |           74
        5 |           53
        6 |           45
        7 |           41
        8 |           59
        9 |           83
(10 rows)

select k%10, numSequences(tmax(ts)) from tbl_tints group by k%10 order by k%10;
 ?column? | numsequences 
----------+--------------
        0 |           64
        1 |           54
        2 |           72
        3 |           66
        4 |           74
        5 |           53
        6 |           45
        7 |           41
        8 |           59
        9 |           83
(10 rows)

select k%10, numSequences(tcount(ts)) from tbl_tints group by k%10 order by k%10;
 ?column? | numsequences 
----------+--------------
        0 |           64
        1 |           54
        2 |           72
        3 |           66
        4 |           74
        5 |           53
        6 |           45
        7 |           41
        8 |           59
        9 |           83
(10 rows)

select k%10, numSequences(tsum(ts)) from tbl_tints group by k%10 order by k%10;
 ?column? | numsequences 
----------+--------------
        0 |           64
        1 |           54
        2 |           72
        3 |           66
        4 |           74
        5 |           53
        6 |           45
        7 |           41
        8 |           59
        9 |           83
(10 rows)

select k%10, numSequences(tavg(ts)) from tbl_tints group by k%10 order by k%10;
 ?column? | numsequences 
----------+--------------
        0 |           63
        1 |           54
        2 |           72
        3 |           66
        4 |           74
        5 |           53
        6 |           45
        7 |           41
        8 |           59
        9 |           83
(10 rows)

select k%10, numSequences(tmin(ts)) from tbl_tfloats group by k%10 order by k%10;
 ?column? | numsequences 
----------+--------------
        0 |           57
        1 |           41
        2 |           66
        3 |           64
        4 |           66
        5 |           67
        6 |           52
        7 |           61
        8 |           69
        9 |           49
(10 rows)

select k%10, numSequences(tmax(ts)) from tbl_tfloats group by k%10 order by k%10;
 ?column? | numsequences 
----------+--------------
        0 |           57
        1 |           41
        2 |           66
        3 |           56
        4 |           66
        5 |           67
        6 |           52
        7 |           61
        8 |           69
        9 |           49
(10 rows)

select k%10, numSequences(tcount(ts)) from tbl_tfloats group by k%10 order by k%10;
 ?column? | numsequences 
----------+--------------
        0 |           57
        1 |           41
        2 |           66
        3 |           59
        4 |           66
        5 |           67
        6 |           52
        7 |           61
        8 |           69
        9 |           49
(10 rows)

select k%10, numSequences(tsum(ts)) from tbl_tfloats group by k%10 order by k%10;
 ?column? | numsequences 
----------+--------------
        0 |           57
        1 |           41
        2 |           66
        3 |           65
        4 |           66
        5 |           67
        6 |           52
        7 |           61
        8 |           69
        9 |           49
(10 rows)

select k%10, numSequences(tavg(ts)) from tbl_tfloats group by k%10 order by k%10;
 ?column? | numsequences 
----------+--------------
        0 |           57
        1 |           41
        2 |           66
        3 |           65
        4 |           66
        5 |           67
        6 |           52
        7 |           61
        8 |           69
        9 |           49
(10 rows)

select k%10, numSequences(tmin(ts)) from tbl_ttexts group by k%10 order by k%10;
 ?column? | numsequences 
----------+--------------
        0 |           56
        1 |           59
        2 |           47
        3 |           68
        4 |           70
        5 |           63
        6 |           53
        7 |           56
        8 |           53
        9 |           58
(10 rows)

select k%10, numSequences(tmax(ts)) from tbl_ttexts group by k%10 order by k%10;
 ?column? | numsequences 
----------+--------------
        0 |           56
        1 |           59
        2 |           47
        3 |           68
        4 |           70
        5 |           63
        6 |           53
        7 |           56
        8 |           53
        9 |           58
(10 rows)

select k%10, numSequences(tcount(ts)) from tbl_ttexts group by k%10 order by k%10;
 ?column? | numsequences 
----------+--------------
        0 |           56
        1 |           59
        2 |           47
        3 |           68
        4 |           70
        5 |           63
        6 |           53
        7 |           56
        8 |           53
        9 |           59
(10 rows)

/*****************************************************************************/
