set parallel_tuple_cost=0;
SET
set parallel_setup_cost=0;
SET
set force_parallel_mode=regress;
SET
select extent(inst) from tbl_tboolinst;
                      extent                      
--------------------------------------------------
 [2001-01-01 00:30:00+00, 2001-12-24 13:41:00+00]
(1 row)

select extent(inst) from tbl_ttextinst;
                      extent                      
--------------------------------------------------
 [2001-01-03 11:45:00+00, 2001-12-30 18:54:00+00]
(1 row)

select extent(inst) from tbl_tintinst;
                            extent                            
--------------------------------------------------------------
 TBOX((5,2001-01-12 23:34:00+00),(97,2001-12-27 07:03:00+00))
(1 row)

select extent(inst) from tbl_tfloatinst;
                                   extent                                    
-----------------------------------------------------------------------------
 TBOX((3.6493356,2001-01-08 00:47:00+00),(99.511055,2001-12-27 08:54:00+00))
(1 row)

select extent(ti) from tbl_tbooli;
                      extent                      
--------------------------------------------------
 [2001-01-01 11:25:00+00, 2001-12-29 11:56:00+00]
(1 row)

select extent(ti) from tbl_ttexti;
                      extent                      
--------------------------------------------------
 [2001-01-05 07:52:00+00, 2001-12-30 13:11:00+00]
(1 row)

select extent(ti) from tbl_tinti;
                            extent                            
--------------------------------------------------------------
 TBOX((1,2001-01-01 00:34:00+00),(99,2001-12-30 14:46:00+00))
(1 row)

select extent(ti) from tbl_tfloati;
                                   extent                                    
-----------------------------------------------------------------------------
 TBOX((1.2496102,2001-01-05 08:30:00+00),(99.966431,2001-12-22 15:00:00+00))
(1 row)

select extent(seq) from tbl_tboolseq;
                      extent                      
--------------------------------------------------
 [2001-01-04 09:35:00+00, 2001-12-28 11:39:00+00]
(1 row)

select extent(seq) from tbl_ttextseq;
                      extent                      
--------------------------------------------------
 (2001-01-01 13:49:00+00, 2001-12-29 06:51:00+00]
(1 row)

select extent(seq) from tbl_tintseq;
                            extent                            
--------------------------------------------------------------
 TBOX((1,2001-01-07 09:24:00+00),(99,2001-12-29 20:09:00+00))
(1 row)

select extent(seq) from tbl_tfloatseq;
                                   extent                                    
-----------------------------------------------------------------------------
 TBOX((1.5823619,2001-01-01 22:27:00+00),(99.917602,2001-12-30 11:15:00+00))
(1 row)

select extent(ts) from tbl_tbools;
                      extent                      
--------------------------------------------------
 (2001-01-13 04:54:00+00, 2001-12-23 12:41:00+00)
(1 row)

select extent(ts) from tbl_ttexts;
                      extent                      
--------------------------------------------------
 [2001-01-05 12:16:00+00, 2001-12-24 12:01:00+00)
(1 row)

select extent(ts) from tbl_tints;
                            extent                            
--------------------------------------------------------------
 TBOX((1,2001-01-01 08:20:00+00),(99,2001-12-25 23:26:00+00))
(1 row)

select extent(ts) from tbl_tfloats;
                                   extent                                    
-----------------------------------------------------------------------------
 TBOX((1.0292635,2001-01-02 18:42:00+00),(99.938934,2001-12-29 03:07:00+00))
(1 row)

select extent(temp) from tbl_tbool;
                      extent                      
--------------------------------------------------
 [2001-01-17 16:00:00+00, 2001-12-21 00:03:00+00]
(1 row)

select extent(temp) from tbl_ttext;
                      extent                      
--------------------------------------------------
 (2001-01-01 13:49:00+00, 2001-12-03 07:20:00+00]
(1 row)

select extent(temp) from tbl_tint;
                            extent                            
--------------------------------------------------------------
 TBOX((1,2001-01-01 08:20:00+00),(99,2001-12-27 07:03:00+00))
(1 row)

select extent(temp) from tbl_tfloat;
                                   extent                                    
-----------------------------------------------------------------------------
 TBOX((1.0292635,2001-01-02 18:42:00+00),(99.917602,2001-12-22 08:07:00+00))
(1 row)

select numInstants(tand(inst)) from tbl_tboolinst;
 numinstants 
-------------
          97
(1 row)

select numInstants(tor(inst)) from tbl_tboolinst;
 numinstants 
-------------
          97
(1 row)

select numInstants(tcount(inst)) from tbl_tboolinst;
 numinstants 
-------------
          97
(1 row)

select numInstants(tmin(inst)) from tbl_tintinst;
 numinstants 
-------------
          97
(1 row)

select numInstants(tmax(inst)) from tbl_tintinst;
 numinstants 
-------------
          97
(1 row)

select numInstants(tcount(inst)) from tbl_tintinst;
 numinstants 
-------------
          97
(1 row)

select numInstants(tsum(inst)) from tbl_tintinst;
 numinstants 
-------------
          97
(1 row)

select numInstants(tavg(inst)) from tbl_tintinst;
 numinstants 
-------------
          97
(1 row)

select numInstants(tmin(inst)) from tbl_tfloatinst;
 numinstants 
-------------
          97
(1 row)

select numInstants(tmax(inst)) from tbl_tfloatinst;
 numinstants 
-------------
          97
(1 row)

select numInstants(tcount(inst)) from tbl_tfloatinst;
 numinstants 
-------------
          97
(1 row)

select numInstants(tsum(inst)) from tbl_tfloatinst;
 numinstants 
-------------
          97
(1 row)

select numInstants(tavg(inst)) from tbl_tfloatinst;
 numinstants 
-------------
          97
(1 row)

select numInstants(tmin(inst)) from tbl_ttextinst;
 numinstants 
-------------
          97
(1 row)

select numInstants(tmax(inst)) from tbl_ttextinst;
 numinstants 
-------------
          97
(1 row)

select numInstants(tcount(inst)) from tbl_ttextinst;
 numinstants 
-------------
          97
(1 row)

select k%10, numInstants(tand(inst)) from tbl_tboolinst group by k%10 order by k%10;
 ?column? | numinstants 
----------+-------------
        0 |          10
        1 |           9
        2 |          10
        3 |          10
        4 |          10
        5 |          10
        6 |          10
        7 |          10
        8 |          10
        9 |          10
(10 rows)

select k%10, numInstants(tor(inst)) from tbl_tboolinst group by k%10 order by k%10;
 ?column? | numinstants 
----------+-------------
        0 |          10
        1 |           9
        2 |          10
        3 |          10
        4 |          10
        5 |          10
        6 |          10
        7 |          10
        8 |          10
        9 |          10
(10 rows)

select k%10, numInstants(tcount(inst)) from tbl_tboolinst group by k%10 order by k%10;
 ?column? | numinstants 
----------+-------------
        0 |          10
        1 |           9
        2 |          10
        3 |          10
        4 |          10
        5 |          10
        6 |          10
        7 |          10
        8 |          10
        9 |          10
(10 rows)

select k%10, numInstants(tmin(inst)) from tbl_tintinst group by k%10 order by k%10;
 ?column? | numinstants 
----------+-------------
        0 |          10
        1 |           9
        2 |          10
        3 |          10
        4 |          10
        5 |          10
        6 |          10
        7 |          10
        8 |          10
        9 |          10
(10 rows)

select k%10, numInstants(tmax(inst)) from tbl_tintinst group by k%10 order by k%10;
 ?column? | numinstants 
----------+-------------
        0 |          10
        1 |           9
        2 |          10
        3 |          10
        4 |          10
        5 |          10
        6 |          10
        7 |          10
        8 |          10
        9 |          10
(10 rows)

select k%10, numInstants(tcount(inst)) from tbl_tintinst group by k%10 order by k%10;
 ?column? | numinstants 
----------+-------------
        0 |          10
        1 |           9
        2 |          10
        3 |          10
        4 |          10
        5 |          10
        6 |          10
        7 |          10
        8 |          10
        9 |          10
(10 rows)

select k%10, numInstants(tsum(inst)) from tbl_tintinst group by k%10 order by k%10;
 ?column? | numinstants 
----------+-------------
        0 |          10
        1 |           9
        2 |          10
        3 |          10
        4 |          10
        5 |          10
        6 |          10
        7 |          10
        8 |          10
        9 |          10
(10 rows)

select k%10, numInstants(tavg(inst)) from tbl_tintinst group by k%10 order by k%10;
 ?column? | numinstants 
----------+-------------
        0 |          10
        1 |           9
        2 |          10
        3 |          10
        4 |          10
        5 |          10
        6 |          10
        7 |          10
        8 |          10
        9 |          10
(10 rows)

select k%10, numInstants(tmin(inst)) from tbl_tfloatinst group by k%10 order by k%10;
 ?column? | numinstants 
----------+-------------
        0 |          10
        1 |           9
        2 |          10
        3 |          10
        4 |          10
        5 |          10
        6 |          10
        7 |          10
        8 |          10
        9 |          10
(10 rows)

select k%10, numInstants(tmax(inst)) from tbl_tfloatinst group by k%10 order by k%10;
 ?column? | numinstants 
----------+-------------
        0 |          10
        1 |           9
        2 |          10
        3 |          10
        4 |          10
        5 |          10
        6 |          10
        7 |          10
        8 |          10
        9 |          10
(10 rows)

select k%10, numInstants(tcount(inst)) from tbl_tfloatinst group by k%10 order by k%10;
 ?column? | numinstants 
----------+-------------
        0 |          10
        1 |           9
        2 |          10
        3 |          10
        4 |          10
        5 |          10
        6 |          10
        7 |          10
        8 |          10
        9 |          10
(10 rows)

select k%10, numInstants(tsum(inst)) from tbl_tfloatinst group by k%10 order by k%10;
 ?column? | numinstants 
----------+-------------
        0 |          10
        1 |           9
        2 |          10
        3 |          10
        4 |          10
        5 |          10
        6 |          10
        7 |          10
        8 |          10
        9 |          10
(10 rows)

select k%10, numInstants(tavg(inst)) from tbl_tfloatinst group by k%10 order by k%10;
 ?column? | numinstants 
----------+-------------
        0 |          10
        1 |           9
        2 |          10
        3 |          10
        4 |          10
        5 |          10
        6 |          10
        7 |          10
        8 |          10
        9 |          10
(10 rows)

select k%10, numInstants(tmin(inst)) from tbl_ttextinst group by k%10 order by k%10;
 ?column? | numinstants 
----------+-------------
        0 |          10
        1 |           9
        2 |          10
        3 |          10
        4 |          10
        5 |          10
        6 |          10
        7 |          10
        8 |          10
        9 |          10
(10 rows)

select k%10, numInstants(tmax(inst)) from tbl_ttextinst group by k%10 order by k%10;
 ?column? | numinstants 
----------+-------------
        0 |          10
        1 |           9
        2 |          10
        3 |          10
        4 |          10
        5 |          10
        6 |          10
        7 |          10
        8 |          10
        9 |          10
(10 rows)

select k%10, numInstants(tcount(inst)) from tbl_ttextinst group by k%10 order by k%10;
 ?column? | numinstants 
----------+-------------
        0 |          10
        1 |           9
        2 |          10
        3 |          10
        4 |          10
        5 |          10
        6 |          10
        7 |          10
        8 |          10
        9 |          10
(10 rows)

select numInstants(tand(ti)) from tbl_tbooli;
 numinstants 
-------------
         475
(1 row)

select numInstants(tor(ti)) from tbl_tbooli;
 numinstants 
-------------
         475
(1 row)

select numInstants(tcount(ti)) from tbl_tbooli;
 numinstants 
-------------
         475
(1 row)

select numInstants(tmin(ti)) from tbl_tinti;
 numinstants 
-------------
         466
(1 row)

select numInstants(tmax(ti)) from tbl_tinti;
 numinstants 
-------------
         466
(1 row)

select numInstants(tcount(ti)) from tbl_tinti;
 numinstants 
-------------
         466
(1 row)

select numInstants(tsum(ti)) from tbl_tinti;
 numinstants 
-------------
         466
(1 row)

select numInstants(tavg(ti)) from tbl_tinti;
 numinstants 
-------------
         466
(1 row)

select numInstants(tmin(ti)) from tbl_tfloati;
 numinstants 
-------------
         503
(1 row)

select numInstants(tmax(ti)) from tbl_tfloati;
 numinstants 
-------------
         503
(1 row)

select numInstants(tcount(ti)) from tbl_tfloati;
 numinstants 
-------------
         503
(1 row)

select numInstants(tsum(ti)) from tbl_tfloati;
 numinstants 
-------------
         503
(1 row)

select numInstants(tavg(ti)) from tbl_tfloati;
 numinstants 
-------------
         503
(1 row)

select numInstants(tmin(ti)) from tbl_ttexti;
 numinstants 
-------------
         457
(1 row)

select numInstants(tmax(ti)) from tbl_ttexti;
 numinstants 
-------------
         457
(1 row)

select numInstants(tcount(ti)) from tbl_ttexti;
 numinstants 
-------------
         457
(1 row)

select k%10, numInstants(tand(ti)) from tbl_tbooli group by k%10 order by k%10;
 ?column? | numinstants 
----------+-------------
        0 |          60
        1 |          48
        2 |          36
        3 |          60
        4 |          39
        5 |          41
        6 |          57
        7 |          50
        8 |          57
        9 |          40
(10 rows)

select k%10, numInstants(tor(ti)) from tbl_tbooli group by k%10 order by k%10;
 ?column? | numinstants 
----------+-------------
        0 |          60
        1 |          48
        2 |          36
        3 |          60
        4 |          39
        5 |          41
        6 |          57
        7 |          50
        8 |          57
        9 |          40
(10 rows)

select k%10, numInstants(tcount(ti)) from tbl_tbooli group by k%10 order by k%10;
 ?column? | numinstants 
----------+-------------
        0 |          60
        1 |          48
        2 |          36
        3 |          60
        4 |          39
        5 |          41
        6 |          57
        7 |          50
        8 |          57
        9 |          40
(10 rows)

select k%10, numInstants(tmin(ti)) from tbl_tinti group by k%10 order by k%10;
 ?column? | numinstants 
----------+-------------
        0 |          51
        1 |          55
        2 |          58
        3 |          31
        4 |          51
        5 |          34
        6 |          61
        7 |          43
        8 |          41
        9 |          51
(10 rows)

select k%10, numInstants(tmax(ti)) from tbl_tinti group by k%10 order by k%10;
 ?column? | numinstants 
----------+-------------
        0 |          51
        1 |          55
        2 |          58
        3 |          31
        4 |          51
        5 |          34
        6 |          61
        7 |          43
        8 |          41
        9 |          51
(10 rows)

select k%10, numInstants(tcount(ti)) from tbl_tinti group by k%10 order by k%10;
 ?column? | numinstants 
----------+-------------
        0 |          51
        1 |          55
        2 |          58
        3 |          31
        4 |          51
        5 |          34
        6 |          61
        7 |          43
        8 |          41
        9 |          51
(10 rows)

select k%10, numInstants(tsum(ti)) from tbl_tinti group by k%10 order by k%10;
 ?column? | numinstants 
----------+-------------
        0 |          51
        1 |          55
        2 |          58
        3 |          31
        4 |          51
        5 |          34
        6 |          61
        7 |          43
        8 |          41
        9 |          51
(10 rows)

select k%10, numInstants(tavg(ti)) from tbl_tinti group by k%10 order by k%10;
 ?column? | numinstants 
----------+-------------
        0 |          51
        1 |          55
        2 |          58
        3 |          31
        4 |          51
        5 |          34
        6 |          61
        7 |          43
        8 |          41
        9 |          51
(10 rows)

select k%10, numInstants(tmin(ti)) from tbl_tfloati group by k%10 order by k%10;
 ?column? | numinstants 
----------+-------------
        0 |          46
        1 |          62
        2 |          61
        3 |          35
        4 |          64
        5 |          53
        6 |          53
        7 |          36
        8 |          43
        9 |          61
(10 rows)

select k%10, numInstants(tmax(ti)) from tbl_tfloati group by k%10 order by k%10;
 ?column? | numinstants 
----------+-------------
        0 |          46
        1 |          62
        2 |          61
        3 |          35
        4 |          64
        5 |          53
        6 |          53
        7 |          36
        8 |          43
        9 |          61
(10 rows)

select k%10, numInstants(tcount(ti)) from tbl_tfloati group by k%10 order by k%10;
 ?column? | numinstants 
----------+-------------
        0 |          46
        1 |          62
        2 |          61
        3 |          35
        4 |          64
        5 |          53
        6 |          53
        7 |          36
        8 |          43
        9 |          61
(10 rows)

select k%10, numInstants(tsum(ti)) from tbl_tfloati group by k%10 order by k%10;
 ?column? | numinstants 
----------+-------------
        0 |          46
        1 |          62
        2 |          61
        3 |          35
        4 |          64
        5 |          53
        6 |          53
        7 |          36
        8 |          43
        9 |          61
(10 rows)

select k%10, numInstants(tavg(ti)) from tbl_tfloati group by k%10 order by k%10;
 ?column? | numinstants 
----------+-------------
        0 |          46
        1 |          62
        2 |          61
        3 |          35
        4 |          64
        5 |          53
        6 |          53
        7 |          36
        8 |          43
        9 |          61
(10 rows)

select k%10, numInstants(tmin(ti)) from tbl_ttexti group by k%10 order by k%10;
 ?column? | numinstants 
----------+-------------
        0 |          38
        1 |          40
        2 |          46
        3 |          47
        4 |          52
        5 |          50
        6 |          40
        7 |          50
        8 |          57
        9 |          47
(10 rows)

select k%10, numInstants(tmax(ti)) from tbl_ttexti group by k%10 order by k%10;
 ?column? | numinstants 
----------+-------------
        0 |          38
        1 |          40
        2 |          46
        3 |          47
        4 |          52
        5 |          50
        6 |          40
        7 |          50
        8 |          57
        9 |          47
(10 rows)

select k%10, numInstants(tcount(ti)) from tbl_ttexti group by k%10 order by k%10;
 ?column? | numinstants 
----------+-------------
        0 |          38
        1 |          40
        2 |          46
        3 |          47
        4 |          52
        5 |          50
        6 |          40
        7 |          50
        8 |          57
        9 |          47
(10 rows)

select numSequences(tand(seq)) from tbl_tboolseq;
 numsequences 
--------------
           95
(1 row)

select numSequences(tor(seq)) from tbl_tboolseq;
 numsequences 
--------------
           96
(1 row)

select numSequences(tcount(seq)) from tbl_tboolseq;
 numsequences 
--------------
           98
(1 row)

select numSequences(tmin(seq)) from tbl_tintseq;
 numsequences 
--------------
           97
(1 row)

select numSequences(tmax(seq)) from tbl_tintseq;
 numsequences 
--------------
           96
(1 row)

select numSequences(tcount(seq)) from tbl_tintseq;
 numsequences 
--------------
           97
(1 row)

select numSequences(tsum(seq)) from tbl_tintseq;
 numsequences 
--------------
           97
(1 row)

select numSequences(tavg(seq)) from tbl_tintseq;
 numsequences 
--------------
           97
(1 row)

select numSequences(tmin(seq)) from tbl_tfloatseq;
 numsequences 
--------------
           98
(1 row)

select numSequences(tmax(seq)) from tbl_tfloatseq;
 numsequences 
--------------
           96
(1 row)

select numSequences(tcount(seq)) from tbl_tfloatseq;
 numsequences 
--------------
           98
(1 row)

select numSequences(tsum(seq)) from tbl_tfloatseq;
 numsequences 
--------------
           99
(1 row)

select numSequences(tavg(seq)) from tbl_tfloatseq;
 numsequences 
--------------
           99
(1 row)

select numSequences(tmin(seq)) from tbl_ttextseq;
 numsequences 
--------------
           95
(1 row)

select numSequences(tmax(seq)) from tbl_ttextseq;
 numsequences 
--------------
           95
(1 row)

select numSequences(tcount(seq)) from tbl_ttextseq;
 numsequences 
--------------
           95
(1 row)

select k%10, numSequences(tand(seq)) from tbl_tboolseq group by k%10 order by k%10;
 ?column? | numsequences 
----------+--------------
        0 |           10
        1 |            9
        2 |           10
        3 |           10
        4 |           10
        5 |           10
        6 |           10
        7 |           10
        8 |           10
        9 |           10
(10 rows)

select k%10, numSequences(tor(seq)) from tbl_tboolseq group by k%10 order by k%10;
 ?column? | numsequences 
----------+--------------
        0 |           10
        1 |            9
        2 |           10
        3 |           10
        4 |           10
        5 |           10
        6 |           10
        7 |           10
        8 |           10
        9 |           10
(10 rows)

select k%10, numSequences(tcount(seq)) from tbl_tboolseq group by k%10 order by k%10;
 ?column? | numsequences 
----------+--------------
        0 |           10
        1 |            9
        2 |           10
        3 |           10
        4 |           10
        5 |           10
        6 |           10
        7 |           10
        8 |           10
        9 |           10
(10 rows)

select k%10, numSequences(tmin(seq)) from tbl_tintseq group by k%10 order by k%10;
 ?column? | numsequences 
----------+--------------
        0 |           10
        1 |            9
        2 |           10
        3 |           10
        4 |           10
        5 |           10
        6 |           10
        7 |           10
        8 |           10
        9 |           10
(10 rows)

select k%10, numSequences(tmax(seq)) from tbl_tintseq group by k%10 order by k%10;
 ?column? | numsequences 
----------+--------------
        0 |           10
        1 |            9
        2 |           10
        3 |           10
        4 |           10
        5 |           10
        6 |           10
        7 |           10
        8 |           10
        9 |           10
(10 rows)

select k%10, numSequences(tcount(seq)) from tbl_tintseq group by k%10 order by k%10;
 ?column? | numsequences 
----------+--------------
        0 |           10
        1 |            9
        2 |           10
        3 |           10
        4 |           10
        5 |           10
        6 |           10
        7 |           10
        8 |           10
        9 |           10
(10 rows)

select k%10, numSequences(tsum(seq)) from tbl_tintseq group by k%10 order by k%10;
 ?column? | numsequences 
----------+--------------
        0 |           10
        1 |            9
        2 |           10
        3 |           10
        4 |           10
        5 |           10
        6 |           10
        7 |           10
        8 |           10
        9 |           10
(10 rows)

select k%10, numSequences(tavg(seq)) from tbl_tintseq group by k%10 order by k%10;
 ?column? | numsequences 
----------+--------------
        0 |           10
        1 |            9
        2 |           10
        3 |           10
        4 |           10
        5 |           10
        6 |           10
        7 |           10
        8 |           10
        9 |           10
(10 rows)

select k%10, numSequences(tmin(seq)) from tbl_tfloatseq group by k%10 order by k%10;
 ?column? | numsequences 
----------+--------------
        0 |           10
        1 |            9
        2 |           10
        3 |           10
        4 |           10
        5 |           10
        6 |           10
        7 |           10
        8 |           10
        9 |           10
(10 rows)

select k%10, numSequences(tmax(seq)) from tbl_tfloatseq group by k%10 order by k%10;
 ?column? | numsequences 
----------+--------------
        0 |           10
        1 |            9
        2 |           10
        3 |           10
        4 |           10
        5 |           10
        6 |           10
        7 |           10
        8 |           10
        9 |           10
(10 rows)

select k%10, numSequences(tcount(seq)) from tbl_tfloatseq group by k%10 order by k%10;
 ?column? | numsequences 
----------+--------------
        0 |           10
        1 |            9
        2 |           10
        3 |           10
        4 |           10
        5 |           10
        6 |           10
        7 |           10
        8 |           10
        9 |           10
(10 rows)

select k%10, numSequences(tsum(seq)) from tbl_tfloatseq group by k%10 order by k%10;
 ?column? | numsequences 
----------+--------------
        0 |           10
        1 |            9
        2 |           10
        3 |           10
        4 |           10
        5 |           10
        6 |           10
        7 |           10
        8 |           10
        9 |           10
(10 rows)

select k%10, numSequences(tavg(seq)) from tbl_tfloatseq group by k%10 order by k%10;
 ?column? | numsequences 
----------+--------------
        0 |           10
        1 |            9
        2 |           10
        3 |           10
        4 |           10
        5 |           10
        6 |           10
        7 |           10
        8 |           10
        9 |           10
(10 rows)

select k%10, numSequences(tmin(seq)) from tbl_ttextseq group by k%10 order by k%10;
 ?column? | numsequences 
----------+--------------
        0 |           10
        1 |            9
        2 |           10
        3 |           10
        4 |           10
        5 |           10
        6 |           10
        7 |           10
        8 |           10
        9 |           10
(10 rows)

select k%10, numSequences(tmax(seq)) from tbl_ttextseq group by k%10 order by k%10;
 ?column? | numsequences 
----------+--------------
        0 |           10
        1 |            9
        2 |           10
        3 |           10
        4 |           10
        5 |           10
        6 |           10
        7 |           10
        8 |           10
        9 |           10
(10 rows)

select k%10, numSequences(tcount(seq)) from tbl_ttextseq group by k%10 order by k%10;
 ?column? | numsequences 
----------+--------------
        0 |           10
        1 |            9
        2 |           10
        3 |           10
        4 |           10
        5 |           10
        6 |           10
        7 |           10
        8 |           10
        9 |           10
(10 rows)

select numSequences(tand(ts)) from tbl_tbools;
 numsequences 
--------------
          486
(1 row)

select numSequences(tor(ts)) from tbl_tbools;
 numsequences 
--------------
          482
(1 row)

select numSequences(tcount(ts)) from tbl_tbools;
 numsequences 
--------------
          499
(1 row)

select numSequences(tmin(ts)) from tbl_tints;
 numsequences 
--------------
          451
(1 row)

select numSequences(tmax(ts)) from tbl_tints;
 numsequences 
--------------
          446
(1 row)

select numSequences(tcount(ts)) from tbl_tints;
 numsequences 
--------------
          453
(1 row)

select numSequences(tsum(ts)) from tbl_tints;
 numsequences 
--------------
          453
(1 row)

select numSequences(tavg(ts)) from tbl_tints;
 numsequences 
--------------
          453
(1 row)

select numSequences(tmin(ts)) from tbl_tfloats;
 numsequences 
--------------
          488
(1 row)

select numSequences(tmax(ts)) from tbl_tfloats;
 numsequences 
--------------
          498
(1 row)

select numSequences(tcount(ts)) from tbl_tfloats;
 numsequences 
--------------
          495
(1 row)

select numSequences(tsum(ts)) from tbl_tfloats;
 numsequences 
--------------
          522
(1 row)

select numSequences(tavg(ts)) from tbl_tfloats;
 numsequences 
--------------
          522
(1 row)

select numSequences(tmin(ts)) from tbl_ttexts;
 numsequences 
--------------
          464
(1 row)

select numSequences(tmax(ts)) from tbl_ttexts;
 numsequences 
--------------
          461
(1 row)

select numSequences(tcount(ts)) from tbl_ttexts;
 numsequences 
--------------
          479
(1 row)

select k%10, numSequences(tand(ts)) from tbl_tbools group by k%10 order by k%10;
 ?column? | numsequences 
----------+--------------
        0 |           49
        1 |           48
        2 |           51
        3 |           58
        4 |           51
        5 |           57
        6 |           55
        7 |           55
        8 |           56
        9 |           35
(10 rows)

select k%10, numSequences(tor(ts)) from tbl_tbools group by k%10 order by k%10;
 ?column? | numsequences 
----------+--------------
        0 |           49
        1 |           48
        2 |           51
        3 |           58
        4 |           51
        5 |           57
        6 |           55
        7 |           55
        8 |           56
        9 |           35
(10 rows)

select k%10, numSequences(tcount(ts)) from tbl_tbools group by k%10 order by k%10;
 ?column? | numsequences 
----------+--------------
        0 |           49
        1 |           48
        2 |           51
        3 |           58
        4 |           51
        5 |           57
        6 |           55
        7 |           55
        8 |           56
        9 |           35
(10 rows)

select k%10, numSequences(tmin(ts)) from tbl_tints group by k%10 order by k%10;
 ?column? | numsequences 
----------+--------------
        0 |           45
        1 |           47
        2 |           36
        3 |           51
        4 |           40
        5 |           45
        6 |           57
        7 |           43
        8 |           51
        9 |           43
(10 rows)

select k%10, numSequences(tmax(ts)) from tbl_tints group by k%10 order by k%10;
 ?column? | numsequences 
----------+--------------
        0 |           45
        1 |           47
        2 |           36
        3 |           51
        4 |           40
        5 |           45
        6 |           57
        7 |           43
        8 |           51
        9 |           43
(10 rows)

select k%10, numSequences(tcount(ts)) from tbl_tints group by k%10 order by k%10;
 ?column? | numsequences 
----------+--------------
        0 |           45
        1 |           47
        2 |           36
        3 |           51
        4 |           40
        5 |           45
        6 |           57
        7 |           43
        8 |           51
        9 |           43
(10 rows)

select k%10, numSequences(tsum(ts)) from tbl_tints group by k%10 order by k%10;
 ?column? | numsequences 
----------+--------------
        0 |           45
        1 |           47
        2 |           36
        3 |           51
        4 |           40
        5 |           45
        6 |           57
        7 |           43
        8 |           51
        9 |           43
(10 rows)

select k%10, numSequences(tavg(ts)) from tbl_tints group by k%10 order by k%10;
 ?column? | numsequences 
----------+--------------
        0 |           45
        1 |           47
        2 |           36
        3 |           51
        4 |           40
        5 |           45
        6 |           57
        7 |           43
        8 |           51
        9 |           43
(10 rows)

select k%10, numSequences(tmin(ts)) from tbl_tfloats group by k%10 order by k%10;
 ?column? | numsequences 
----------+--------------
        0 |           45
        1 |           43
        2 |           49
        3 |           57
        4 |           38
        5 |           57
        6 |           54
        7 |           50
        8 |           49
        9 |           62
(10 rows)

select k%10, numSequences(tmax(ts)) from tbl_tfloats group by k%10 order by k%10;
 ?column? | numsequences 
----------+--------------
        0 |           45
        1 |           43
        2 |           49
        3 |           57
        4 |           44
        5 |           57
        6 |           54
        7 |           50
        8 |           49
        9 |           62
(10 rows)

select k%10, numSequences(tcount(ts)) from tbl_tfloats group by k%10 order by k%10;
 ?column? | numsequences 
----------+--------------
        0 |           45
        1 |           43
        2 |           49
        3 |           57
        4 |           42
        5 |           57
        6 |           54
        7 |           50
        8 |           49
        9 |           62
(10 rows)

select k%10, numSequences(tsum(ts)) from tbl_tfloats group by k%10 order by k%10;
 ?column? | numsequences 
----------+--------------
        0 |           45
        1 |           43
        2 |           49
        3 |           57
        4 |           46
        5 |           57
        6 |           54
        7 |           50
        8 |           49
        9 |           62
(10 rows)

select k%10, numSequences(tavg(ts)) from tbl_tfloats group by k%10 order by k%10;
 ?column? | numsequences 
----------+--------------
        0 |           45
        1 |           43
        2 |           49
        3 |           57
        4 |           46
        5 |           57
        6 |           54
        7 |           50
        8 |           49
        9 |           62
(10 rows)

select k%10, numSequences(tmin(ts)) from tbl_ttexts group by k%10 order by k%10;
 ?column? | numsequences 
----------+--------------
        0 |           43
        1 |           62
        2 |           30
        3 |           63
        4 |           57
        5 |           33
        6 |           37
        7 |           49
        8 |           61
        9 |           56
(10 rows)

select k%10, numSequences(tmax(ts)) from tbl_ttexts group by k%10 order by k%10;
 ?column? | numsequences 
----------+--------------
        0 |           43
        1 |           62
        2 |           30
        3 |           63
        4 |           57
        5 |           33
        6 |           37
        7 |           49
        8 |           61
        9 |           56
(10 rows)

select k%10, numSequences(tcount(ts)) from tbl_ttexts group by k%10 order by k%10;
 ?column? | numsequences 
----------+--------------
        0 |           43
        1 |           62
        2 |           30
        3 |           63
        4 |           57
        5 |           33
        6 |           37
        7 |           49
        8 |           61
        9 |           56
(10 rows)

set parallel_tuple_cost=100;
SET
set parallel_setup_cost=100;
SET
set force_parallel_mode=off;
SET
