/*****************************************************************************
 * TemporalInst
 *****************************************************************************/
select numSequences(wmin(inst, interval '5 minutes'))
from tbl_tintinst;
 numsequences 
--------------
           97
(1 row)

select numSequences(wmax(inst, interval '5 minutes'))
from tbl_tintinst;
 numsequences 
--------------
           97
(1 row)

select numSequences(wsum(inst, interval '5 minutes'))
from tbl_tintinst;
 numsequences 
--------------
           97
(1 row)

select numSequences(wcount(inst, interval '5 minutes'))
from tbl_tintinst;
 numsequences 
--------------
           97
(1 row)

select numSequences(wavg(inst, interval '5 minutes'))
from tbl_tintinst;
 numsequences 
--------------
           97
(1 row)

/*****************************************************************************/
select numSequences(wmin(inst, interval '5 minutes'))
from tbl_tfloatinst;
 numsequences 
--------------
           97
(1 row)

select numSequences(wmax(inst, interval '5 minutes'))
from tbl_tfloatinst;
 numsequences 
--------------
           97
(1 row)

select numSequences(wsum(inst, interval '5 minutes'))
from tbl_tfloatinst;
 numsequences 
--------------
           97
(1 row)

select numSequences(wcount(inst, interval '5 minutes'))
from tbl_tfloatinst;
 numsequences 
--------------
           97
(1 row)

select numSequences(wavg(inst, interval '5 minutes'))
from tbl_tfloatinst;
 numsequences 
--------------
           97
(1 row)

/*****************************************************************************
 * TemporalI
 *****************************************************************************/
select numSequences(wmin(ti, interval '5 minutes'))
from tbl_tinti;
 numsequences 
--------------
          352
(1 row)

select numSequences(wmax(ti, interval '5 minutes'))
from tbl_tinti;
 numsequences 
--------------
          355
(1 row)

select numSequences(wsum(ti, interval '5 minutes'))
from tbl_tinti;
 numsequences 
--------------
          466
(1 row)

select numSequences(wcount(ti, interval '5 minutes'))
from tbl_tinti;
 numsequences 
--------------
          466
(1 row)

select numSequences(wavg(ti, interval '5 minutes'))
from tbl_tinti;
 numsequences 
--------------
          680
(1 row)

/*****************************************************************************/
select numSequences(wmin(ti, interval '5 minutes'))
from tbl_tfloati;
 numsequences 
--------------
          486
(1 row)

select numSequences(wmax(ti, interval '5 minutes'))
from tbl_tfloati;
 numsequences 
--------------
          490
(1 row)

select numSequences(wsum(ti, interval '5 minutes'))
from tbl_tfloati;
 numsequences 
--------------
          753
(1 row)

select numSequences(wcount(ti, interval '5 minutes'))
from tbl_tfloati;
 numsequences 
--------------
          503
(1 row)

select numSequences(wavg(ti, interval '5 minutes'))
from tbl_tfloati;
 numsequences 
--------------
          753
(1 row)

/*****************************************************************************
 * TemporalSeq
 *****************************************************************************/
select numSequences(wmin(seq, interval '5 minutes'))
from tbl_tintseq;
 numsequences 
--------------
           95
(1 row)

select numSequences(wmax(seq, interval '5 minutes'))
from tbl_tintseq;
 numsequences 
--------------
           96
(1 row)

select numSequences(wsum(seq, interval '5 minutes'))
from tbl_tintseq;
 numsequences 
--------------
           97
(1 row)

select numSequences(wcount(seq, interval '5 minutes'))
from tbl_tintseq;
 numsequences 
--------------
           97
(1 row)

select numSequences(wavg(seq, interval '5 minutes'))
from tbl_tintseq;
 numsequences 
--------------
          650
(1 row)

/*****************************************************************************/
select numSequences(wmin(seq, interval '5 minutes'))
from tbl_tfloatseq;
 numsequences 
--------------
          117
(1 row)

select numSequences(wmax(seq, interval '5 minutes'))
from tbl_tfloatseq;
 numsequences 
--------------
          119
(1 row)

select numSequences(wcount(seq, interval '5 minutes'))
from tbl_tfloatseq;
 numsequences 
--------------
           98
(1 row)

/*****************************************************************************
 * TemporalS
 *****************************************************************************/
select numSequences(wmin(ts, interval '5 minutes'))
from tbl_tints;
 numsequences 
--------------
          427
(1 row)

select numSequences(wmax(ts, interval '5 minutes'))
from tbl_tints;
 numsequences 
--------------
          424
(1 row)

select numSequences(wsum(ts, interval '5 minutes'))
from tbl_tints;
 numsequences 
--------------
          451
(1 row)

select numSequences(wcount(ts, interval '5 minutes'))
from tbl_tints;
 numsequences 
--------------
          447
(1 row)

select numSequences(wavg(ts, interval '5 minutes'))
from tbl_tints;
 numsequences 
--------------
         3130
(1 row)

/*****************************************************************************/
select numSequences(wmin(ts, interval '5 minutes'))
from tbl_tfloats;
 numsequences 
--------------
          646
(1 row)

select numSequences(wmax(ts, interval '5 minutes'))
from tbl_tfloats;
 numsequences 
--------------
          628
(1 row)

select numSequences(wcount(ts, interval '5 minutes'))
from tbl_tfloats;
 numsequences 
--------------
          475
(1 row)

/*****************************************************************************/
