/*****************************************************************************
 * TemporalInst
 *****************************************************************************/
select numSequences(wmin(inst, interval '5 minutes'))
from tbl_tintinst;
 numsequences 
--------------
          100
(1 row)

select numSequences(wmax(inst, interval '5 minutes'))
from tbl_tintinst;
 numsequences 
--------------
          100
(1 row)

select numSequences(wsum(inst, interval '5 minutes'))
from tbl_tintinst;
 numsequences 
--------------
          100
(1 row)

select numSequences(wcount(inst, interval '5 minutes'))
from tbl_tintinst;
 numsequences 
--------------
          100
(1 row)

select numSequences(wavg(inst, interval '5 minutes'))
from tbl_tintinst;
 numsequences 
--------------
          100
(1 row)

/*****************************************************************************/
select numSequences(wmin(inst, interval '5 minutes'))
from tbl_tfloatinst;
 numsequences 
--------------
          100
(1 row)

select numSequences(wmax(inst, interval '5 minutes'))
from tbl_tfloatinst;
 numsequences 
--------------
          100
(1 row)

select numSequences(wsum(inst, interval '5 minutes'))
from tbl_tfloatinst;
 numsequences 
--------------
          100
(1 row)

select numSequences(wcount(inst, interval '5 minutes'))
from tbl_tfloatinst;
 numsequences 
--------------
          100
(1 row)

select numSequences(wavg(inst, interval '5 minutes'))
from tbl_tfloatinst;
 numsequences 
--------------
          100
(1 row)

/*****************************************************************************
 * TemporalI
 *****************************************************************************/
select numSequences(wmin(ti, interval '5 minutes'))
from tbl_tinti;
 numsequences 
--------------
          387
(1 row)

select numSequences(wmax(ti, interval '5 minutes'))
from tbl_tinti;
 numsequences 
--------------
          411
(1 row)

select numSequences(wsum(ti, interval '5 minutes'))
from tbl_tinti;
 numsequences 
--------------
          503
(1 row)

select numSequences(wcount(ti, interval '5 minutes'))
from tbl_tinti;
 numsequences 
--------------
          503
(1 row)

select numSequences(wavg(ti, interval '5 minutes'))
from tbl_tinti;
 numsequences 
--------------
          697
(1 row)

/*****************************************************************************/
select numSequences(wmin(ti, interval '5 minutes'))
from tbl_tfloati;
 numsequences 
--------------
          568
(1 row)

select numSequences(wmax(ti, interval '5 minutes'))
from tbl_tfloati;
 numsequences 
--------------
          563
(1 row)

select numSequences(wsum(ti, interval '5 minutes'))
from tbl_tfloati;
 numsequences 
--------------
          819
(1 row)

select numSequences(wcount(ti, interval '5 minutes'))
from tbl_tfloati;
 numsequences 
--------------
          577
(1 row)

select numSequences(wavg(ti, interval '5 minutes'))
from tbl_tfloati;
 numsequences 
--------------
          819
(1 row)

/*****************************************************************************
 * TemporalSeq
 *****************************************************************************/
select numSequences(wmin(seq, interval '5 minutes'))
from tbl_tintseq;
 numsequences 
--------------
          100
(1 row)

select numSequences(wmax(seq, interval '5 minutes'))
from tbl_tintseq;
 numsequences 
--------------
           99
(1 row)

select numSequences(wsum(seq, interval '5 minutes'))
from tbl_tintseq;
 numsequences 
--------------
          100
(1 row)

select numSequences(wcount(seq, interval '5 minutes'))
from tbl_tintseq;
 numsequences 
--------------
          100
(1 row)

select numSequences(wavg(seq, interval '5 minutes'))
from tbl_tintseq;
 numsequences 
--------------
          751
(1 row)

/*****************************************************************************/
select numSequences(wmin(seq, interval '5 minutes'))
from tbl_tfloatseq;
 numsequences 
--------------
          133
(1 row)

select numSequences(wmax(seq, interval '5 minutes'))
from tbl_tfloatseq;
 numsequences 
--------------
          143
(1 row)

select numSequences(wcount(seq, interval '5 minutes'))
from tbl_tfloatseq;
 numsequences 
--------------
          100
(1 row)

/*****************************************************************************
 * TemporalS
 *****************************************************************************/
select numSequences(wmin(ts, interval '5 minutes'))
from tbl_tints;
 numsequences 
--------------
          587
(1 row)

select numSequences(wmax(ts, interval '5 minutes'))
from tbl_tints;
 numsequences 
--------------
          585
(1 row)

select numSequences(wsum(ts, interval '5 minutes'))
from tbl_tints;
 numsequences 
--------------
          614
(1 row)

select numSequences(wcount(ts, interval '5 minutes'))
from tbl_tints;
 numsequences 
--------------
          610
(1 row)

select numSequences(wavg(ts, interval '5 minutes'))
from tbl_tints;
 numsequences 
--------------
         4835
(1 row)

/*****************************************************************************/
select numSequences(wmin(ts, interval '5 minutes'))
from tbl_tfloats;
 numsequences 
--------------
          752
(1 row)

select numSequences(wmax(ts, interval '5 minutes'))
from tbl_tfloats;
 numsequences 
--------------
          750
(1 row)

select numSequences(wcount(ts, interval '5 minutes'))
from tbl_tfloats;
 numsequences 
--------------
          574
(1 row)

/*****************************************************************************/
